<html>
<body>
<pre>
<h1>µVision Build Log</h1>
<h2>Tool Versions:</h2>
IDE-Version: ¦ÌVision V5.38.0.0
Copyright (C) 2022 ARM Ltd and ARM Germany GmbH. All rights reserved.
License Information: 1 1, 1, LIC=LSNXV-PTBC3-63XMB-2S8EU-2QW6A-GB0DA
 
Tool Versions:
Toolchain:       MDK-ARM Plus  Version: 5.38.0.0
Toolchain Path:  D:\Softwares\KEIL\Core\ARM\ARMCC\Bin
C Compiler:      Armcc.exe V5.06 update 7 (build 960)
Assembler:       Armasm.exe V5.06 update 7 (build 960)
Linker/Locator:  ArmLink.exe V5.06 update 7 (build 960)
Library Manager: ArmAr.exe V5.06 update 7 (build 960)
Hex Converter:   FromElf.exe V5.06 update 7 (build 960)
CPU DLL:         SARMCM3.DLL V5.38.0.0
Dialog DLL:      DARMCM1.DLL V1.19.6.0
Target DLL:      Segger\JL2CM3.dll V2.99.42.0
Dialog DLL:      TARMCM1.DLL V1.14.6.0
 
<h2>Project:</h2>
c:\Users\27892\Desktop\HC32L19x_HAL_Project\MDK-ARM\HC32L19X.uvprojx
Project File Date:  05/09/2026

<h2>Output:</h2>
*** Using Compiler 'V5.06 update 7 (build 960)', folder: 'D:\Softwares\KEIL\Core\ARM\ARMCC\Bin'
Build target 'HC32L19X_BASE'
compiling bsp_oled_handler.c...
compiling bsp_oled_text.c...
compiling lv_font_cn_16.c...
compiling lvgl_font_port.c...
compiling lv_font_cn_14.c...
linking...
Program Size: Code=24344 RO-data=10040 RW-data=180 ZI-data=25300  
FromELF: creating hex file...
".\output\release\HC32L19X.axf" - 0 Error(s), 0 Warning(s).

<h2>Software Packages used:</h2>

Package Vendor: ARM
                http://www.keil.com/pack/ARM.CMSIS.5.9.0.pack
                ARM.CMSIS.5.9.0
                CMSIS (Common Microcontroller Software Interface Standard)
   * Component: CORE Version: 5.6.0

Package Vendor: HDSC
                https://raw.githubusercontent.com/hdscmcu/pack/master/HDSC.HC32L19x.1.1.0.pack
                HDSC.HC32L19x.1.1.0
                HC32L19x ARM Cortex-M0+ Device Family Pack

<h2>Collection of Component include folders:</h2>
  ./RTE/_HC32L19X_BASE
  D:/Softwares/KEIL/Pack/ARM/CMSIS/5.9.0/CMSIS/Core/Include
  D:/Softwares/KEIL/Pack/HDSC/HC32L19x/1.1.0/Device/Include

<h2>Collection of Component Files used:</h2>

   * Component: ARM::CMSIS:CORE:5.6.0
Build Time Elapsed:  00:00:01
</pre>
</body>
</html>
