Component: ARM Compiler 5.06 update 7 (build 960) Tool: armlink [4d3601]

==============================================================================

Image Symbol Table

    Local Symbols

    Symbol Name                              Value     Ov Type        Size  Object(Section)

    RESET                                    0x00000000   Section      192  startup_hc32l19x.o(RESET)
    ../clib/microlib/division.c              0x00000000   Number         0  uldiv.o ABSOLUTE
    ../clib/microlib/division.c              0x00000000   Number         0  idiv.o ABSOLUTE
    ../clib/microlib/division.c              0x00000000   Number         0  uidiv.o ABSOLUTE
    ../clib/microlib/init/entry.s            0x00000000   Number         0  entry11a.o ABSOLUTE
    ../clib/microlib/init/entry.s            0x00000000   Number         0  entry10b.o ABSOLUTE
    ../clib/microlib/init/entry.s            0x00000000   Number         0  entry11b.o ABSOLUTE
    ../clib/microlib/init/entry.s            0x00000000   Number         0  entry12a.o ABSOLUTE
    ../clib/microlib/init/entry.s            0x00000000   Number         0  entry12b.o ABSOLUTE
    ../clib/microlib/init/entry.s            0x00000000   Number         0  entry9a.o ABSOLUTE
    ../clib/microlib/init/entry.s            0x00000000   Number         0  entry7b.o ABSOLUTE
    ../clib/microlib/init/entry.s            0x00000000   Number         0  entry8b.o ABSOLUTE
    ../clib/microlib/init/entry.s            0x00000000   Number         0  entry8a.o ABSOLUTE
    ../clib/microlib/init/entry.s            0x00000000   Number         0  entry2.o ABSOLUTE
    ../clib/microlib/init/entry.s            0x00000000   Number         0  entry5.o ABSOLUTE
    ../clib/microlib/init/entry.s            0x00000000   Number         0  entry7a.o ABSOLUTE
    ../clib/microlib/init/entry.s            0x00000000   Number         0  entry.o ABSOLUTE
    ../clib/microlib/init/entry.s            0x00000000   Number         0  entry9b.o ABSOLUTE
    ../clib/microlib/init/entry.s            0x00000000   Number         0  entry10a.o ABSOLUTE
    ../clib/microlib/longlong.c              0x00000000   Number         0  llushr.o ABSOLUTE
    ../clib/microlib/longlong.c              0x00000000   Number         0  llshl.o ABSOLUTE
    ../clib/microlib/longlong.c              0x00000000   Number         0  llsshr.o ABSOLUTE
    ../clib/microlib/printf/printf.c         0x00000000   Number         0  printfb.o ABSOLUTE
    ../clib/microlib/printf/printf.c         0x00000000   Number         0  printf0.o ABSOLUTE
    ../clib/microlib/printf/printf.c         0x00000000   Number         0  printf1.o ABSOLUTE
    ../clib/microlib/printf/printf.c         0x00000000   Number         0  printf7.o ABSOLUTE
    ../clib/microlib/printf/printf.c         0x00000000   Number         0  printf2.o ABSOLUTE
    ../clib/microlib/printf/printf.c         0x00000000   Number         0  printf3.o ABSOLUTE
    ../clib/microlib/printf/printf.c         0x00000000   Number         0  printf4.o ABSOLUTE
    ../clib/microlib/printf/printf.c         0x00000000   Number         0  printf6.o ABSOLUTE
    ../clib/microlib/printf/printf.c         0x00000000   Number         0  printf5.o ABSOLUTE
    ../clib/microlib/printf/printf.c         0x00000000   Number         0  printf8.o ABSOLUTE
    ../clib/microlib/printf/printf.c         0x00000000   Number         0  printfa.o ABSOLUTE
    ../clib/microlib/printf/stubs.s          0x00000000   Number         0  stubs.o ABSOLUTE
    ../clib/microlib/stdio/fputc.c           0x00000000   Number         0  fputc.o ABSOLUTE
    ../clib/microlib/stdio/semi.s            0x00000000   Number         0  semi.o ABSOLUTE
    ../clib/microlib/stdio/streams.c         0x00000000   Number         0  stdout.o ABSOLUTE
    ../clib/microlib/string/memchr.c         0x00000000   Number         0  memchr.o ABSOLUTE
    ../clib/microlib/string/memcpy.c         0x00000000   Number         0  memcpyb.o ABSOLUTE
    ../clib/microlib/string/memcpy.c         0x00000000   Number         0  memcpya.o ABSOLUTE
    ../clib/microlib/string/memset.c         0x00000000   Number         0  memseta.o ABSOLUTE
    ../clib/microlib/string/memset.c         0x00000000   Number         0  memset.o ABSOLUTE
    ../clib/microlib/string/strcpy.c         0x00000000   Number         0  strcpy.o ABSOLUTE
    ../clib/microlib/string/strlen.c         0x00000000   Number         0  strlen.o ABSOLUTE
    ../clib/microlib/string/strncmp.c        0x00000000   Number         0  strncmp.o ABSOLUTE
    ../clib/microlib/string/strncpy.c        0x00000000   Number         0  strncpy.o ABSOLUTE
    ../clib/microlib/string/strstr.c         0x00000000   Number         0  strstr.o ABSOLUTE
    ../clib/microlib/stubs.s                 0x00000000   Number         0  iusefp.o ABSOLUTE
    ../clib/microlib/stubs.s                 0x00000000   Number         0  iusesemip.o ABSOLUTE
[...]
    bsp_display_port_get_handler             0x000024b5   Thumb Code    32  bsp_display_port.o(i.bsp_display_port_get_handler)
    i.bsp_display_port_init                  0x000024d4   Section        0  bsp_display_port.o(i.bsp_display_port_init)
    i.bsp_display_port_init_impl             0x000026bc   Section        0  bsp_display_port.o(i.bsp_display_port_init_impl)
    bsp_display_port_init_impl               0x000026bd   Thumb Code   134  bsp_display_port.o(i.bsp_display_port_init_impl)
    i.bsp_display_port_refresh_impl          0x000027d0   Section        0  bsp_display_port.o(i.bsp_display_port_refresh_impl)
    bsp_display_port_refresh_impl            0x000027d1   Thumb Code   112  bsp_display_port.o(i.bsp_display_port_refresh_impl)
    i.bsp_display_port_reset                 0x000028d0   Section        0  bsp_display_port.o(i.bsp_display_port_reset)
    bsp_display_port_reset                   0x000028d1   Thumb Code    28  bsp_display_port.o(i.bsp_display_port_reset)
    i.bsp_display_port_spi_send              0x000028ec   Section        0  bsp_display_port.o(i.bsp_display_port_spi_send)
    bsp_display_port_spi_send                0x000028ed   Thumb Code   106  bsp_display_port.o(i.bsp_display_port_spi_send)
    i.bsp_display_port_status_from_handler   0x0000295c   Section        0  bsp_display_port.o(i.bsp_display_port_status_from_handler)
    bsp_display_port_status_from_handler     0x0000295d   Thumb Code     2  bsp_display_port.o(i.bsp_display_port_status_from_handler)
    i.bsp_display_port_write_cmd             0x0000295e   Section        0  bsp_display_port.o(i.bsp_display_port_write_cmd)
    bsp_display_port_write_cmd               0x0000295f   Thumb Code    24  bsp_display_port.o(i.bsp_display_port_write_cmd)
    i.bsp_display_port_write_data            0x00002976   Section        0  bsp_display_port.o(i.bsp_display_port_write_data)
    bsp_display_port_write_data              0x00002977   Thumb Code    24  bsp_display_port.o(i.bsp_display_port_write_data)
    i.bsp_display_wrapper_check_idx          0x0000298e   Section        0  bsp_display_wrapper.o(i.bsp_display_wrapper_check_idx)
    bsp_display_wrapper_check_idx            0x0000298f   Thumb Code    14  bsp_display_wrapper.o(i.bsp_display_wrapper_check_idx)
    i.bsp_display_wrapper_fill               0x0000299c   Section        0  bsp_display_wrapper.o(i.bsp_display_wrapper_fill)
    i.bsp_display_wrapper_get_current_dev    0x00002a88   Section        0  bsp_display_wrapper.o(i.bsp_display_wrapper_get_current_dev)
    bsp_display_wrapper_get_current_dev      0x00002a89   Thumb Code    40  bsp_display_wrapper.o(i.bsp_display_wrapper_get_current_dev)
    i.bsp_display_wrapper_get_dev            0x00002ab8   Section        0  bsp_display_wrapper.o(i.bsp_display_wrapper_get_dev)
    i.bsp_display_wrapper_refresh            0x00002ac0   Section        0  bsp_display_wrapper.o(i.bsp_display_wrapper_refresh)
    i.bsp_display_wrapper_reg                0x00002bb0   Section        0  bsp_display_wrapper.o(i.bsp_display_wrapper_reg)
    i.bsp_oled_driver_check                  0x00002bec   Section        0  bsp_oled_driver.o(i.bsp_oled_driver_check)
    bsp_oled_driver_check                    0x00002bed   Thumb Code    48  bsp_oled_driver.o(i.bsp_oled_driver_check)
    i.bsp_oled_driver_clear_impl             0x00002c1c   Section        0  bsp_oled_driver.o(i.bsp_oled_driver_clear_impl)
    bsp_oled_driver_clear_impl               0x00002c1d   Thumb Code    70  bsp_oled_driver.o(i.bsp_oled_driver_clear_impl)
    i.bsp_oled_driver_deinit_impl            0x00002cb8   Section        0  bsp_oled_driver.o(i.bsp_oled_driver_deinit_impl)
    bsp_oled_driver_deinit_impl              0x00002cb9   Thumb Code    54  bsp_oled_driver.o(i.bsp_oled_driver_deinit_impl)
    i.bsp_oled_driver_draw_pixel_impl        0x00002d48   Section        0  bsp_oled_driver.o(i.bsp_oled_driver_draw_pixel_impl)
    bsp_oled_driver_draw_pixel_impl          0x00002d49   Thumb Code   158  bsp_oled_driver.o(i.bsp_oled_driver_draw_pixel_impl)
    i.bsp_oled_driver_fill_impl              0x00002e74   Section        0  bsp_oled_driver.o(i.bsp_oled_driver_fill_impl)
    bsp_oled_driver_fill_impl                0x00002e75   Thumb Code    80  bsp_oled_driver.o(i.bsp_oled_driver_fill_impl)
    i.bsp_oled_driver_get_buffer_impl        0x00002f18   Section        0  bsp_oled_driver.o(i.bsp_oled_driver_get_buffer_impl)
    bsp_oled_driver_get_buffer_impl          0x00002f19   Thumb Code    98  bsp_oled_driver.o(i.bsp_oled_driver_get_buffer_impl)
    i.bsp_oled_driver_init_impl              0x0000300c   Section        0  bsp_oled_driver.o(i.bsp_oled_driver_init_impl)
    bsp_oled_driver_init_impl                0x0000300d   Thumb Code   404  bsp_oled_driver.o(i.bsp_oled_driver_init_impl)
    i.bsp_oled_driver_init_sequence          0x000032d4   Section        0  bsp_oled_driver.o(i.bsp_oled_driver_init_sequence)
    bsp_oled_driver_init_sequence            0x000032d5   Thumb Code    16  bsp_oled_driver.o(i.bsp_oled_driver_init_sequence)
    i.bsp_oled_driver_inst                   0x000032e8   Section        0  bsp_oled_driver.o(i.bsp_oled_driver_inst)
    i.bsp_oled_driver_memset                 0x000034f0   Section        0  bsp_oled_driver.o(i.bsp_oled_driver_memset)
    bsp_oled_driver_memset                   0x000034f1   Thumb Code    22  bsp_oled_driver.o(i.bsp_oled_driver_memset)
    i.bsp_oled_driver_refresh_impl           0x00003508   Section        0  bsp_oled_driver.o(i.bsp_oled_driver_refresh_impl)
    bsp_oled_driver_refresh_impl             0x00003509   Thumb Code   256  bsp_oled_driver.o(i.bsp_oled_driver_refresh_impl)
    i.bsp_oled_driver_write_cmd              0x00003720   Section        0  bsp_oled_driver.o(i.bsp_oled_driver_write_cmd)
    bsp_oled_driver_write_cmd                0x00003721   Thumb Code    16  bsp_oled_driver.o(i.bsp_oled_driver_write_cmd)
    i.bsp_oled_handler_check                 0x00003730   Section        0  bsp_oled_handler.o(i.bsp_oled_handler_check)
    bsp_oled_handler_check                   0x00003731   Thumb Code    34  bsp_oled_handler.o(i.bsp_oled_handler_check)
    i.bsp_oled_handler_check_ready           0x00003754   Section        0  bsp_oled_handler.o(i.bsp_oled_handler_check_ready)
    bsp_oled_handler_check_ready             0x00003755   Thumb Code   116  bsp_oled_handler.o(i.bsp_oled_handler_check_ready)
    i.bsp_oled_handler_clear_impl            0x0000387c   Section        0  bsp_oled_handler.o(i.bsp_oled_handler_clear_impl)
    bsp_oled_handler_clear_impl              0x0000387d   Thumb Code    52  bsp_oled_handler.o(i.bsp_oled_handler_clear_impl)
    i.bsp_oled_handler_deinit_impl           0x000038b0   Section        0  bsp_oled_handler.o(i.bsp_oled_handler_deinit_impl)
    bsp_oled_handler_deinit_impl             0x000038b1   Thumb Code    74  bsp_oled_handler.o(i.bsp_oled_handler_deinit_impl)
    i.bsp_oled_handler_draw_pixel_impl       0x000038fa   Section        0  bsp_oled_handler.o(i.bsp_oled_handler_draw_pixel_impl)
    bsp_oled_handler_draw_pixel_impl         0x000038fb   Thumb Code    66  bsp_oled_handler.o(i.bsp_oled_handler_draw_pixel_impl)
    i.bsp_oled_handler_draw_text_impl        0x0000393c   Section        0  bsp_oled_handler.o(i.bsp_oled_handler_draw_text_impl)
    bsp_oled_handler_draw_text_impl          0x0000393d   Thumb Code   110  bsp_oled_handler.o(i.bsp_oled_handler_draw_text_impl)
    i.bsp_oled_handler_fill_impl             0x00003a38   Section        0  bsp_oled_handler.o(i.bsp_oled_handler_fill_impl)
    bsp_oled_handler_fill_impl               0x00003a39   Thumb Code    56  bsp_oled_handler.o(i.bsp_oled_handler_fill_impl)
    i.bsp_oled_handler_get_driver_impl       0x00003a70   Section        0  bsp_oled_handler.o(i.bsp_oled_handler_get_driver_impl)
    bsp_oled_handler_get_driver_impl         0x00003a71   Thumb Code    62  bsp_oled_handler.o(i.bsp_oled_handler_get_driver_impl)
    i.bsp_oled_handler_init_impl             0x00003b14   Section        0  bsp_oled_handler.o(i.bsp_oled_handler_init_impl)
    bsp_oled_handler_init_impl               0x00003b15   Thumb Code   126  bsp_oled_handler.o(i.bsp_oled_handler_init_impl)
    i.bsp_oled_handler_inst                  0x00003c44   Section        0  bsp_oled_handler.o(i.bsp_oled_handler_inst)
    i.bsp_oled_handler_refresh_impl          0x00003e60   Section        0  bsp_oled_handler.o(i.bsp_oled_handler_refresh_impl)
    bsp_oled_handler_refresh_impl            0x00003e61   Thumb Code    52  bsp_oled_handler.o(i.bsp_oled_handler_refresh_impl)
    i.bsp_oled_handler_status_from_driver    0x00003e94   Section        0  bsp_oled_handler.o(i.bsp_oled_handler_status_from_driver)
    bsp_oled_handler_status_from_driver      0x00003e95   Thumb Code     2  bsp_oled_handler.o(i.bsp_oled_handler_status_from_driver)
    i.bsp_oled_text_draw_glyph               0x00003e96   Section        0  bsp_oled_text.o(i.bsp_oled_text_draw_glyph)
    bsp_oled_text_draw_glyph                 0x00003e97   Thumb Code   266  bsp_oled_text.o(i.bsp_oled_text_draw_glyph)
    i.bsp_oled_text_draw_utf8                0x00003fa0   Section        0  bsp_oled_text.o(i.bsp_oled_text_draw_utf8)
    i.bsp_oled_text_utf8_decode              0x000040a0   Section        0  bsp_oled_text.o(i.bsp_oled_text_utf8_decode)
    bsp_oled_text_utf8_decode                0x000040a1   Thumb Code   172  bsp_oled_text.o(i.bsp_oled_text_utf8_decode)
    i.ddl_memclr                             0x0000414c   Section        0  ddl.o(i.ddl_memclr)
    i.delay10us                              0x0000416c   Section        0  ddl.o(i.delay10us)
    i.elog_get_filter_tag_lvl                0x000041c8   Section        0  elog.o(i.elog_get_filter_tag_lvl)
    i.elog_init                              0x000042e4   Section        0  elog.o(i.elog_init)
    i.elog_output                            0x00004368   Section        0  elog.o(i.elog_output)
    i.elog_output_lock                       0x000047a8   Section        0  elog.o(i.elog_output_lock)
    i.elog_output_lock_enabled               0x000047cc   Section        0  elog.o(i.elog_output_lock_enabled)
    i.elog_output_unlock                     0x0000480c   Section        0  elog.o(i.elog_output_unlock)
    i.elog_port_get_p_info                   0x00004830   Section        0  elog_port.o(i.elog_port_get_p_info)
    i.elog_port_get_t_info                   0x00004838   Section        0  elog_port.o(i.elog_port_get_t_info)
    i.elog_port_get_time                     0x00004840   Section        0  elog_port.o(i.elog_port_get_time)
    i.elog_port_init                         0x00004848   Section        0  elog_port.o(i.elog_port_init)
    i.elog_port_output                       0x00004854   Section        0  elog_port.o(i.elog_port_output)
    i.elog_port_output_lock                  0x00004866   Section        0  elog_port.o(i.elog_port_output_lock)
    i.elog_port_output_unlock                0x00004868   Section        0  elog_port.o(i.elog_port_output_unlock)
    i.elog_set_filter_lvl                    0x0000486c   Section        0  elog.o(i.elog_set_filter_lvl)
    i.elog_set_filter_tag_lvl_default        0x00004934   Section        0  elog.o(i.elog_set_filter_tag_lvl_default)
    elog_set_filter_tag_lvl_default          0x00004935   Thumb Code    56  elog.o(i.elog_set_filter_tag_lvl_default)
    i.elog_set_fmt                           0x00004970   Section        0  elog.o(i.elog_set_fmt)
    i.elog_set_output_enabled                0x00004a3c   Section        0  elog.o(i.elog_set_output_enabled)
    i.elog_set_text_color_enabled            0x00004b14   Section        0  elog.o(i.elog_set_text_color_enabled)
    i.elog_start                             0x00004bec   Section        0  elog.o(i.elog_start)
    i.elog_strcpy                            0x00004c84   Section        0  elog_utils.o(i.elog_strcpy)
    i.get_fmt_enabled                        0x00004d94   Section        0  elog.o(i.get_fmt_enabled)
    get_fmt_enabled                          0x00004d95   Thumb Code    92  elog.o(i.get_fmt_enabled)
    i.get_fmt_used_and_enabled_ptr           0x00004e6c   Section        0  elog.o(i.get_fmt_used_and_enabled_ptr)
    get_fmt_used_and_enabled_ptr             0x00004e6d   Thumb Code    32  elog.o(i.get_fmt_used_and_enabled_ptr)
    i.get_fmt_used_and_enabled_u32           0x00004e8c   Section        0  elog.o(i.get_fmt_used_and_enabled_u32)
    get_fmt_used_and_enabled_u32             0x00004e8d   Thumb Code    32  elog.o(i.get_fmt_used_and_enabled_u32)
    i.lv_font_get_bitmap_fmt_txt             0x00004eac   Section        0  lvgl_font_port.o(i.lv_font_get_bitmap_fmt_txt)
    i.lv_font_get_glyph_dsc_fmt_txt          0x00004ef6   Section        0  lvgl_font_port.o(i.lv_font_get_glyph_dsc_fmt_txt)
    i.lvgl_font_port_find_glyph_id           0x00004f6e   Section        0  lvgl_font_port.o(i.lvgl_font_port_find_glyph_id)
    lvgl_font_port_find_glyph_id             0x00004f6f   Thumb Code   154  lvgl_font_port.o(i.lvgl_font_port_find_glyph_id)
    i.main                                   0x00005008   Section        0  main.o(i.main)
    i.prvAddCurrentTaskToDelayedList         0x000050ac   Section        0  tasks.o(i.prvAddCurrentTaskToDelayedList)
    prvAddCurrentTaskToDelayedList           0x000050ad   Thumb Code   150  tasks.o(i.prvAddCurrentTaskToDelayedList)
    i.prvAddNewTaskToReadyList               0x0000515c   Section        0  tasks.o(i.prvAddNewTaskToReadyList)
    prvAddNewTaskToReadyList                 0x0000515d   Thumb Code   206  tasks.o(i.prvAddNewTaskToReadyList)
    i.prvCheckTasksWaitingTermination        0x00005244   Section        0  tasks.o(i.prvCheckTasksWaitingTermination)
    prvCheckTasksWaitingTermination          0x00005245   Thumb Code    60  tasks.o(i.prvCheckTasksWaitingTermination)
    i.prvCreateIdleTasks                     0x0000528c   Section        0  tasks.o(i.prvCreateIdleTasks)
    prvCreateIdleTasks                       0x0000528d   Thumb Code    90  tasks.o(i.prvCreateIdleTasks)
    i.prvCreateTask                          0x000052f8   Section        0  tasks.o(i.prvCreateTask)
    prvCreateTask                            0x000052f9   Thumb Code    88  tasks.o(i.prvCreateTask)
    i.prvDeleteTCB                           0x00005350   Section        0  tasks.o(i.prvDeleteTCB)
    prvDeleteTCB                             0x00005351   Thumb Code    18  tasks.o(i.prvDeleteTCB)
    i.prvHeapInit                            0x00005364   Section        0  heap_4.o(i.prvHeapInit)
    prvHeapInit                              0x00005365   Thumb Code    90  heap_4.o(i.prvHeapInit)
    i.prvIdleTask                            0x000053d4   Section        0  tasks.o(i.prvIdleTask)
    prvIdleTask                              0x000053d5   Thumb Code    20  tasks.o(i.prvIdleTask)
    i.prvInitialiseNewTask                   0x000053ec   Section        0  tasks.o(i.prvInitialiseNewTask)
    prvInitialiseNewTask                     0x000053ed   Thumb Code   194  tasks.o(i.prvInitialiseNewTask)
    i.prvInitialiseTaskLists                 0x000054b0   Section        0  tasks.o(i.prvInitialiseTaskLists)
    prvInitialiseTaskLists                   0x000054b1   Thumb Code    68  tasks.o(i.prvInitialiseTaskLists)
    i.prvInsertBlockIntoFreeList             0x00005514   Section        0  heap_4.o(i.prvInsertBlockIntoFreeList)
    prvInsertBlockIntoFreeList               0x00005515   Thumb Code   134  heap_4.o(i.prvInsertBlockIntoFreeList)
    i.prvResetNextTaskUnblockTime            0x000055ac   Section        0  tasks.o(i.prvResetNextTaskUnblockTime)
    prvResetNextTaskUnblockTime              0x000055ad   Thumb Code    44  tasks.o(i.prvResetNextTaskUnblockTime)
    i.prvTaskExitError                       0x000055e0   Section        0  port.o(i.prvTaskExitError)
    prvTaskExitError                         0x000055e1   Thumb Code    36  port.o(i.prvTaskExitError)
    i.pvPortMalloc                           0x00005608   Section        0  heap_4.o(i.pvPortMalloc)
    i.pxPortInitialiseStack                  0x000057e0   Section        0  port.o(i.pxPortInitialiseStack)
    i.uxListRemove                           0x00005800   Section        0  list.o(i.uxListRemove)
    i.vListInitialise                        0x00005828   Section        0  list.o(i.vListInitialise)
    i.vListInitialiseItem                    0x00005842   Section        0  list.o(i.vListInitialiseItem)
    i.vListInsert                            0x00005848   Section        0  list.o(i.vListInsert)
    i.vPortEnterCritical                     0x00005880   Section        0  port.o(i.vPortEnterCritical)
    i.vPortExitCritical                      0x0000589c   Section        0  port.o(i.vPortExitCritical)
    i.vPortFree                              0x000058c8   Section        0  heap_4.o(i.vPortFree)
    i.vPortSVCHandler                        0x00005970   Section        0  port.o(i.vPortSVCHandler)
    i.vPortSetupTimerInterrupt               0x00005974   Section        0  port.o(i.vPortSetupTimerInterrupt)
    i.vPortYield                             0x00005990   Section        0  port.o(i.vPortYield)
    i.vTaskDelay                             0x000059a8   Section        0  tasks.o(i.vTaskDelay)
    i.vTaskStartScheduler                    0x000059ec   Section        0  tasks.o(i.vTaskStartScheduler)
    i.vTaskSuspendAll                        0x00005a44   Section        0  tasks.o(i.vTaskSuspendAll)
    i.vTaskSwitchContext                     0x00005a54   Section        0  tasks.o(i.vTaskSwitchContext)
    i.xPortStartScheduler                    0x00005ae0   Section        0  port.o(i.xPortStartScheduler)
    i.xPortSysTickHandler                    0x00005b18   Section        0  port.o(i.xPortSysTickHandler)
    i.xTaskCreate                            0x00005b3c   Section        0  tasks.o(i.xTaskCreate)
    i.xTaskGetSchedulerState                 0x00005b70   Section        0  tasks.o(i.xTaskGetSchedulerState)
    i.xTaskIncrementTick                     0x00005b94   Section        0  tasks.o(i.xTaskIncrementTick)
    i.xTaskResumeAll                         0x00005d54   Section        0  tasks.o(i.xTaskResumeAll)
    .constdata                               0x00005ee0   Section        5  main.o(.constdata)
    __FUNCTION__                             0x00005ee0   Data           5  main.o(.constdata)
    .constdata                               0x00005ee5   Section      143  bsp_oled_handler.o(.constdata)
    __FUNCTION__                             0x00005ee5   Data          29  bsp_oled_handler.o(.constdata)
    __FUNCTION__                             0x00005f02   Data          27  bsp_oled_handler.o(.constdata)
    __FUNCTION__                             0x00005f1d   Data          32  bsp_oled_handler.o(.constdata)
    __FUNCTION__                             0x00005f3d   Data          33  bsp_oled_handler.o(.constdata)
    __FUNCTION__                             0x00005f5e   Data          22  bsp_oled_handler.o(.constdata)
    .constdata                               0x00005f74   Section      245  bsp_oled_driver.o(.constdata)
    init_cmds                                0x00005f74   Data          24  bsp_oled_driver.o(.constdata)
    __FUNCTION__                             0x00005f8c   Data          26  bsp_oled_driver.o(.constdata)
    __FUNCTION__                             0x00005fa6   Data          28  bsp_oled_driver.o(.constdata)
    __FUNCTION__                             0x00005fc2   Data          27  bsp_oled_driver.o(.constdata)
    __FUNCTION__                             0x00005fdd   Data          26  bsp_oled_driver.o(.constdata)
    __FUNCTION__                             0x00005ff7   Data          29  bsp_oled_driver.o(.constdata)
    __FUNCTION__                             0x00006014   Data          32  bsp_oled_driver.o(.constdata)
    __FUNCTION__                             0x00006034   Data          32  bsp_oled_driver.o(.constdata)
    __FUNCTION__                             0x00006054   Data          21  bsp_oled_driver.o(.constdata)
    .constdata                               0x0000606c   Section      364  bsp_display_wrapper.o(.constdata)
    <Data1>                                  0x0000606c   Data          48  bsp_display_wrapper.o(.constdata)
    __FUNCTION__                             0x0000609c   Data          28  bsp_display_wrapper.o(.constdata)
    __FUNCTION__                             0x000060b8   Data          25  bsp_display_wrapper.o(.constdata)
    __FUNCTION__                             0x000060d1   Data          27  bsp_display_wrapper.o(.constdata)
    __FUNCTION__                             0x000060ec   Data          26  bsp_display_wrapper.o(.constdata)
    __FUNCTION__                             0x00006106   Data          25  bsp_display_wrapper.o(.constdata)
    __FUNCTION__                             0x0000611f   Data          28  bsp_display_wrapper.o(.constdata)
    __FUNCTION__                             0x0000613b   Data          31  bsp_display_wrapper.o(.constdata)
    __FUNCTION__                             0x0000615a   Data          30  bsp_display_wrapper.o(.constdata)
    __FUNCTION__                             0x00006178   Data          31  bsp_display_wrapper.o(.constdata)
    __FUNCTION__                             0x00006197   Data          34  bsp_display_wrapper.o(.constdata)
    __FUNCTION__                             0x000061b9   Data          31  bsp_display_wrapper.o(.constdata)
    .constdata                               0x000061d8   Section      261  bsp_display_port.o(.constdata)
    __FUNCTION__                             0x000061d8   Data          27  bsp_display_port.o(.constdata)
    __FUNCTION__                             0x000061f3   Data          29  bsp_display_port.o(.constdata)
    __FUNCTION__                             0x00006210   Data          28  bsp_display_port.o(.constdata)
    __FUNCTION__                             0x0000622c   Data          27  bsp_display_port.o(.constdata)
    __FUNCTION__                             0x00006247   Data          30  bsp_display_port.o(.constdata)
    __FUNCTION__                             0x00006265   Data          33  bsp_display_port.o(.constdata)
    __FUNCTION__                             0x00006286   Data          32  bsp_display_port.o(.constdata)
    __FUNCTION__                             0x000062a6   Data          33  bsp_display_port.o(.constdata)
    __FUNCTION__                             0x000062c7   Data          22  bsp_display_port.o(.constdata)
    .constdata                               0x000062e0   Section     4228  lv_font_cn_16.o(.constdata)
    glyph_bitmap                             0x000062e0   Data         996  lv_font_cn_16.o(.constdata)
    glyph_dsc                                0x000066c4   Data        1200  lv_font_cn_16.o(.constdata)
    unicode_list_1                           0x00006b74   Data           8  lv_font_cn_16.o(.constdata)
    cmaps                                    0x00006b7c   Data          40  lv_font_cn_16.o(.constdata)
    kern_left_class_mapping                  0x00006ba4   Data         100  lv_font_cn_16.o(.constdata)
    kern_right_class_mapping                 0x00006c08   Data         100  lv_font_cn_16.o(.constdata)
    kern_class_values                        0x00006c6c   Data        1710  lv_font_cn_16.o(.constdata)
    kern_classes                             0x0000731c   Data          16  lv_font_cn_16.o(.constdata)
    font_dsc                                 0x0000732c   Data          28  lv_font_cn_16.o(.constdata)
    .constdata                               0x00007364   Section       24  sysctrl.o(.constdata)
    .constdata                               0x0000737c   Section      226  elog.o(.constdata)
    __FUNCTION__                             0x0000737c   Data          11  elog.o(.constdata)
    __FUNCTION__                             0x00007387   Data          10  elog.o(.constdata)
    __FUNCTION__                             0x00007391   Data          24  elog.o(.constdata)
    __FUNCTION__                             0x000073a9   Data          28  elog.o(.constdata)
    __FUNCTION__                             0x000073c5   Data          13  elog.o(.constdata)
    __FUNCTION__                             0x000073d2   Data          16  elog.o(.constdata)
    __FUNCTION__                             0x000073e2   Data          20  elog.o(.constdata)
    __FUNCTION__                             0x000073f6   Data          24  elog.o(.constdata)
    __FUNCTION__                             0x0000740e   Data          24  elog.o(.constdata)
    __FUNCTION__                             0x00007426   Data          12  elog.o(.constdata)
    __FUNCTION__                             0x00007432   Data          16  elog.o(.constdata)
    __FUNCTION__                             0x00007442   Data          14  elog.o(.constdata)
    __FUNCTION__                             0x00007450   Data          14  elog.o(.constdata)
    .constdata                               0x0000745e   Section       35  elog_utils.o(.constdata)
    __FUNCTION__                             0x0000745e   Data          12  elog_utils.o(.constdata)
    __FUNCTION__                             0x0000746a   Data          11  elog_utils.o(.constdata)
    __FUNCTION__                             0x00007475   Data          12  elog_utils.o(.constdata)
    .conststring                             0x00007484   Section       70  elog.o(.conststring)
    .data                                    0x20000000   Section        4  bsp_display_wrapper.o(.data)
    g_display_wrapper_current_idx            0x20000000   Data           4  bsp_display_wrapper.o(.data)
    .data                                    0x20000004   Section        1  bsp_display_port.o(.data)
    g_display_port_is_ready                  0x20000004   Data           1  bsp_display_port.o(.data)
    .data                                    0x20000008   Section        8  lv_font_cn_16.o(.data)
    cache                                    0x20000008   Data           8  lv_font_cn_16.o(.data)
    .data                                    0x20000010   Section       64  tasks.o(.data)
    pxDelayedTaskList                        0x20000014   Data           4  tasks.o(.data)
    pxOverflowDelayedTaskList                0x20000018   Data           4  tasks.o(.data)
    uxDeletedTasksWaitingCleanUp             0x2000001c   Data           4  tasks.o(.data)
    uxCurrentNumberOfTasks                   0x20000020   Data           4  tasks.o(.data)
    xTickCount                               0x20000024   Data           4  tasks.o(.data)
    uxTopReadyPriority                       0x20000028   Data           4  tasks.o(.data)
    xSchedulerRunning                        0x2000002c   Data           4  tasks.o(.data)
    xPendedTicks                             0x20000030   Data           4  tasks.o(.data)
    xYieldPendings                           0x20000034   Data           4  tasks.o(.data)
    xNumOfOverflows                          0x20000038   Data           4  tasks.o(.data)
    uxTaskNumber                             0x2000003c   Data           4  tasks.o(.data)
    xNextTaskUnblockTime                     0x20000040   Data           4  tasks.o(.data)
    xIdleTaskHandles                         0x20000044   Data           4  tasks.o(.data)
    uxTopUsedPriority                        0x20000048   Data           4  tasks.o(.data)
    uxSchedulerSuspended                     0x2000004c   Data           4  tasks.o(.data)
    .data                                    0x20000050   Section        4  port.o(.data)
    uxCriticalNesting                        0x20000050   Data           4  port.o(.data)
    .data                                    0x20000054   Section       28  heap_4.o(.data)
    xStart                                   0x20000054   Data           8  heap_4.o(.data)
    pxEnd                                    0x2000005c   Data           4  heap_4.o(.data)
    xFreeBytesRemaining                      0x20000060   Data           4  heap_4.o(.data)
    xMinimumEverFreeBytesRemaining           0x20000064   Data           4  heap_4.o(.data)
    xNumberOfSuccessfulAllocations           0x20000068   Data           4  heap_4.o(.data)
    xNumberOfSuccessfulFrees                 0x2000006c   Data           4  heap_4.o(.data)
    .data                                    0x20000070   Section        1  sysctrl.o(.data)
    bDacPeriBac                              0x20000070   Data           1  sysctrl.o(.data)
    .data                                    0x20000074   Section        4  system_hc32l19x.o(.data)
    .data                                    0x20000078   Section       52  elog.o(.data)
    level_output_info                        0x20000078   Data          24  elog.o(.data)
    color_output_info                        0x20000090   Data          24  elog.o(.data)
    .bss                                     0x200000ac   Section       48  bsp_display_wrapper.o(.bss)
    g_display_wrapper_dev                    0x200000ac   Data          48  bsp_display_wrapper.o(.bss)
    .bss                                     0x200000dc   Section     1128  bsp_display_port.o(.bss)
    g_display_port_oled_intf                 0x200000dc   Data          16  bsp_display_port.o(.bss)
    g_display_port_oled_handler              0x200000ec   Data        1112  bsp_display_port.o(.bss)
    .bss                                     0x20000544   Section      740  tasks.o(.bss)
    pxReadyTasksLists                        0x20000544   Data         640  tasks.o(.bss)
    xDelayedTaskList1                        0x200007c4   Data          20  tasks.o(.bss)
    xDelayedTaskList2                        0x200007d8   Data          20  tasks.o(.bss)
    xPendingReadyList                        0x200007ec   Data          20  tasks.o(.bss)
    xTasksWaitingTermination                 0x20000800   Data          20  tasks.o(.bss)
    xSuspendedTaskList                       0x20000814   Data          20  tasks.o(.bss)
    .bss                                     0x20000828   Section    20480  heap_4.o(.bss)
    ucHeap                                   0x20000828   Data       20480  heap_4.o(.bss)
    .bss                                     0x20005828   Section     1112  segger_rtt.o(.bss)
    _acUpBuffer                              0x20005870   Data        1024  segger_rtt.o(.bss)
    _acDownBuffer                            0x20005c70   Data          16  segger_rtt.o(.bss)
    .bss                                     0x20005c80   Section     1272  elog.o(.bss)
    elog                                     0x20005c80   Data         248  elog.o(.bss)
    log_buf                                  0x20005d78   Data        1024  elog.o(.bss)
    STACK                                    0x20006178   Section      512  startup_hc32l19x.o(STACK)

    Global Symbols

    Symbol Name                              Value     Ov Type        Size  Object(Section)

    BuildAttributes$$THM_ISAv3M$S$PE$A:L22$X:L11$S22$IEEE1$IW$USESV6$~STKCKD$USESV7$~SHL$OTIME$ROPI$EBA8$MICROLIB$REQ8$PRES8$EABIv2 0x00000000   Number         0  anon$$obj.o ABSOLUTE
    __ARM_use_no_argv                        0x00000000   Number         0  main.o ABSOLUTE
    __Vectors                                0x00000000   Data           0  startup_hc32l19x.o(RESET)
    _printf_a                                0x00000000   Number         0  stubs.o ABSOLUTE
    _printf_c                                0x00000000   Number         0  stubs.o ABSOLUTE
    _printf_charcount                        0x00000000   Number         0  stubs.o ABSOLUTE
    _printf_d                                0x00000000   Number         0  stubs.o ABSOLUTE
    _printf_e                                0x00000000   Number         0  stubs.o ABSOLUTE
    _printf_f                                0x00000000   Number         0  stubs.o ABSOLUTE
    _printf_flags                            0x00000000   Number         0  stubs.o ABSOLUTE
    _printf_fp_dec                           0x00000000   Number         0  stubs.o ABSOLUTE
    _printf_fp_hex                           0x00000000   Number         0  stubs.o ABSOLUTE
    _printf_g                                0x00000000   Number         0  stubs.o ABSOLUTE
    _printf_i                                0x00000000   Number         0  stubs.o ABSOLUTE
    _printf_int_dec                          0x00000000   Number         0  stubs.o ABSOLUTE
    _printf_l                                0x00000000   Number         0  stubs.o ABSOLUTE
    _printf_lc                               0x00000000   Number         0  stubs.o ABSOLUTE
    _printf_ll                               0x00000000   Number         0  stubs.o ABSOLUTE
    _printf_lld                              0x00000000   Number         0  stubs.o ABSOLUTE
    _printf_lli                              0x00000000   Number         0  stubs.o ABSOLUTE
    _printf_llo                              0x00000000   Number         0  stubs.o ABSOLUTE
    _printf_llu                              0x00000000   Number         0  stubs.o ABSOLUTE
    _printf_llx                              0x00000000   Number         0  stubs.o ABSOLUTE
    _printf_longlong_dec                     0x00000000   Number         0  stubs.o ABSOLUTE
    _printf_longlong_hex                     0x00000000   Number         0  stubs.o ABSOLUTE
    _printf_longlong_oct                     0x00000000   Number         0  stubs.o ABSOLUTE
    _printf_ls                               0x00000000   Number         0  stubs.o ABSOLUTE
    _printf_mbtowc                           0x00000000   Number         0  stubs.o ABSOLUTE
    _printf_n                                0x00000000   Number         0  stubs.o ABSOLUTE
    _printf_o                                0x00000000   Number         0  stubs.o ABSOLUTE
    _printf_p                                0x00000000   Number         0  stubs.o ABSOLUTE
    _printf_percent                          0x00000000   Number         0  stubs.o ABSOLUTE
    _printf_pre_padding                      0x00000000   Number         0  stubs.o ABSOLUTE
    _printf_return_value                     0x00000000   Number         0  stubs.o ABSOLUTE
    _printf_s                                0x00000000   Number         0  stubs.o ABSOLUTE
    _printf_sizespec                         0x00000000   Number         0  stubs.o ABSOLUTE
    _printf_str                              0x00000000   Number         0  stubs.o ABSOLUTE
    _printf_truncate_signed                  0x00000000   Number         0  stubs.o ABSOLUTE
    _printf_truncate_unsigned                0x00000000   Number         0  stubs.o ABSOLUTE
    _printf_u                                0x00000000   Number         0  stubs.o ABSOLUTE
    _printf_wc                               0x00000000   Number         0  stubs.o ABSOLUTE
    _printf_wctomb                           0x00000000   Number         0  stubs.o ABSOLUTE
    _printf_widthprec                        0x00000000   Number         0  stubs.o ABSOLUTE
    _printf_x                                0x00000000   Number         0  stubs.o ABSOLUTE
    Adc_IRQHandler                            - Undefined Weak Reference
    ClkTrim_IRQHandler                        - Undefined Weak Reference
    Dac_IRQHandler                            - Undefined Weak Reference
    Dmac_IRQHandler                           - Undefined Weak Reference
    Flash_IRQHandler                          - Undefined Weak Reference
    I2c0_IRQHandler                           - Undefined Weak Reference
    I2c1_IRQHandler                           - Undefined Weak Reference
    Lcd_IRQHandler                            - Undefined Weak Reference
    LpTim0_IRQHandler                         - Undefined Weak Reference
    LpTim1_IRQHandler                         - Undefined Weak Reference
    LpUart0_IRQHandler                        - Undefined Weak Reference
    LpUart1_IRQHandler                        - Undefined Weak Reference
    Lvd_IRQHandler                            - Undefined Weak Reference
    Pca_IRQHandler                            - Undefined Weak Reference
    Pcnt_IRQHandler                           - Undefined Weak Reference
    PortA_IRQHandler                          - Undefined Weak Reference
    PortB_IRQHandler                          - Undefined Weak Reference
    PortC_IRQHandler                          - Undefined Weak Reference
    PortD_IRQHandler                          - Undefined Weak Reference
    PortE_IRQHandler                          - Undefined Weak Reference
    PortF_IRQHandler                          - Undefined Weak Reference
    Ram_IRQHandler                            - Undefined Weak Reference
    Rtc_IRQHandler                            - Undefined Weak Reference
    Spi0_IRQHandler                           - Undefined Weak Reference
    Spi1_IRQHandler                           - Undefined Weak Reference
    Tim0_IRQHandler                           - Undefined Weak Reference
    Tim1_IRQHandler                           - Undefined Weak Reference
    Tim2_IRQHandler                           - Undefined Weak Reference
    Tim3_IRQHandler                           - Undefined Weak Reference
    Tim4_IRQHandler                           - Undefined Weak Reference
    Tim5_IRQHandler                           - Undefined Weak Reference
    Tim6_IRQHandler                           - Undefined Weak Reference
    Uart0_IRQHandler                          - Undefined Weak Reference
    Uart1_IRQHandler                          - Undefined Weak Reference
    Uart2_IRQHandler                          - Undefined Weak Reference
    Uart3_IRQHandler                          - Undefined Weak Reference
    Vc0_IRQHandler                            - Undefined Weak Reference
    Vc1_IRQHandler                            - Undefined Weak Reference
    Vc2_IRQHandler                            - Undefined Weak Reference
    Wdt_IRQHandler                            - Undefined Weak Reference
    __arm_fini_                               - Undefined Weak Reference
    __cpp_initialize__aeabi_                  - Undefined Weak Reference
    __cxa_finalize                            - Undefined Weak Reference
    __decompress                              - Undefined Weak Reference
    _clock_init                               - Undefined Weak Reference
    _microlib_exit                            - Undefined Weak Reference
    __Vectors_End                            0x000000c0   Data           0  startup_hc32l19x.o(RESET)
    __Vectors_Size                           0x000000c0   Number         0  startup_hc32l19x.o ABSOLUTE
    __main                                   0x000000c1   Thumb Code     0  entry.o(.ARM.Collect$$$$00000000)
    _main_stk                                0x000000c1   Thumb Code     0  entry2.o(.ARM.Collect$$$$00000001)
    _main_scatterload                        0x000000c5   Thumb Code     0  entry5.o(.ARM.Collect$$$$00000004)
    __main_after_scatterload                 0x000000c9   Thumb Code     0  entry5.o(.ARM.Collect$$$$00000004)
    _main_clock                              0x000000c9   Thumb Code     0  entry7b.o(.ARM.Collect$$$$00000008)
    _main_cpp_init                           0x000000c9   Thumb Code     0  entry8b.o(.ARM.Collect$$$$0000000A)
    _main_init                               0x000000c9   Thumb Code     0  entry9a.o(.ARM.Collect$$$$0000000B)
    __rt_lib_shutdown_fini                   0x000000d1   Thumb Code     0  entry12b.o(.ARM.Collect$$$$0000000E)
    __rt_final_cpp                           0x000000d5   Thumb Code     0  entry10a.o(.ARM.Collect$$$$0000000F)
    __rt_final_exit                          0x000000d5   Thumb Code     0  entry11a.o(.ARM.Collect$$$$00000011)
    __asm___6_port_c_39a90d8d__prvPortStartFirstTask 0x000000d9   Thumb Code    36  port.o(.emb_text)
    ulSetInterruptMaskFromISR                0x00000101   Thumb Code     8  port.o(.emb_text)
    vClearInterruptMaskFromISR               0x00000109   Thumb Code     6  port.o(.emb_text)
    xPortPendSVHandler                       0x0000010f   Thumb Code    62  port.o(.emb_text)
    Reset_Handler                            0x00000151   Thumb Code    26  startup_hc32l19x.o(.text)
    NMI_Handler                              0x0000016b   Thumb Code     2  startup_hc32l19x.o(.text)
    __aeabi_uidiv                            0x0000018d   Thumb Code     0  uidiv.o(.text)
    __aeabi_uidivmod                         0x0000018d   Thumb Code    44  uidiv.o(.text)
    __aeabi_uldivmod                         0x000001b9   Thumb Code    96  uldiv.o(.text)
    __aeabi_memcpy                           0x00000219   Thumb Code    36  memcpya.o(.text)
    __aeabi_memcpy4                          0x00000219   Thumb Code     0  memcpya.o(.text)
    __aeabi_memcpy8                          0x00000219   Thumb Code     0  memcpya.o(.text)
    __aeabi_memset                           0x0000023d   Thumb Code    14  memseta.o(.text)
    __aeabi_memset4                          0x0000023d   Thumb Code     0  memseta.o(.text)
    __aeabi_memset8                          0x0000023d   Thumb Code     0  memseta.o(.text)
    __aeabi_memclr                           0x0000024b   Thumb Code     4  memseta.o(.text)
    __aeabi_memclr4                          0x0000024b   Thumb Code     0  memseta.o(.text)
    __aeabi_memclr8                          0x0000024b   Thumb Code     0  memseta.o(.text)
    memset                                   0x0000024f   Thumb Code    18  memseta.o(.text)
    strstr                                   0x00000261   Thumb Code    40  strstr.o(.text)
    strlen                                   0x00000289   Thumb Code    14  strlen.o(.text)
    strcpy                                   0x00000297   Thumb Code    18  strcpy.o(.text)
    strncmp                                  0x000002a9   Thumb Code    30  strncmp.o(.text)
    __aeabi_llsl                             0x000002c7   Thumb Code    32  llshl.o(.text)
    _ll_shift_l                              0x000002c7   Thumb Code     0  llshl.o(.text)
    __aeabi_llsr                             0x000002e7   Thumb Code    34  llushr.o(.text)
    _ll_ushift_r                             0x000002e7   Thumb Code     0  llushr.o(.text)
    __I$use$fp                               0x00000309   Thumb Code     0  iusefp.o(.text)
    __aeabi_dadd                             0x00000309   Thumb Code   330  dadd.o(.text)
    __aeabi_dsub                             0x00000453   Thumb Code    12  dadd.o(.text)
    __aeabi_drsub                            0x0000045f   Thumb Code    12  dadd.o(.text)
    __aeabi_dmul                             0x00000471   Thumb Code   202  dmul.o(.text)
    __aeabi_ddiv                             0x00000541   Thumb Code   234  ddiv.o(.text)
    __aeabi_d2ulz                            0x00000631   Thumb Code    54  dfixul.o(.text)
    __aeabi_cdrcmple                         0x00000671   Thumb Code    38  cdrcmple.o(.text)
    __scatterload                            0x00000699   Thumb Code    28  init.o(.text)
    __scatterload_rt2                        0x00000699   Thumb Code     0  init.o(.text)
    __aeabi_lasr                             0x000006bd   Thumb Code    38  llsshr.o(.text)
    _ll_sshift_r                             0x000006bd   Thumb Code     0  llsshr.o(.text)
    _double_round                            0x000006e3   Thumb Code    26  depilogue.o(.text)
    _double_epilogue                         0x000006fd   Thumb Code   164  depilogue.o(.text)
    ADC_DAC_IRQHandler                       0x000007a1   Thumb Code    12  interrupts_hc32l19x.o(i.ADC_DAC_IRQHandler)
    CLKTRIM_IRQHandler                       0x000007ad   Thumb Code     8  interrupts_hc32l19x.o(i.CLKTRIM_IRQHandler)
    DMAC_IRQHandler                          0x000007b5   Thumb Code     8  interrupts_hc32l19x.o(i.DMAC_IRQHandler)
    FLASH_RAM_IRQHandler                     0x000007bd   Thumb Code    12  interrupts_hc32l19x.o(i.FLASH_RAM_IRQHandler)
    Flash_WaitCycle                          0x000007c9   Thumb Code    38  flash.o(i.Flash_WaitCycle)
    Gpio_ClrIO                               0x000007fd   Thumb Code    22  gpio.o(i.Gpio_ClrIO)
    Gpio_Init                                0x00000819   Thumb Code   144  gpio.o(i.Gpio_Init)
    Gpio_SetAfMode                           0x000008b5   Thumb Code    16  gpio.o(i.Gpio_SetAfMode)
    Gpio_SetIO                               0x000008c9   Thumb Code    22  gpio.o(i.Gpio_SetIO)
    HardFault_Handler                        0x000008e5   Thumb Code    16  interrupts_hc32l19x.o(i.HardFault_Handler)
    I2C0_IRQHandler                          0x000008f5   Thumb Code     8  interrupts_hc32l19x.o(i.I2C0_IRQHandler)
    I2C1_IRQHandler                          0x000008fd   Thumb Code     8  interrupts_hc32l19x.o(i.I2C1_IRQHandler)
    LCD_IRQHandler                           0x00000905   Thumb Code     8  interrupts_hc32l19x.o(i.LCD_IRQHandler)
    LPTIM0_1_IRQHandler                      0x0000090d   Thumb Code    12  interrupts_hc32l19x.o(i.LPTIM0_1_IRQHandler)
    LPUART0_IRQHandler                       0x00000919   Thumb Code     8  interrupts_hc32l19x.o(i.LPUART0_IRQHandler)
    LPUART1_IRQHandler                       0x00000921   Thumb Code     8  interrupts_hc32l19x.o(i.LPUART1_IRQHandler)
    LVD_IRQHandler                           0x00000929   Thumb Code     8  interrupts_hc32l19x.o(i.LVD_IRQHandler)
    PCA_IRQHandler                           0x00000931   Thumb Code     8  interrupts_hc32l19x.o(i.PCA_IRQHandler)
    PCNT_IRQHandler                          0x00000939   Thumb Code     8  interrupts_hc32l19x.o(i.PCNT_IRQHandler)
    PORTA_IRQHandler                         0x00000941   Thumb Code     8  interrupts_hc32l19x.o(i.PORTA_IRQHandler)
    PORTB_IRQHandler                         0x00000949   Thumb Code     8  interrupts_hc32l19x.o(i.PORTB_IRQHandler)
    PORTC_E_IRQHandler                       0x00000951   Thumb Code    12  interrupts_hc32l19x.o(i.PORTC_E_IRQHandler)
    PORTD_F_IRQHandler                       0x0000095d   Thumb Code    12  interrupts_hc32l19x.o(i.PORTD_F_IRQHandler)
    PendSV_Handler                           0x00000969   Thumb Code     8  hc32l19x_it.o(i.PendSV_Handler)
    RTC_IRQHandler                           0x00000971   Thumb Code     8  interrupts_hc32l19x.o(i.RTC_IRQHandler)
    Reset_RstPeripheral0                     0x00000979   Thumb Code    20  reset.o(i.Reset_RstPeripheral0)
    SEGGER_RTT_Init                          0x00000991   Thumb Code     8  segger_rtt.o(i.SEGGER_RTT_Init)
    SEGGER_RTT_Write                         0x00000999   Thumb Code    66  segger_rtt.o(i.SEGGER_RTT_Write)
    SEGGER_RTT_WriteNoLock                   0x000009e1   Thumb Code   128  segger_rtt.o(i.SEGGER_RTT_WriteNoLock)
    SPI0_IRQHandler                          0x00000a65   Thumb Code     8  interrupts_hc32l19x.o(i.SPI0_IRQHandler)
    SPI1_IRQHandler                          0x00000a6d   Thumb Code     8  interrupts_hc32l19x.o(i.SPI1_IRQHandler)
    SVC_Handler                              0x00000a75   Thumb Code     8  hc32l19x_it.o(i.SVC_Handler)
    SetBit                                   0x00000a7d   Thumb Code    30  ddl.o(i.SetBit)
    Spi_GetStatus                            0x00000a9b   Thumb Code    18  spi.o(i.Spi_GetStatus)
    Spi_Init                                 0x00000aad   Thumb Code    36  spi.o(i.Spi_Init)
    Spi_RWByte                               0x00000ad1   Thumb Code    34  spi.o(i.Spi_RWByte)
    Spi_SetCS                                0x00000af3   Thumb Code     4  spi.o(i.Spi_SetCS)
    SysTick_Handler                          0x00000af7   Thumb Code     8  interrupts_hc32l19x.o(i.SysTick_Handler)
    SysTick_IRQHandler                       0x00000aff   Thumb Code     8  hc32l19x_it.o(i.SysTick_IRQHandler)
    Sysctrl_ClkSourceEnable                  0x00000b09   Thumb Code   348  sysctrl.o(i.Sysctrl_ClkSourceEnable)
    Sysctrl_GetHClkFreq                      0x00000c75   Thumb Code   354  sysctrl.o(i.Sysctrl_GetHClkFreq)
    Sysctrl_SetHCLKDiv                       0x00000de9   Thumb Code    36  sysctrl.o(i.Sysctrl_SetHCLKDiv)
    Sysctrl_SetPCLKDiv                       0x00000e11   Thumb Code    36  sysctrl.o(i.Sysctrl_SetPCLKDiv)
    Sysctrl_SetPLLFreq                       0x00000e39   Thumb Code   258  sysctrl.o(i.Sysctrl_SetPLLFreq)
    Sysctrl_SetPeripheralGate                0x00000f4d   Thumb Code    72  sysctrl.o(i.Sysctrl_SetPeripheralGate)
    Sysctrl_SetRCHTrim                       0x00000f9d   Thumb Code    32  sysctrl.o(i.Sysctrl_SetRCHTrim)
    Sysctrl_SysClkSwitch                     0x00000fc5   Thumb Code    40  sysctrl.o(i.Sysctrl_SysClkSwitch)
    SystemCoreClockUpdate                    0x00000ff1   Thumb Code     8  system_hc32l19x.o(i.SystemCoreClockUpdate)
    SystemInit                               0x00001001   Thumb Code     8  system_hc32l19x.o(i.SystemInit)
    TIM0_IRQHandler                          0x00001009   Thumb Code     8  interrupts_hc32l19x.o(i.TIM0_IRQHandler)
    TIM1_IRQHandler                          0x00001011   Thumb Code     8  interrupts_hc32l19x.o(i.TIM1_IRQHandler)
    TIM2_IRQHandler                          0x00001019   Thumb Code     8  interrupts_hc32l19x.o(i.TIM2_IRQHandler)
    TIM3_IRQHandler                          0x00001021   Thumb Code     8  interrupts_hc32l19x.o(i.TIM3_IRQHandler)
    TIM4_IRQHandler                          0x00001029   Thumb Code     8  interrupts_hc32l19x.o(i.TIM4_IRQHandler)
    TIM5_IRQHandler                          0x00001031   Thumb Code     8  interrupts_hc32l19x.o(i.TIM5_IRQHandler)
    TIM6_IRQHandler                          0x00001039   Thumb Code     8  interrupts_hc32l19x.o(i.TIM6_IRQHandler)
    UART0_2_IRQHandler                       0x00001041   Thumb Code    12  interrupts_hc32l19x.o(i.UART0_2_IRQHandler)
    UART1_3_IRQHandler                       0x0000104d   Thumb Code    12  interrupts_hc32l19x.o(i.UART1_3_IRQHandler)
    VC0_IRQHandler                           0x00001059   Thumb Code     8  interrupts_hc32l19x.o(i.VC0_IRQHandler)
    VC1_2_IRQHandler                         0x00001061   Thumb Code    12  interrupts_hc32l19x.o(i.VC1_2_IRQHandler)
    WDT_IRQHandler                           0x0000106d   Thumb Code     8  interrupts_hc32l19x.o(i.WDT_IRQHandler)
    __0snprintf                              0x000011ed   Thumb Code    50  printfa.o(i.__0snprintf)
    __1snprintf                              0x000011ed   Thumb Code     0  printfa.o(i.__0snprintf)
    __2snprintf                              0x000011ed   Thumb Code     0  printfa.o(i.__0snprintf)
    __c89snprintf                            0x000011ed   Thumb Code     0  printfa.o(i.__0snprintf)
    snprintf                                 0x000011ed   Thumb Code     0  printfa.o(i.__0snprintf)
    __0vsnprintf                             0x00001225   Thumb Code    44  printfa.o(i.__0vsnprintf)
    __1vsnprintf                             0x00001225   Thumb Code     0  printfa.o(i.__0vsnprintf)
    __2vsnprintf                             0x00001225   Thumb Code     0  printfa.o(i.__0vsnprintf)
    __c89vsnprintf                           0x00001225   Thumb Code     0  printfa.o(i.__0vsnprintf)
    vsnprintf                                0x00001225   Thumb Code     0  printfa.o(i.__0vsnprintf)
    __ARM_clz                                0x00001255   Thumb Code    46  depilogue.o(i.__ARM_clz)
    __ARM_common_ll_muluu                    0x00001283   Thumb Code    48  bsp_display_port.o(i.__ARM_common_ll_muluu)
    __ARM_common_switch8                     0x000012b3   Thumb Code    28  tasks.o(i.__ARM_common_switch8)
    __scatterload_copy                       0x000012cf   Thumb Code    14  handlers.o(i.__scatterload_copy)
    __scatterload_null                       0x000012dd   Thumb Code     2  handlers.o(i.__scatterload_null)
    __scatterload_zeroinit                   0x000012df   Thumb Code    14  handlers.o(i.__scatterload_zeroinit)
    board_init                               0x00001c3f   Thumb Code    60  board.o(i.board_init)
    bsp_display_port_init                    0x000024d5   Thumb Code   218  bsp_display_port.o(i.bsp_display_port_init)
    bsp_display_wrapper_fill                 0x0000299d   Thumb Code    88  bsp_display_wrapper.o(i.bsp_display_wrapper_fill)
    bsp_display_wrapper_get_dev              0x00002ab9   Thumb Code     4  bsp_display_wrapper.o(i.bsp_display_wrapper_get_dev)
    bsp_display_wrapper_refresh              0x00002ac1   Thumb Code    84  bsp_display_wrapper.o(i.bsp_display_wrapper_refresh)
    bsp_display_wrapper_reg                  0x00002bb1   Thumb Code    46  bsp_display_wrapper.o(i.bsp_display_wrapper_reg)
    bsp_oled_driver_inst                     0x000032e9   Thumb Code   300  bsp_oled_driver.o(i.bsp_oled_driver_inst)
    bsp_oled_handler_inst                    0x00003c45   Thumb Code   310  bsp_oled_handler.o(i.bsp_oled_handler_inst)
    bsp_oled_text_draw_utf8                  0x00003fa1   Thumb Code   250  bsp_oled_text.o(i.bsp_oled_text_draw_utf8)
    ddl_memclr                               0x0000414d   Thumb Code    32  ddl.o(i.ddl_memclr)
    delay10us                                0x0000416d   Thumb Code    74  ddl.o(i.delay10us)
    elog_get_filter_tag_lvl                  0x000041c9   Thumb Code   166  elog.o(i.elog_get_filter_tag_lvl)
    elog_init                                0x000042e5   Thumb Code   128  elog.o(i.elog_init)
    elog_output                              0x00004369   Thumb Code   902  elog.o(i.elog_output)
    elog_output_lock                         0x000047a9   Thumb Code    30  elog.o(i.elog_output_lock)
    elog_output_lock_enabled                 0x000047cd   Thumb Code    58  elog.o(i.elog_output_lock_enabled)
    elog_output_unlock                       0x0000480d   Thumb Code    30  elog.o(i.elog_output_unlock)
    elog_port_get_p_info                     0x00004831   Thumb Code     4  elog_port.o(i.elog_port_get_p_info)
    elog_port_get_t_info                     0x00004839   Thumb Code     4  elog_port.o(i.elog_port_get_t_info)
    elog_port_get_time                       0x00004841   Thumb Code     4  elog_port.o(i.elog_port_get_time)
    elog_port_init                           0x00004849   Thumb Code    12  elog_port.o(i.elog_port_init)
    elog_port_output                         0x00004855   Thumb Code    18  elog_port.o(i.elog_port_output)
    elog_port_output_lock                    0x00004867   Thumb Code     2  elog_port.o(i.elog_port_output_lock)
    elog_port_output_unlock                  0x00004869   Thumb Code     2  elog_port.o(i.elog_port_output_unlock)
    elog_set_filter_lvl                      0x0000486d   Thumb Code    76  elog.o(i.elog_set_filter_lvl)
    elog_set_fmt                             0x00004971   Thumb Code    80  elog.o(i.elog_set_fmt)
    elog_set_output_enabled                  0x00004a3d   Thumb Code    80  elog.o(i.elog_set_output_enabled)
    elog_set_text_color_enabled              0x00004b15   Thumb Code    80  elog.o(i.elog_set_text_color_enabled)
    elog_start                               0x00004bed   Thumb Code    48  elog.o(i.elog_start)
    elog_strcpy                              0x00004c85   Thumb Code   168  elog_utils.o(i.elog_strcpy)
    lv_font_get_bitmap_fmt_txt               0x00004ead   Thumb Code    74  lvgl_font_port.o(i.lv_font_get_bitmap_fmt_txt)
    lv_font_get_glyph_dsc_fmt_txt            0x00004ef7   Thumb Code   120  lvgl_font_port.o(i.lv_font_get_glyph_dsc_fmt_txt)
    main                                     0x00005009   Thumb Code    78  main.o(i.main)
    pvPortMalloc                             0x00005609   Thumb Code   442  heap_4.o(i.pvPortMalloc)
    pxPortInitialiseStack                    0x000057e1   Thumb Code    26  port.o(i.pxPortInitialiseStack)
    uxListRemove                             0x00005801   Thumb Code    40  list.o(i.uxListRemove)
    vListInitialise                          0x00005829   Thumb Code    26  list.o(i.vListInitialise)
    vListInitialiseItem                      0x00005843   Thumb Code     6  list.o(i.vListInitialiseItem)
    vListInsert                              0x00005849   Thumb Code    54  list.o(i.vListInsert)
    vPortEnterCritical                       0x00005881   Thumb Code    22  port.o(i.vPortEnterCritical)
    vPortExitCritical                        0x0000589d   Thumb Code    40  port.o(i.vPortExitCritical)
    vPortFree                                0x000058c9   Thumb Code   150  heap_4.o(i.vPortFree)
    vPortSVCHandler                          0x00005971   Thumb Code     2  port.o(i.vPortSVCHandler)
    vPortSetupTimerInterrupt                 0x00005975   Thumb Code    18  port.o(i.vPortSetupTimerInterrupt)
    vPortYield                               0x00005991   Thumb Code    18  port.o(i.vPortYield)
    vTaskDelay                               0x000059a9   Thumb Code    64  tasks.o(i.vTaskDelay)
    vTaskStartScheduler                      0x000059ed   Thumb Code    72  tasks.o(i.vTaskStartScheduler)
    vTaskSuspendAll                          0x00005a45   Thumb Code    12  tasks.o(i.vTaskSuspendAll)
    vTaskSwitchContext                       0x00005a55   Thumb Code   120  tasks.o(i.vTaskSwitchContext)
    xPortStartScheduler                      0x00005ae1   Thumb Code    48  port.o(i.xPortStartScheduler)
    xPortSysTickHandler                      0x00005b19   Thumb Code    32  port.o(i.xPortSysTickHandler)
    xTaskCreate                              0x00005b3d   Thumb Code    50  tasks.o(i.xTaskCreate)
    xTaskGetSchedulerState                   0x00005b71   Thumb Code    28  tasks.o(i.xTaskGetSchedulerState)
    xTaskIncrementTick                       0x00005b95   Thumb Code   404  tasks.o(i.xTaskIncrementTick)
    xTaskResumeAll                           0x00005d55   Thumb Code   364  tasks.o(i.xTaskResumeAll)
    lv_font_cn_16                            0x00007348   Data          28  lv_font_cn_16.o(.constdata)
    Region$$Table$$Base                      0x000074cc   Number         0  anon$$obj.o(Region$$Table)
    Region$$Table$$Limit                     0x000074ec   Number         0  anon$$obj.o(Region$$Table)
    pxCurrentTCB                             0x20000010   Data           4  tasks.o(.data)
    SystemCoreClock                          0x20000074   Data           4  system_hc32l19x.o(.data)
    elog_assert_hook                         0x200000a8   Data           4  elog.o(.data)
    _SEGGER_RTT                              0x20005828   Data          72  segger_rtt.o(.bss)
    __initial_sp                             0x20006378   Data           0  startup_hc32l19x.o(STACK)



==============================================================================

Memory Map of the image

  Image Entry point : 0x000000c1

  Load Region LR_IROM1 (Base: 0x00000000, Size: 0x00007598, Max: 0x00040000, ABSOLUTE)

    Execution Region ER_IROM1 (Exec base: 0x00000000, Load base: 0x00000000, Size: 0x000074ec, Max: 0x00040000, ABSOLUTE)

    Exec Addr    Load Addr    Size         Type   Attr      Idx    E Section Name        Object

    0x00000000   0x00000000   0x000000c0   Data   RO            3    RESET               startup_hc32l19x.o
    0x000000c0   0x000000c0   0x00000000   Code   RO         6312  * .ARM.Collect$$$$00000000  mc_p.l(entry.o)
    0x000000c0   0x000000c0   0x00000004   Code   RO         6610    .ARM.Collect$$$$00000001  mc_p.l(entry2.o)
    0x000000c4   0x000000c4   0x00000004   Code   RO         6613    .ARM.Collect$$$$00000004  mc_p.l(entry5.o)
    0x000000c8   0x000000c8   0x00000000   Code   RO         6615    .ARM.Collect$$$$00000008  mc_p.l(entry7b.o)
    0x000000c8   0x000000c8   0x00000000   Code   RO         6617    .ARM.Collect$$$$0000000A  mc_p.l(entry8b.o)
    0x000000c8   0x000000c8   0x00000008   Code   RO         6618    .ARM.Collect$$$$0000000B  mc_p.l(entry9a.o)
    0x000000d0   0x000000d0   0x00000004   Code   RO         6625    .ARM.Collect$$$$0000000E  mc_p.l(entry12b.o)
    0x000000d4   0x000000d4   0x00000000   Code   RO         6620    .ARM.Collect$$$$0000000F  mc_p.l(entry10a.o)
    0x000000d4   0x000000d4   0x00000000   Code   RO         6622    .ARM.Collect$$$$00000011  mc_p.l(entry11a.o)
    0x000000d4   0x000000d4   0x00000004   Code   RO         6611    .ARM.Collect$$$$00002712  mc_p.l(entry2.o)
    0x000000d8   0x000000d8   0x00000078   Code   RO         1417    .emb_text           port.o
    0x00000150   0x00000150   0x0000003c   Code   RO            4    .text               startup_hc32l19x.o
    0x0000018c   0x0000018c   0x0000002c   Code   RO         6315    .text               mc_p.l(uidiv.o)
    0x000001b8   0x000001b8   0x00000060   Code   RO         6319    .text               mc_p.l(uldiv.o)
    0x00000218   0x00000218   0x00000024   Code   RO         6321    .text               mc_p.l(memcpya.o)
    0x0000023c   0x0000023c   0x00000024   Code   RO         6325    .text               mc_p.l(memseta.o)
    0x00000260   0x00000260   0x00000028   Code   RO         6327    .text               mc_p.l(strstr.o)
    0x00000288   0x00000288   0x0000000e   Code   RO         6331    .text               mc_p.l(strlen.o)
    0x00000296   0x00000296   0x00000012   Code   RO         6335    .text               mc_p.l(strcpy.o)
    0x000002a8   0x000002a8   0x0000001e   Code   RO         6337    .text               mc_p.l(strncmp.o)
    0x000002c6   0x000002c6   0x00000020   Code   RO         6629    .text               mc_p.l(llshl.o)
    0x000002e6   0x000002e6   0x00000022   Code   RO         6631    .text               mc_p.l(llushr.o)
    0x00000308   0x00000308   0x00000000   Code   RO         6633    .text               mc_p.l(iusefp.o)
    0x00000308   0x00000308   0x00000168   Code   RO         6636    .text               mf_p.l(dadd.o)
    0x00000470   0x00000470   0x000000d0   Code   RO         6638    .text               mf_p.l(dmul.o)
    0x00000540   0x00000540   0x000000f0   Code   RO         6640    .text               mf_p.l(ddiv.o)
    0x00000630   0x00000630   0x00000040   Code   RO         6642    .text               mf_p.l(dfixul.o)
    0x00000670   0x00000670   0x00000028   Code   RO         6644    .text               mf_p.l(cdrcmple.o)
    0x00000698   0x00000698   0x00000024   Code   RO         6646    .text               mc_p.l(init.o)
    0x000006bc   0x000006bc   0x00000026   Code   RO         6649    .text               mc_p.l(llsshr.o)
    0x000006e2   0x000006e2   0x000000be   Code   RO         6652    .text               mf_p.l(depilogue.o)
    0x000007a0   0x000007a0   0x0000000c   Code   RO         5420    i.ADC_DAC_IRQHandler  interrupts_hc32l19x.o
    0x000007ac   0x000007ac   0x00000008   Code   RO         5421    i.CLKTRIM_IRQHandler  interrupts_hc32l19x.o
    0x000007b4   0x000007b4   0x00000008   Code   RO         5422    i.DMAC_IRQHandler   interrupts_hc32l19x.o
    0x000007bc   0x000007bc   0x0000000c   Code   RO         5424    i.FLASH_RAM_IRQHandler  interrupts_hc32l19x.o
    0x000007c8   0x000007c8   0x00000034   Code   RO         3291    i.Flash_WaitCycle   flash.o
    0x000007fc   0x000007fc   0x0000001c   Code   RO         3383    i.Gpio_ClrIO        gpio.o
    0x00000818   0x00000818   0x0000009c   Code   RO         3390    i.Gpio_Init         gpio.o
    0x000008b4   0x000008b4   0x00000014   Code   RO         3392    i.Gpio_SetAfMode    gpio.o
    0x000008c8   0x000008c8   0x0000001c   Code   RO         3396    i.Gpio_SetIO        gpio.o
    0x000008e4   0x000008e4   0x00000010   Code   RO         5425    i.HardFault_Handler  interrupts_hc32l19x.o
    0x000008f4   0x000008f4   0x00000008   Code   RO         5426    i.I2C0_IRQHandler   interrupts_hc32l19x.o
    0x000008fc   0x000008fc   0x00000008   Code   RO         5427    i.I2C1_IRQHandler   interrupts_hc32l19x.o
    0x00000904   0x00000904   0x00000008   Code   RO         5428    i.LCD_IRQHandler    interrupts_hc32l19x.o
    0x0000090c   0x0000090c   0x0000000c   Code   RO         5429    i.LPTIM0_1_IRQHandler  interrupts_hc32l19x.o
    0x00000918   0x00000918   0x00000008   Code   RO         5430    i.LPUART0_IRQHandler  interrupts_hc32l19x.o
    0x00000920   0x00000920   0x00000008   Code   RO         5431    i.LPUART1_IRQHandler  interrupts_hc32l19x.o
    0x00000928   0x00000928   0x00000008   Code   RO         5432    i.LVD_IRQHandler    interrupts_hc32l19x.o
    0x00000930   0x00000930   0x00000008   Code   RO         5433    i.PCA_IRQHandler    interrupts_hc32l19x.o
    0x00000938   0x00000938   0x00000008   Code   RO         5434    i.PCNT_IRQHandler   interrupts_hc32l19x.o
    0x00000940   0x00000940   0x00000008   Code   RO         5435    i.PORTA_IRQHandler  interrupts_hc32l19x.o
    0x00000948   0x00000948   0x00000008   Code   RO         5436    i.PORTB_IRQHandler  interrupts_hc32l19x.o
    0x00000950   0x00000950   0x0000000c   Code   RO         5437    i.PORTC_E_IRQHandler  interrupts_hc32l19x.o
    0x0000095c   0x0000095c   0x0000000c   Code   RO         5438    i.PORTD_F_IRQHandler  interrupts_hc32l19x.o
    0x00000968   0x00000968   0x00000008   Code   RO          180    i.PendSV_Handler    hc32l19x_it.o
    0x00000970   0x00000970   0x00000008   Code   RO         5439    i.RTC_IRQHandler    interrupts_hc32l19x.o
    0x00000978   0x00000978   0x00000018   Code   RO         4296    i.Reset_RstPeripheral0  reset.o
    0x00000990   0x00000990   0x00000008   Code   RO         5692    i.SEGGER_RTT_Init   segger_rtt.o
    0x00000998   0x00000998   0x00000048   Code   RO         5708    i.SEGGER_RTT_Write  segger_rtt.o
    0x000009e0   0x000009e0   0x00000084   Code   RO         5711    i.SEGGER_RTT_WriteNoLock  segger_rtt.o
    0x00000a64   0x00000a64   0x00000008   Code   RO         5440    i.SPI0_IRQHandler   interrupts_hc32l19x.o
    0x00000a6c   0x00000a6c   0x00000008   Code   RO         5441    i.SPI1_IRQHandler   interrupts_hc32l19x.o
    0x00000a74   0x00000a74   0x00000008   Code   RO          181    i.SVC_Handler       hc32l19x_it.o
    0x00000a7c   0x00000a7c   0x0000001e   Code   RO         3031    i.SetBit            ddl.o
    0x00000a9a   0x00000a9a   0x00000012   Code   RO         4480    i.Spi_GetStatus     spi.o
    0x00000aac   0x00000aac   0x00000024   Code   RO         4481    i.Spi_Init          spi.o
    0x00000ad0   0x00000ad0   0x00000022   Code   RO         4484    i.Spi_RWByte        spi.o
    0x00000af2   0x00000af2   0x00000004   Code   RO         4489    i.Spi_SetCS         spi.o
    0x00000af6   0x00000af6   0x00000008   Code   RO         5442    i.SysTick_Handler   interrupts_hc32l19x.o
    0x00000afe   0x00000afe   0x00000008   Code   RO          182    i.SysTick_IRQHandler  hc32l19x_it.o
    0x00000b06   0x00000b06   0x00000002   PAD
    0x00000b08   0x00000b08   0x0000016c   Code   RO         4577    i.Sysctrl_ClkSourceEnable  sysctrl.o
    0x00000c74   0x00000c74   0x00000174   Code   RO         4578    i.Sysctrl_GetHClkFreq  sysctrl.o
    0x00000de8   0x00000de8   0x00000028   Code   RO         4582    i.Sysctrl_SetHCLKDiv  sysctrl.o
    0x00000e10   0x00000e10   0x00000028   Code   RO         4583    i.Sysctrl_SetPCLKDiv  sysctrl.o
    0x00000e38   0x00000e38   0x00000114   Code   RO         4584    i.Sysctrl_SetPLLFreq  sysctrl.o
    0x00000f4c   0x00000f4c   0x00000050   Code   RO         4586    i.Sysctrl_SetPeripheralGate  sysctrl.o
    0x00000f9c   0x00000f9c   0x00000028   Code   RO         4587    i.Sysctrl_SetRCHTrim  sysctrl.o
    0x00000fc4   0x00000fc4   0x0000002c   Code   RO         4594    i.Sysctrl_SysClkSwitch  sysctrl.o
    0x00000ff0   0x00000ff0   0x00000010   Code   RO         5652    i.SystemCoreClockUpdate  system_hc32l19x.o
    0x00001000   0x00001000   0x00000008   Code   RO         5653    i.SystemInit        system_hc32l19x.o
    0x00001008   0x00001008   0x00000008   Code   RO         5443    i.TIM0_IRQHandler   interrupts_hc32l19x.o
    0x00001010   0x00001010   0x00000008   Code   RO         5444    i.TIM1_IRQHandler   interrupts_hc32l19x.o
    0x00001018   0x00001018   0x00000008   Code   RO         5445    i.TIM2_IRQHandler   interrupts_hc32l19x.o
    0x00001020   0x00001020   0x00000008   Code   RO         5446    i.TIM3_IRQHandler   interrupts_hc32l19x.o
    0x00001028   0x00001028   0x00000008   Code   RO         5447    i.TIM4_IRQHandler   interrupts_hc32l19x.o
    0x00001030   0x00001030   0x00000008   Code   RO         5448    i.TIM5_IRQHandler   interrupts_hc32l19x.o
    0x00001038   0x00001038   0x00000008   Code   RO         5449    i.TIM6_IRQHandler   interrupts_hc32l19x.o
    0x00001040   0x00001040   0x0000000c   Code   RO         5450    i.UART0_2_IRQHandler  interrupts_hc32l19x.o
    0x0000104c   0x0000104c   0x0000000c   Code   RO         5451    i.UART1_3_IRQHandler  interrupts_hc32l19x.o
    0x00001058   0x00001058   0x00000008   Code   RO         5452    i.VC0_IRQHandler    interrupts_hc32l19x.o
    0x00001060   0x00001060   0x0000000c   Code   RO         5453    i.VC1_2_IRQHandler  interrupts_hc32l19x.o
    0x0000106c   0x0000106c   0x00000008   Code   RO         5454    i.WDT_IRQHandler    interrupts_hc32l19x.o
    0x00001074   0x00001074   0x00000070   Code   RO         5715    i._DoInit           segger_rtt.o
    0x000010e4   0x000010e4   0x0000001c   Code   RO         5716    i._GetAvailWriteSpace  segger_rtt.o
    0x00001100   0x00001100   0x00000018   Code   RO         4597    i._SysctrlUnlock    sysctrl.o
    0x00001118   0x00001118   0x0000007e   Code   RO         5718    i._WriteBlocking    segger_rtt.o
    0x00001196   0x00001196   0x00000056   Code   RO         5719    i._WriteNoCheck     segger_rtt.o
    0x000011ec   0x000011ec   0x00000038   Code   RO         6575    i.__0snprintf       mc_p.l(printfa.o)
    0x00001224   0x00001224   0x00000030   Code   RO         6579    i.__0vsnprintf      mc_p.l(printfa.o)
    0x00001254   0x00001254   0x0000002e   Code   RO         6654    i.__ARM_clz         mf_p.l(depilogue.o)
    0x00001282   0x00001282   0x00000030   Code   RO          576    i.__ARM_common_ll_muluu  bsp_display_port.o
    0x000012b2   0x000012b2   0x0000001c   Code   RO         1096    i.__ARM_common_switch8  tasks.o
    0x000012ce   0x000012ce   0x0000000e   Code   RO         6658    i.__scatterload_copy  mc_p.l(handlers.o)
    0x000012dc   0x000012dc   0x00000002   Code   RO         6659    i.__scatterload_null  mc_p.l(handlers.o)
    0x000012de   0x000012de   0x0000000e   Code   RO         6660    i.__scatterload_zeroinit  mc_p.l(handlers.o)
    0x000012ec   0x000012ec   0x00000174   Code   RO         6581    i._fp_digits        mc_p.l(printfa.o)
    0x00001460   0x00001460   0x000006f0   Code   RO         6582    i._printf_core      mc_p.l(printfa.o)
    0x00001b50   0x00001b50   0x00000020   Code   RO         6583    i._printf_post_padding  mc_p.l(printfa.o)
    0x00001b70   0x00001b70   0x0000002c   Code   RO         6584    i._printf_pre_padding  mc_p.l(printfa.o)
    0x00001b9c   0x00001b9c   0x00000016   Code   RO         6585    i._snputc           mc_p.l(printfa.o)
    0x00001bb2   0x00001bb2   0x00000002   PAD
    0x00001bb4   0x00001bb4   0x0000005c   Code   RO           12    i.board_clock_init  board.o
    0x00001c10   0x00001c10   0x0000002e   Code   RO           13    i.board_gpio_output_init  board.o
    0x00001c3e   0x00001c3e   0x0000003c   Code   RO           14    i.board_init        board.o
    0x00001c7a   0x00001c7a   0x00000002   PAD
    0x00001c7c   0x00001c7c   0x000000a4   Code   RO           15    i.board_oled_spi_init  board.o
    0x00001d20   0x00001d20   0x000000f4   Code   RO          472    i.bsp_display_port_clear_impl  bsp_display_port.o
    0x00001e14   0x00001e14   0x00000114   Code   RO          473    i.bsp_display_port_deinit_impl  bsp_display_port.o
    0x00001f28   0x00001f28   0x00000018   Code   RO          474    i.bsp_display_port_delay_loop  bsp_display_port.o
    0x00001f40   0x00001f40   0x0000003a   Code   RO          475    i.bsp_display_port_delay_ms  bsp_display_port.o
    0x00001f7a   0x00001f7a   0x00000002   PAD
    0x00001f7c   0x00001f7c   0x0000002c   Code   RO          476    i.bsp_display_port_delay_ms_busy  bsp_display_port.o
    0x00001fa8   0x00001fa8   0x00000134   Code   RO          477    i.bsp_display_port_draw_pixel_impl  bsp_display_port.o
    0x000020dc   0x000020dc   0x00000128   Code   RO          478    i.bsp_display_port_draw_text_impl  bsp_display_port.o
    0x00002204   0x00002204   0x00000108   Code   RO          479    i.bsp_display_port_fill_impl  bsp_display_port.o
    0x0000230c   0x0000230c   0x000001a8   Code   RO          480    i.bsp_display_port_get_buffer_impl  bsp_display_port.o
    0x000024b4   0x000024b4   0x00000020   Code   RO          481    i.bsp_display_port_get_handler  bsp_display_port.o
    0x000024d4   0x000024d4   0x000001e8   Code   RO          482    i.bsp_display_port_init  bsp_display_port.o
    0x000026bc   0x000026bc   0x00000114   Code   RO          483    i.bsp_display_port_init_impl  bsp_display_port.o
    0x000027d0   0x000027d0   0x00000100   Code   RO          484    i.bsp_display_port_refresh_impl  bsp_display_port.o
    0x000028d0   0x000028d0   0x0000001c   Code   RO          485    i.bsp_display_port_reset  bsp_display_port.o
    0x000028ec   0x000028ec   0x00000070   Code   RO          486    i.bsp_display_port_spi_send  bsp_display_port.o
    0x0000295c   0x0000295c   0x00000002   Code   RO          487    i.bsp_display_port_status_from_handler  bsp_display_port.o
    0x0000295e   0x0000295e   0x00000018   Code   RO          488    i.bsp_display_port_write_cmd  bsp_display_port.o
    0x00002976   0x00002976   0x00000018   Code   RO          489    i.bsp_display_port_write_data  bsp_display_port.o
    0x0000298e   0x0000298e   0x0000000e   Code   RO          372    i.bsp_display_wrapper_check_idx  bsp_display_wrapper.o
    0x0000299c   0x0000299c   0x000000ec   Code   RO          378    i.bsp_display_wrapper_fill  bsp_display_wrapper.o
    0x00002a88   0x00002a88   0x00000030   Code   RO          380    i.bsp_display_wrapper_get_current_dev  bsp_display_wrapper.o
    0x00002ab8   0x00002ab8   0x00000008   Code   RO          381    i.bsp_display_wrapper_get_dev  bsp_display_wrapper.o
    0x00002ac0   0x00002ac0   0x000000f0   Code   RO          383    i.bsp_display_wrapper_refresh  bsp_display_wrapper.o
    0x00002bb0   0x00002bb0   0x0000003c   Code   RO          384    i.bsp_display_wrapper_reg  bsp_display_wrapper.o
    0x00002bec   0x00002bec   0x00000030   Code   RO          304    i.bsp_oled_driver_check  bsp_oled_driver.o
    0x00002c1c   0x00002c1c   0x0000009c   Code   RO          305    i.bsp_oled_driver_clear_impl  bsp_oled_driver.o
    0x00002cb8   0x00002cb8   0x00000090   Code   RO          306    i.bsp_oled_driver_deinit_impl  bsp_oled_driver.o
    0x00002d48   0x00002d48   0x0000012c   Code   RO          307    i.bsp_oled_driver_draw_pixel_impl  bsp_oled_driver.o
    0x00002e74   0x00002e74   0x000000a4   Code   RO          308    i.bsp_oled_driver_fill_impl  bsp_oled_driver.o
    0x00002f18   0x00002f18   0x000000f4   Code   RO          309    i.bsp_oled_driver_get_buffer_impl  bsp_oled_driver.o
    0x0000300c   0x0000300c   0x000002c8   Code   RO          310    i.bsp_oled_driver_init_impl  bsp_oled_driver.o
    0x000032d4   0x000032d4   0x00000014   Code   RO          311    i.bsp_oled_driver_init_sequence  bsp_oled_driver.o
    0x000032e8   0x000032e8   0x00000208   Code   RO          312    i.bsp_oled_driver_inst  bsp_oled_driver.o
    0x000034f0   0x000034f0   0x00000016   Code   RO          313    i.bsp_oled_driver_memset  bsp_oled_driver.o
    0x00003506   0x00003506   0x00000002   PAD
    0x00003508   0x00003508   0x00000218   Code   RO          314    i.bsp_oled_driver_refresh_impl  bsp_oled_driver.o
    0x00003720   0x00003720   0x00000010   Code   RO          315    i.bsp_oled_driver_write_cmd  bsp_oled_driver.o
    0x00003730   0x00003730   0x00000022   Code   RO          219    i.bsp_oled_handler_check  bsp_oled_handler.o
    0x00003752   0x00003752   0x00000002   PAD
    0x00003754   0x00003754   0x00000128   Code   RO          220    i.bsp_oled_handler_check_ready  bsp_oled_handler.o
    0x0000387c   0x0000387c   0x00000034   Code   RO          221    i.bsp_oled_handler_clear_impl  bsp_oled_handler.o
    0x000038b0   0x000038b0   0x0000004a   Code   RO          222    i.bsp_oled_handler_deinit_impl  bsp_oled_handler.o
    0x000038fa   0x000038fa   0x00000042   Code   RO          223    i.bsp_oled_handler_draw_pixel_impl  bsp_oled_handler.o
    0x0000393c   0x0000393c   0x000000fc   Code   RO          224    i.bsp_oled_handler_draw_text_impl  bsp_oled_handler.o
    0x00003a38   0x00003a38   0x00000038   Code   RO          225    i.bsp_oled_handler_fill_impl  bsp_oled_handler.o
    0x00003a70   0x00003a70   0x000000a4   Code   RO          226    i.bsp_oled_handler_get_driver_impl  bsp_oled_handler.o
    0x00003b14   0x00003b14   0x00000130   Code   RO          227    i.bsp_oled_handler_init_impl  bsp_oled_handler.o
    0x00003c44   0x00003c44   0x0000021c   Code   RO          228    i.bsp_oled_handler_inst  bsp_oled_handler.o
    0x00003e60   0x00003e60   0x00000034   Code   RO          229    i.bsp_oled_handler_refresh_impl  bsp_oled_handler.o
    0x00003e94   0x00003e94   0x00000002   Code   RO          230    i.bsp_oled_handler_status_from_driver  bsp_oled_handler.o
    0x00003e96   0x00003e96   0x0000010a   Code   RO          592    i.bsp_oled_text_draw_glyph  bsp_oled_text.o
    0x00003fa0   0x00003fa0   0x00000100   Code   RO          593    i.bsp_oled_text_draw_utf8  bsp_oled_text.o
    0x000040a0   0x000040a0   0x000000ac   Code   RO          594    i.bsp_oled_text_utf8_decode  bsp_oled_text.o
    0x0000414c   0x0000414c   0x00000020   Code   RO         3032    i.ddl_memclr        ddl.o
    0x0000416c   0x0000416c   0x0000005c   Code   RO         3034    i.delay10us         ddl.o
    0x000041c8   0x000041c8   0x0000011c   Code   RO         6027    i.elog_get_filter_tag_lvl  elog.o
    0x000042e4   0x000042e4   0x00000084   Code   RO         6031    i.elog_init         elog.o
    0x00004368   0x00004368   0x00000440   Code   RO         6032    i.elog_output       elog.o
    0x000047a8   0x000047a8   0x00000024   Code   RO         6033    i.elog_output_lock  elog.o
    0x000047cc   0x000047cc   0x00000040   Code   RO         6034    i.elog_output_lock_enabled  elog.o
    0x0000480c   0x0000480c   0x00000024   Code   RO         6035    i.elog_output_unlock  elog.o
    0x00004830   0x00004830   0x00000008   Code   RO         5963    i.elog_port_get_p_info  elog_port.o
    0x00004838   0x00004838   0x00000008   Code   RO         5964    i.elog_port_get_t_info  elog_port.o
    0x00004840   0x00004840   0x00000008   Code   RO         5965    i.elog_port_get_time  elog_port.o
    0x00004848   0x00004848   0x0000000c   Code   RO         5966    i.elog_port_init    elog_port.o
    0x00004854   0x00004854   0x00000012   Code   RO         5967    i.elog_port_output  elog_port.o
    0x00004866   0x00004866   0x00000002   Code   RO         5968    i.elog_port_output_lock  elog_port.o
    0x00004868   0x00004868   0x00000002   Code   RO         5969    i.elog_port_output_unlock  elog_port.o
    0x0000486a   0x0000486a   0x00000002   PAD
    0x0000486c   0x0000486c   0x000000c8   Code   RO         6039    i.elog_set_filter_lvl  elog.o
    0x00004934   0x00004934   0x0000003c   Code   RO         6042    i.elog_set_filter_tag_lvl_default  elog.o
    0x00004970   0x00004970   0x000000cc   Code   RO         6043    i.elog_set_fmt      elog.o
    0x00004a3c   0x00004a3c   0x000000d8   Code   RO         6044    i.elog_set_output_enabled  elog.o
    0x00004b14   0x00004b14   0x000000d8   Code   RO         6045    i.elog_set_text_color_enabled  elog.o
    0x00004bec   0x00004bec   0x00000098   Code   RO         6046    i.elog_start        elog.o
    0x00004c84   0x00004c84   0x00000110   Code   RO         6216    i.elog_strcpy       elog_utils.o
    0x00004d94   0x00004d94   0x000000d8   Code   RO         6048    i.get_fmt_enabled   elog.o
    0x00004e6c   0x00004e6c   0x00000020   Code   RO         6049    i.get_fmt_used_and_enabled_ptr  elog.o
    0x00004e8c   0x00004e8c   0x00000020   Code   RO         6050    i.get_fmt_used_and_enabled_u32  elog.o
    0x00004eac   0x00004eac   0x0000004a   Code   RO          620    i.lv_font_get_bitmap_fmt_txt  lvgl_font_port.o
    0x00004ef6   0x00004ef6   0x00000078   Code   RO          621    i.lv_font_get_glyph_dsc_fmt_txt  lvgl_font_port.o
    0x00004f6e   0x00004f6e   0x0000009a   Code   RO          622    i.lvgl_font_port_find_glyph_id  lvgl_font_port.o
    0x00005008   0x00005008   0x000000a4   Code   RO          116    i.main              main.o
    0x000050ac   0x000050ac   0x000000b0   Code   RO          675    i.prvAddCurrentTaskToDelayedList  tasks.o
    0x0000515c   0x0000515c   0x000000e8   Code   RO          676    i.prvAddNewTaskToReadyList  tasks.o
    0x00005244   0x00005244   0x00000048   Code   RO          677    i.prvCheckTasksWaitingTermination  tasks.o
    0x0000528c   0x0000528c   0x0000006c   Code   RO          678    i.prvCreateIdleTasks  tasks.o
    0x000052f8   0x000052f8   0x00000058   Code   RO          679    i.prvCreateTask     tasks.o
    0x00005350   0x00005350   0x00000012   Code   RO          680    i.prvDeleteTCB      tasks.o
    0x00005362   0x00005362   0x00000002   PAD
    0x00005364   0x00005364   0x00000070   Code   RO         1496    i.prvHeapInit       heap_4.o
    0x000053d4   0x000053d4   0x00000018   Code   RO          681    i.prvIdleTask       tasks.o
    0x000053ec   0x000053ec   0x000000c2   Code   RO          682    i.prvInitialiseNewTask  tasks.o
    0x000054ae   0x000054ae   0x00000002   PAD
    0x000054b0   0x000054b0   0x00000064   Code   RO          683    i.prvInitialiseTaskLists  tasks.o
    0x00005514   0x00005514   0x00000098   Code   RO         1497    i.prvInsertBlockIntoFreeList  heap_4.o
    0x000055ac   0x000055ac   0x00000034   Code   RO          685    i.prvResetNextTaskUnblockTime  tasks.o
    0x000055e0   0x000055e0   0x00000028   Code   RO         1418    i.prvTaskExitError  port.o
    0x00005608   0x00005608   0x000001d8   Code   RO         1499    i.pvPortMalloc      heap_4.o
    0x000057e0   0x000057e0   0x00000020   Code   RO         1419    i.pxPortInitialiseStack  port.o
    0x00005800   0x00005800   0x00000028   Code   RO         1373    i.uxListRemove      list.o
    0x00005828   0x00005828   0x0000001a   Code   RO         1374    i.vListInitialise   list.o
    0x00005842   0x00005842   0x00000006   Code   RO         1375    i.vListInitialiseItem  list.o
    0x00005848   0x00005848   0x00000036   Code   RO         1376    i.vListInsert       list.o
    0x0000587e   0x0000587e   0x00000002   PAD
    0x00005880   0x00005880   0x0000001c   Code   RO         1421    i.vPortEnterCritical  port.o
    0x0000589c   0x0000589c   0x0000002c   Code   RO         1422    i.vPortExitCritical  port.o
    0x000058c8   0x000058c8   0x000000a8   Code   RO         1500    i.vPortFree         heap_4.o
    0x00005970   0x00005970   0x00000002   Code   RO         1423    i.vPortSVCHandler   port.o
    0x00005972   0x00005972   0x00000002   PAD
    0x00005974   0x00005974   0x0000001c   Code   RO         1424    i.vPortSetupTimerInterrupt  port.o
    0x00005990   0x00005990   0x00000018   Code   RO         1425    i.vPortYield        port.o
    0x000059a8   0x000059a8   0x00000044   Code   RO          703    i.vTaskDelay        tasks.o
    0x000059ec   0x000059ec   0x00000058   Code   RO          720    i.vTaskStartScheduler  tasks.o
    0x00005a44   0x00005a44   0x00000010   Code   RO          722    i.vTaskSuspendAll   tasks.o
    0x00005a54   0x00005a54   0x0000008c   Code   RO          723    i.vTaskSwitchContext  tasks.o
    0x00005ae0   0x00005ae0   0x00000038   Code   RO         1426    i.xPortStartScheduler  port.o
    0x00005b18   0x00005b18   0x00000024   Code   RO         1427    i.xPortSysTickHandler  port.o
    0x00005b3c   0x00005b3c   0x00000032   Code   RO          726    i.xTaskCreate       tasks.o
    0x00005b6e   0x00005b6e   0x00000002   PAD
    0x00005b70   0x00005b70   0x00000024   Code   RO          735    i.xTaskGetSchedulerState  tasks.o
    0x00005b94   0x00005b94   0x000001c0   Code   RO          738    i.xTaskIncrementTick  tasks.o
    0x00005d54   0x00005d54   0x0000018c   Code   RO          742    i.xTaskResumeAll    tasks.o
    0x00005ee0   0x00005ee0   0x00000005   Data   RO          117    .constdata          main.o
    0x00005ee5   0x00005ee5   0x0000008f   Data   RO          231    .constdata          bsp_oled_handler.o
    0x00005f74   0x00005f74   0x000000f5   Data   RO          316    .constdata          bsp_oled_driver.o
    0x00006069   0x00006069   0x00000003   PAD
    0x0000606c   0x0000606c   0x0000016c   Data   RO          388    .constdata          bsp_display_wrapper.o
    0x000061d8   0x000061d8   0x00000105   Data   RO          491    .constdata          bsp_display_port.o
    0x000062dd   0x000062dd   0x00000003   PAD
    0x000062e0   0x000062e0   0x00001084   Data   RO          643    .constdata          lv_font_cn_16.o
    0x00007364   0x00007364   0x00000018   Data   RO         4598    .constdata          sysctrl.o
    0x0000737c   0x0000737c   0x000000e2   Data   RO         6052    .constdata          elog.o
    0x0000745e   0x0000745e   0x00000023   Data   RO         6217    .constdata          elog_utils.o
    0x00007481   0x00007481   0x00000003   PAD
    0x00007484   0x00007484   0x00000046   Data   RO         6053    .conststring        elog.o
    0x000074ca   0x000074ca   0x00000002   PAD
    0x000074cc   0x000074cc   0x00000020   Data   RO         6656    Region$$Table       anon$$obj.o


    Execution Region RW_IRAM1 (Exec base: 0x20000000, Load base: 0x000074ec, Size: 0x00006378, Max: 0x00008000, ABSOLUTE)

    Exec Addr    Load Addr    Size         Type   Attr      Idx    E Section Name        Object

    0x20000000   0x000074ec   0x00000004   Data   RW          389    .data               bsp_display_wrapper.o
    0x20000004   0x000074f0   0x00000001   Data   RW          492    .data               bsp_display_port.o
    0x20000005   0x000074f1   0x00000003   PAD
    0x20000008   0x000074f4   0x00000008   Data   RW          644    .data               lv_font_cn_16.o
    0x20000010   0x000074fc   0x00000040   Data   RW          745    .data               tasks.o
    0x20000050   0x0000753c   0x00000004   Data   RW         1428    .data               port.o
    0x20000054   0x00007540   0x0000001c   Data   RW         1507    .data               heap_4.o
    0x20000070   0x0000755c   0x00000001   Data   RW         4599    .data               sysctrl.o
    0x20000071   0x0000755d   0x00000003   PAD
    0x20000074   0x00007560   0x00000004   Data   RW         5654    .data               system_hc32l19x.o
    0x20000078   0x00007564   0x00000034   Data   RW         6054    .data               elog.o
    0x200000ac        -       0x00000030   Zero   RW          387    .bss                bsp_display_wrapper.o
    0x200000dc        -       0x00000468   Zero   RW          490    .bss                bsp_display_port.o
    0x20000544        -       0x000002e4   Zero   RW          744    .bss                tasks.o
    0x20000828        -       0x00005000   Zero   RW         1506    .bss                heap_4.o
    0x20005828        -       0x00000458   Zero   RW         5720    .bss                segger_rtt.o
    0x20005c80        -       0x000004f8   Zero   RW         6051    .bss                elog.o
    0x20006178        -       0x00000200   Zero   RW            1    STACK               startup_hc32l19x.o


==============================================================================

Image component sizes


      Code (inc. data)   RO Data    RW Data    ZI Data      Debug   Object Name

       362          8          0          0          0     188301   board.o
      3228       1502        261          1       1128      12988   bsp_display_port.o
       606        330        364          4         48      10426   bsp_display_wrapper.o
      2882       1360        245          0          0       9431   bsp_oled_driver.o
      1892        832        143          0          0      17121   bsp_oled_handler.o
       694          6          0          0          0       3878   bsp_oled_text.o
       154         18          0          0          0       2114   ddl.o
      2968       1078        296         52       1272      18716   elog.o
        58         12          0          0          0       3505   elog_port.o
       272        104         35          0          0       2661   elog_utils.o
        52         14          0          0          0        586   flash.o
       232         28          0          0          0       2827   gpio.o
        24          0          0          0          0       1864   hc32l19x_it.o
       904         88          0         28      20480       5587   heap_4.o
       312          0          0          0          0      17280   interrupts_hc32l19x.o
       126          0          0          0          0       2661   list.o
         0          0       4228          8          0       3152   lv_font_cn_16.o
       348          0          0          0          0       3037   lvgl_font_port.o
       164         86          5          0          0       9763   main.o
       410         58          0          4          0       6567   port.o
        24          4          0          0          0        503   reset.o
       564         48          0          0       1112      10316   segger_rtt.o
        92          0          0          0          0       2680   spi.o
        60         22        192          0        512        624   startup_hc32l19x.o
      1280        108         24          1          0       7251   sysctrl.o
        24          8          0          4          0       1111   system_hc32l19x.o
      2334        254          0         64        740      26854   tasks.o

    ----------------------------------------------------------------------
     20088       5968       5836        172      25292     371804   Object Totals
         0          0         32          0          0          0   (incl. Generated)
        22          0         11          6          0          0   (incl. Padding)

    ----------------------------------------------------------------------

      Code (inc. data)   RO Data    RW Data    ZI Data      Debug   Library Member Name

         0          0          0          0          0          0   entry.o
         0          0          0          0          0          0   entry10a.o
         0          0          0          0          0          0   entry11a.o
         4          0          0          0          0          0   entry12b.o
         8          4          0          0          0          0   entry2.o
         4          0          0          0          0          0   entry5.o
         0          0          0          0          0          0   entry7b.o
         0          0          0          0          0          0   entry8b.o
         8          4          0          0          0          0   entry9a.o
        30          0          0          0          0          0   handlers.o
        36          8          0          0          0         68   init.o
         0          0          0          0          0          0   iusefp.o
        32          0          0          0          0         68   llshl.o
        38          0          0          0          0         68   llsshr.o
        34          0          0          0          0         68   llushr.o
        36          0          0          0          0         60   memcpya.o
        36          0          0          0          0        100   memseta.o
      2350        100          0          0          0        552   printfa.o
        18          0          0          0          0         60   strcpy.o
        14          0          0          0          0         60   strlen.o
        30          0          0          0          0         72   strncmp.o
        40          0          0          0          0         72   strstr.o
        44          0          0          0          0         72   uidiv.o
        96          0          0          0          0         84   uldiv.o
        40          2          0          0          0         68   cdrcmple.o
       360          6          0          0          0        140   dadd.o
       240          6          0          0          0         84   ddiv.o
       236          0          0          0          0        216   depilogue.o
        64         10          0          0          0         68   dfixul.o
       208          6          0          0          0         88   dmul.o

    ----------------------------------------------------------------------
      4008        146          0          0          0       2068   Library Totals
         2          0          0          0          0          0   (incl. Padding)

    ----------------------------------------------------------------------

      Code (inc. data)   RO Data    RW Data    ZI Data      Debug   Library Name

      2858        116          0          0          0       1404   mc_p.l
      1148         30          0          0          0        664   mf_p.l

    ----------------------------------------------------------------------
      4008        146          0          0          0       2068   Library Totals

    ----------------------------------------------------------------------

==============================================================================


      Code (inc. data)   RO Data    RW Data    ZI Data      Debug   

     24096       6114       5836        172      25292     364944   Grand Totals
     24096       6114       5836        172      25292     364944   ELF Image Totals
     24096       6114       5836        172          0          0   ROM Totals

==============================================================================

    Total RO  Size (Code + RO Data)                29932 (  29.23kB)
    Total RW  Size (RW Data + ZI Data)             25464 (  24.87kB)
    Total ROM Size (Code + RO Data + RW Data)      30104 (  29.40kB)

==============================================================================

