Component: ARM Compiler 5.06 update 7 (build 960) Tool: armlink [4d3601]

==============================================================================

Image Symbol Table

    Local Symbols

    Symbol Name                              Value     Ov Type        Size  Object(Section)

    RESET                                    0x00000000   Section      192  startup_hc32l19x.o(RESET)
    ../clib/microlib/division.c              0x00000000   Number         0  uidiv.o ABSOLUTE
    ../clib/microlib/division.c              0x00000000   Number         0  uldiv.o ABSOLUTE
    ../clib/microlib/division.c              0x00000000   Number         0  idiv.o ABSOLUTE
    ../clib/microlib/init/entry.s            0x00000000   Number         0  entry11a.o ABSOLUTE
    ../clib/microlib/init/entry.s            0x00000000   Number         0  entry10b.o ABSOLUTE
    ../clib/microlib/init/entry.s            0x00000000   Number         0  entry8a.o ABSOLUTE
    ../clib/microlib/init/entry.s            0x00000000   Number         0  entry10a.o ABSOLUTE
    ../clib/microlib/init/entry.s            0x00000000   Number         0  entry9b.o ABSOLUTE
    ../clib/microlib/init/entry.s            0x00000000   Number         0  entry7b.o ABSOLUTE
    ../clib/microlib/init/entry.s            0x00000000   Number         0  entry5.o ABSOLUTE
    ../clib/microlib/init/entry.s            0x00000000   Number         0  entry8b.o ABSOLUTE
    ../clib/microlib/init/entry.s            0x00000000   Number         0  entry12a.o ABSOLUTE
    ../clib/microlib/init/entry.s            0x00000000   Number         0  entry.o ABSOLUTE
    ../clib/microlib/init/entry.s            0x00000000   Number         0  entry12b.o ABSOLUTE
    ../clib/microlib/init/entry.s            0x00000000   Number         0  entry9a.o ABSOLUTE
    ../clib/microlib/init/entry.s            0x00000000   Number         0  entry2.o ABSOLUTE
    ../clib/microlib/init/entry.s            0x00000000   Number         0  entry11b.o ABSOLUTE
    ../clib/microlib/init/entry.s            0x00000000   Number         0  entry7a.o ABSOLUTE
    ../clib/microlib/longlong.c              0x00000000   Number         0  llushr.o ABSOLUTE
    ../clib/microlib/longlong.c              0x00000000   Number         0  llshl.o ABSOLUTE
    ../clib/microlib/longlong.c              0x00000000   Number         0  llsshr.o ABSOLUTE
    ../clib/microlib/printf/printf.c         0x00000000   Number         0  printf3.o ABSOLUTE
    ../clib/microlib/printf/printf.c         0x00000000   Number         0  printf4.o ABSOLUTE
    ../clib/microlib/printf/printf.c         0x00000000   Number         0  printf5.o ABSOLUTE
    ../clib/microlib/printf/printf.c         0x00000000   Number         0  printfb.o ABSOLUTE
    ../clib/microlib/printf/printf.c         0x00000000   Number         0  printf6.o ABSOLUTE
    ../clib/microlib/printf/printf.c         0x00000000   Number         0  printf7.o ABSOLUTE
    ../clib/microlib/printf/printf.c         0x00000000   Number         0  printf8.o ABSOLUTE
    ../clib/microlib/printf/printf.c         0x00000000   Number         0  printfa.o ABSOLUTE
    ../clib/microlib/printf/printf.c         0x00000000   Number         0  printf2.o ABSOLUTE
    ../clib/microlib/printf/printf.c         0x00000000   Number         0  printf1.o ABSOLUTE
    ../clib/microlib/printf/printf.c         0x00000000   Number         0  printf0.o ABSOLUTE
    ../clib/microlib/printf/stubs.s          0x00000000   Number         0  stubs.o ABSOLUTE
    ../clib/microlib/stdio/fputc.c           0x00000000   Number         0  fputc.o ABSOLUTE
    ../clib/microlib/stdio/semi.s            0x00000000   Number         0  semi.o ABSOLUTE
    ../clib/microlib/stdio/streams.c         0x00000000   Number         0  stdout.o ABSOLUTE
    ../clib/microlib/string/memchr.c         0x00000000   Number         0  memchr.o ABSOLUTE
    ../clib/microlib/string/memcpy.c         0x00000000   Number         0  memcpya.o ABSOLUTE
    ../clib/microlib/string/memcpy.c         0x00000000   Number         0  memcpyb.o ABSOLUTE
    ../clib/microlib/string/memset.c         0x00000000   Number         0  memset.o ABSOLUTE
    ../clib/microlib/string/memset.c         0x00000000   Number         0  memseta.o ABSOLUTE
    ../clib/microlib/string/strcpy.c         0x00000000   Number         0  strcpy.o ABSOLUTE
    ../clib/microlib/string/strlen.c         0x00000000   Number         0  strlen.o ABSOLUTE
    ../clib/microlib/string/strncmp.c        0x00000000   Number         0  strncmp.o ABSOLUTE
    ../clib/microlib/string/strncpy.c        0x00000000   Number         0  strncpy.o ABSOLUTE
    ../clib/microlib/string/strstr.c         0x00000000   Number         0  strstr.o ABSOLUTE
    ../clib/microlib/stubs.s                 0x00000000   Number         0  iusefp.o ABSOLUTE
    ../clib/microlib/stubs.s                 0x00000000   Number         0  iusesemip.o ABSOLUTE
    ../fplib/microlib/fpadd.c                0x00000000   Number         0  fadd.o ABSOLUTE
    ../fplib/microlib/fpadd.c                0x00000000   Number         0  dadd.o ABSOLUTE
    ../fplib/microlib/fpdiv.c                0x00000000   Number         0  ddiv.o ABSOLUTE
    ../fplib/microlib/fpdiv.c                0x00000000   Number         0  fdiv.o ABSOLUTE
    ../fplib/microlib/fpepilogue.c           0x00000000   Number         0  fepilogue.o ABSOLUTE
    ../fplib/microlib/fpepilogue.c           0x00000000   Number         0  depilogue.o ABSOLUTE
    ../fplib/microlib/fpfix.c                0x00000000   Number         0  dfixul.o ABSOLUTE
    ../fplib/microlib/fpfix.c                0x00000000   Number         0  ffixui.o ABSOLUTE
    ../fplib/microlib/fpflt.c                0x00000000   Number         0  ffltui.o ABSOLUTE
    ../fplib/microlib/fpmul.c                0x00000000   Number         0  dmul.o ABSOLUTE
    ..\Core\Src\hc32l19x_it.c                0x00000000   Number         0  hc32l19x_it.o ABSOLUTE
    ..\Core\Src\main.c                       0x00000000   Number         0  main.o ABSOLUTE
    ..\Core\Src\system_hc32l19x.c            0x00000000   Number         0  system_hc32l19x.o ABSOLUTE
    ..\Drivers\HC32L19x_HAL_Driver\Src\adc.c 0x00000000   Number         0  adc.o ABSOLUTE
    ..\Drivers\HC32L19x_HAL_Driver\Src\adt.c 0x00000000   Number         0  adt.o ABSOLUTE
    ..\Drivers\HC32L19x_HAL_Driver\Src\aes.c 0x00000000   Number         0  aes.o ABSOLUTE
    ..\Drivers\HC32L19x_HAL_Driver\Src\bgr.c 0x00000000   Number         0  bgr.o ABSOLUTE
    ..\Drivers\HC32L19x_HAL_Driver\Src\bt.c  0x00000000   Number         0  bt.o ABSOLUTE
    ..\Drivers\HC32L19x_HAL_Driver\Src\crc.c 0x00000000   Number         0  crc.o ABSOLUTE
    ..\Drivers\HC32L19x_HAL_Driver\Src\dac.c 0x00000000   Number         0  dac.o ABSOLUTE
    ..\Drivers\HC32L19x_HAL_Driver\Src\ddl.c 0x00000000   Number         0  ddl.o ABSOLUTE
    ..\Drivers\HC32L19x_HAL_Driver\Src\debug.c 0x00000000   Number         0  debug.o ABSOLUTE
    ..\Drivers\HC32L19x_HAL_Driver\Src\dmac.c 0x00000000   Number         0  dmac.o ABSOLUTE
    ..\Drivers\HC32L19x_HAL_Driver\Src\flash.c 0x00000000   Number         0  flash.o ABSOLUTE
    ..\Drivers\HC32L19x_HAL_Driver\Src\gpio.c 0x00000000   Number         0  gpio.o ABSOLUTE
    ..\Drivers\HC32L19x_HAL_Driver\Src\i2c.c 0x00000000   Number         0  i2c.o ABSOLUTE
    ..\Drivers\HC32L19x_HAL_Driver\Src\interrupts_hc32l19x.c 0x00000000   Number         0  interrupts_hc32l19x.o ABSOLUTE
    ..\Drivers\HC32L19x_HAL_Driver\Src\lcd.c 0x00000000   Number         0  lcd.o ABSOLUTE
    ..\Drivers\HC32L19x_HAL_Driver\Src\lpm.c 0x00000000   Number         0  lpm.o ABSOLUTE
    ..\Drivers\HC32L19x_HAL_Driver\Src\lptim.c 0x00000000   Number         0  lptim.o ABSOLUTE
    ..\Drivers\HC32L19x_HAL_Driver\Src\lpuart.c 0x00000000   Number         0  lpuart.o ABSOLUTE
    ..\Drivers\HC32L19x_HAL_Driver\Src\lvd.c 0x00000000   Number         0  lvd.o ABSOLUTE
    ..\Drivers\HC32L19x_HAL_Driver\Src\opa.c 0x00000000   Number         0  opa.o ABSOLUTE
    ..\Drivers\HC32L19x_HAL_Driver\Src\pca.c 0x00000000   Number         0  pca.o ABSOLUTE
    ..\Drivers\HC32L19x_HAL_Driver\Src\pcnt.c 0x00000000   Number         0  pcnt.o ABSOLUTE
    ..\Drivers\HC32L19x_HAL_Driver\Src\ram.c 0x00000000   Number         0  ram.o ABSOLUTE
    ..\Drivers\HC32L19x_HAL_Driver\Src\reset.c 0x00000000   Number         0  reset.o ABSOLUTE
    ..\Drivers\HC32L19x_HAL_Driver\Src\rtc.c 0x00000000   Number         0  rtc.o ABSOLUTE
    ..\Drivers\HC32L19x_HAL_Driver\Src\spi.c 0x00000000   Number         0  spi.o ABSOLUTE
    ..\Drivers\HC32L19x_HAL_Driver\Src\sysctrl.c 0x00000000   Number         0  sysctrl.o ABSOLUTE
    ..\Drivers\HC32L19x_HAL_Driver\Src\timer3.c 0x00000000   Number         0  timer3.o ABSOLUTE
    ..\Drivers\HC32L19x_HAL_Driver\Src\trim.c 0x00000000   Number         0  trim.o ABSOLUTE
    ..\Drivers\HC32L19x_HAL_Driver\Src\trng.c 0x00000000   Number         0  trng.o ABSOLUTE
    ..\Drivers\HC32L19x_HAL_Driver\Src\uart.c 0x00000000   Number         0  uart.o ABSOLUTE
    ..\Drivers\HC32L19x_HAL_Driver\Src\vc.c  0x00000000   Number         0  vc.o ABSOLUTE
    ..\Drivers\HC32L19x_HAL_Driver\Src\wdt.c 0x00000000   Number         0  wdt.o ABSOLUTE
    ..\Middlewares\EasyLogger\port\elog_port.c 0x00000000   Number         0  elog_port.o ABSOLUTE
    ..\Middlewares\EasyLogger\src\elog.c     0x00000000   Number         0  elog.o ABSOLUTE
    ..\Middlewares\EasyLogger\src\elog_async.c 0x00000000   Number         0  elog_async.o ABSOLUTE
    ..\Middlewares\EasyLogger\src\elog_buf.c 0x00000000   Number         0  elog_buf.o ABSOLUTE
    ..\Middlewares\EasyLogger\src\elog_utils.c 0x00000000   Number         0  elog_utils.o ABSOLUTE
    ..\Middlewares\FreeRTOS\Src\croutine.c   0x00000000   Number         0  croutine.o ABSOLUTE
    ..\Middlewares\FreeRTOS\Src\event_groups.c 0x00000000   Number         0  event_groups.o ABSOLUTE
    ..\Middlewares\FreeRTOS\Src\heap_4.c     0x00000000   Number         0  heap_4.o ABSOLUTE
    ..\Middlewares\FreeRTOS\Src\list.c       0x00000000   Number         0  list.o ABSOLUTE
    ..\Middlewares\FreeRTOS\Src\port.c       0x00000000   Number         0  port.o ABSOLUTE
    ..\Middlewares\FreeRTOS\Src\queue.c      0x00000000   Number         0  queue.o ABSOLUTE
    ..\Middlewares\FreeRTOS\Src\stream_buffer.c 0x00000000   Number         0  stream_buffer.o ABSOLUTE
    ..\Middlewares\FreeRTOS\Src\tasks.c      0x00000000   Number         0  tasks.o ABSOLUTE
    ..\Middlewares\FreeRTOS\Src\timers.c     0x00000000   Number         0  timers.o ABSOLUTE
    ..\Middlewares\SEGGER\SEGGER_RTT.c       0x00000000   Number         0  segger_rtt.o ABSOLUTE
    ..\Middlewares\SEGGER\SEGGER_RTT_printf.c 0x00000000   Number         0  segger_rtt_printf.o ABSOLUTE
    ..\Middlewares\SM4_CTR\sm4_ctr.c         0x00000000   Number         0  sm4_ctr.o ABSOLUTE
    ..\\Core\\Src\\hc32l19x_it.c             0x00000000   Number         0  hc32l19x_it.o ABSOLUTE
    ..\\Core\\Src\\main.c                    0x00000000   Number         0  main.o ABSOLUTE
    ..\\Core\\Src\\system_hc32l19x.c         0x00000000   Number         0  system_hc32l19x.o ABSOLUTE
    ..\\Drivers\\HC32L19x_HAL_Driver\\Src\\adc.c 0x00000000   Number         0  adc.o ABSOLUTE
    ..\\Drivers\\HC32L19x_HAL_Driver\\Src\\adt.c 0x00000000   Number         0  adt.o ABSOLUTE
    ..\\Drivers\\HC32L19x_HAL_Driver\\Src\\aes.c 0x00000000   Number         0  aes.o ABSOLUTE
    ..\\Drivers\\HC32L19x_HAL_Driver\\Src\\bgr.c 0x00000000   Number         0  bgr.o ABSOLUTE
    ..\\Drivers\\HC32L19x_HAL_Driver\\Src\\bt.c 0x00000000   Number         0  bt.o ABSOLUTE
    ..\\Drivers\\HC32L19x_HAL_Driver\\Src\\crc.c 0x00000000   Number         0  crc.o ABSOLUTE
    ..\\Drivers\\HC32L19x_HAL_Driver\\Src\\dac.c 0x00000000   Number         0  dac.o ABSOLUTE
    ..\\Drivers\\HC32L19x_HAL_Driver\\Src\\ddl.c 0x00000000   Number         0  ddl.o ABSOLUTE
    ..\\Drivers\\HC32L19x_HAL_Driver\\Src\\debug.c 0x00000000   Number         0  debug.o ABSOLUTE
    ..\\Drivers\\HC32L19x_HAL_Driver\\Src\\dmac.c 0x00000000   Number         0  dmac.o ABSOLUTE
    ..\\Drivers\\HC32L19x_HAL_Driver\\Src\\flash.c 0x00000000   Number         0  flash.o ABSOLUTE
    ..\\Drivers\\HC32L19x_HAL_Driver\\Src\\gpio.c 0x00000000   Number         0  gpio.o ABSOLUTE
    ..\\Drivers\\HC32L19x_HAL_Driver\\Src\\i2c.c 0x00000000   Number         0  i2c.o ABSOLUTE
    ..\\Drivers\\HC32L19x_HAL_Driver\\Src\\interrupts_hc32l19x.c 0x00000000   Number         0  interrupts_hc32l19x.o ABSOLUTE
    ..\\Drivers\\HC32L19x_HAL_Driver\\Src\\lcd.c 0x00000000   Number         0  lcd.o ABSOLUTE
    ..\\Drivers\\HC32L19x_HAL_Driver\\Src\\lpm.c 0x00000000   Number         0  lpm.o ABSOLUTE
    ..\\Drivers\\HC32L19x_HAL_Driver\\Src\\lptim.c 0x00000000   Number         0  lptim.o ABSOLUTE
    ..\\Drivers\\HC32L19x_HAL_Driver\\Src\\lpuart.c 0x00000000   Number         0  lpuart.o ABSOLUTE
    ..\\Drivers\\HC32L19x_HAL_Driver\\Src\\lvd.c 0x00000000   Number         0  lvd.o ABSOLUTE
    ..\\Drivers\\HC32L19x_HAL_Driver\\Src\\opa.c 0x00000000   Number         0  opa.o ABSOLUTE
    ..\\Drivers\\HC32L19x_HAL_Driver\\Src\\pca.c 0x00000000   Number         0  pca.o ABSOLUTE
    ..\\Drivers\\HC32L19x_HAL_Driver\\Src\\pcnt.c 0x00000000   Number         0  pcnt.o ABSOLUTE
    ..\\Drivers\\HC32L19x_HAL_Driver\\Src\\ram.c 0x00000000   Number         0  ram.o ABSOLUTE
    ..\\Drivers\\HC32L19x_HAL_Driver\\Src\\reset.c 0x00000000   Number         0  reset.o ABSOLUTE
    ..\\Drivers\\HC32L19x_HAL_Driver\\Src\\rtc.c 0x00000000   Number         0  rtc.o ABSOLUTE
    ..\\Drivers\\HC32L19x_HAL_Driver\\Src\\spi.c 0x00000000   Number         0  spi.o ABSOLUTE
    ..\\Drivers\\HC32L19x_HAL_Driver\\Src\\sysctrl.c 0x00000000   Number         0  sysctrl.o ABSOLUTE
    ..\\Drivers\\HC32L19x_HAL_Driver\\Src\\timer3.c 0x00000000   Number         0  timer3.o ABSOLUTE
    ..\\Drivers\\HC32L19x_HAL_Driver\\Src\\trim.c 0x00000000   Number         0  trim.o ABSOLUTE
    ..\\Drivers\\HC32L19x_HAL_Driver\\Src\\trng.c 0x00000000   Number         0  trng.o ABSOLUTE
    ..\\Drivers\\HC32L19x_HAL_Driver\\Src\\uart.c 0x00000000   Number         0  uart.o ABSOLUTE
    ..\\Drivers\\HC32L19x_HAL_Driver\\Src\\vc.c 0x00000000   Number         0  vc.o ABSOLUTE
    ..\\Drivers\\HC32L19x_HAL_Driver\\Src\\wdt.c 0x00000000   Number         0  wdt.o ABSOLUTE
    ..\\Middlewares\\FreeRTOS\\Src\\croutine.c 0x00000000   Number         0  croutine.o ABSOLUTE
    ..\\Middlewares\\FreeRTOS\\Src\\event_groups.c 0x00000000   Number         0  event_groups.o ABSOLUTE
    ..\\Middlewares\\FreeRTOS\\Src\\heap_4.c 0x00000000   Number         0  heap_4.o ABSOLUTE
    ..\\Middlewares\\FreeRTOS\\Src\\list.c   0x00000000   Number         0  list.o ABSOLUTE
    ..\\Middlewares\\FreeRTOS\\Src\\port.c   0x00000000   Number         0  port.o ABSOLUTE
    ..\\Middlewares\\FreeRTOS\\Src\\queue.c  0x00000000   Number         0  queue.o ABSOLUTE
    ..\\Middlewares\\FreeRTOS\\Src\\stream_buffer.c 0x00000000   Number         0  stream_buffer.o ABSOLUTE
    ..\\Middlewares\\FreeRTOS\\Src\\tasks.c  0x00000000   Number         0  tasks.o ABSOLUTE
    ..\\Middlewares\\FreeRTOS\\Src\\timers.c 0x00000000   Number         0  timers.o ABSOLUTE
    cdrcmple.s                               0x00000000   Number         0  cdrcmple.o ABSOLUTE
    dc.s                                     0x00000000   Number         0  dc.o ABSOLUTE
    handlers.s                               0x00000000   Number         0  handlers.o ABSOLUTE
    init.s                                   0x00000000   Number         0  init.o ABSOLUTE
    startup_hc32l19x.s                       0x00000000   Number         0  startup_hc32l19x.o ABSOLUTE
    .ARM.Collect$$$$00000000                 0x000000c0   Section        0  entry.o(.ARM.Collect$$$$00000000)
    .ARM.Collect$$$$00000001                 0x000000c0   Section        4  entry2.o(.ARM.Collect$$$$00000001)
    .ARM.Collect$$$$00000004                 0x000000c4   Section        4  entry5.o(.ARM.Collect$$$$00000004)
    .ARM.Collect$$$$00000008                 0x000000c8   Section        0  entry7b.o(.ARM.Collect$$$$00000008)
    .ARM.Collect$$$$0000000A                 0x000000c8   Section        0  entry8b.o(.ARM.Collect$$$$0000000A)
    .ARM.Collect$$$$0000000B                 0x000000c8   Section        8  entry9a.o(.ARM.Collect$$$$0000000B)
    .ARM.Collect$$$$0000000E                 0x000000d0   Section        4  entry12b.o(.ARM.Collect$$$$0000000E)
    .ARM.Collect$$$$0000000F                 0x000000d4   Section        0  entry10a.o(.ARM.Collect$$$$0000000F)
    .ARM.Collect$$$$00000011                 0x000000d4   Section        0  entry11a.o(.ARM.Collect$$$$00000011)
    .ARM.Collect$$$$00002712                 0x000000d4   Section        4  entry2.o(.ARM.Collect$$$$00002712)
    __lit__00000000                          0x000000d4   Data           4  entry2.o(.ARM.Collect$$$$00002712)
    .emb_text                                0x000000d8   Section      120  port.o(.emb_text)
    .text                                    0x00000150   Section       60  startup_hc32l19x.o(.text)
    .text                                    0x0000018c   Section        0  uidiv.o(.text)
    .text                                    0x000001b8   Section        0  memcpya.o(.text)
    .text                                    0x000001dc   Section        0  memseta.o(.text)
    .text                                    0x00000200   Section        0  strstr.o(.text)
    .text                                    0x00000228   Section        0  strlen.o(.text)
    .text                                    0x00000236   Section        0  strcpy.o(.text)
    .text                                    0x00000248   Section        0  strncmp.o(.text)
    .text                                    0x00000266   Section        0  uldiv.o(.text)
    .text                                    0x000002c6   Section        0  iusefp.o(.text)
    .text                                    0x000002c8   Section        0  dadd.o(.text)
    .text                                    0x00000430   Section        0  dmul.o(.text)
    .text                                    0x00000500   Section        0  ddiv.o(.text)
    .text                                    0x000005f0   Section        0  dfixul.o(.text)
    .text                                    0x00000630   Section       40  cdrcmple.o(.text)
    .text                                    0x00000658   Section       36  init.o(.text)
    .text                                    0x0000067c   Section        0  llshl.o(.text)
    .text                                    0x0000069c   Section        0  llushr.o(.text)
    .text                                    0x000006be   Section        0  llsshr.o(.text)
    .text                                    0x000006e4   Section        0  depilogue.o(.text)
    i.ADC_DAC_IRQHandler                     0x000007a2   Section        0  interrupts_hc32l19x.o(i.ADC_DAC_IRQHandler)
    i.CLKTRIM_IRQHandler                     0x000007ae   Section        0  interrupts_hc32l19x.o(i.CLKTRIM_IRQHandler)
    i.DMAC_IRQHandler                        0x000007b6   Section        0  interrupts_hc32l19x.o(i.DMAC_IRQHandler)
    i.FLASH_RAM_IRQHandler                   0x000007be   Section        0  interrupts_hc32l19x.o(i.FLASH_RAM_IRQHandler)
    i.Flash_WaitCycle                        0x000007cc   Section        0  flash.o(i.Flash_WaitCycle)
    i.HardFault_Handler                      0x00000800   Section        0  interrupts_hc32l19x.o(i.HardFault_Handler)
    i.I2C0_IRQHandler                        0x00000810   Section        0  interrupts_hc32l19x.o(i.I2C0_IRQHandler)
    i.I2C1_IRQHandler                        0x00000818   Section        0  interrupts_hc32l19x.o(i.I2C1_IRQHandler)
    i.LCD_IRQHandler                         0x00000820   Section        0  interrupts_hc32l19x.o(i.LCD_IRQHandler)
    i.LPTIM0_1_IRQHandler                    0x00000828   Section        0  interrupts_hc32l19x.o(i.LPTIM0_1_IRQHandler)
    i.LPUART0_IRQHandler                     0x00000834   Section        0  interrupts_hc32l19x.o(i.LPUART0_IRQHandler)
    i.LPUART1_IRQHandler                     0x0000083c   Section        0  interrupts_hc32l19x.o(i.LPUART1_IRQHandler)
    i.LVD_IRQHandler                         0x00000844   Section        0  interrupts_hc32l19x.o(i.LVD_IRQHandler)
    i.PCA_IRQHandler                         0x0000084c   Section        0  interrupts_hc32l19x.o(i.PCA_IRQHandler)
    i.PCNT_IRQHandler                        0x00000854   Section        0  interrupts_hc32l19x.o(i.PCNT_IRQHandler)
    i.PORTA_IRQHandler                       0x0000085c   Section        0  interrupts_hc32l19x.o(i.PORTA_IRQHandler)
    i.PORTB_IRQHandler                       0x00000864   Section        0  interrupts_hc32l19x.o(i.PORTB_IRQHandler)
    i.PORTC_E_IRQHandler                     0x0000086c   Section        0  interrupts_hc32l19x.o(i.PORTC_E_IRQHandler)
    i.PORTD_F_IRQHandler                     0x00000878   Section        0  interrupts_hc32l19x.o(i.PORTD_F_IRQHandler)
    i.PendSV_Handler                         0x00000884   Section        0  hc32l19x_it.o(i.PendSV_Handler)
    i.RTC_IRQHandler                         0x0000088c   Section        0  interrupts_hc32l19x.o(i.RTC_IRQHandler)
    i.SEGGER_RTT_Init                        0x00000894   Section        0  segger_rtt.o(i.SEGGER_RTT_Init)
    i.SEGGER_RTT_Write                       0x0000089c   Section        0  segger_rtt.o(i.SEGGER_RTT_Write)
    i.SEGGER_RTT_WriteNoLock                 0x000008e4   Section        0  segger_rtt.o(i.SEGGER_RTT_WriteNoLock)
    i.SPI0_IRQHandler                        0x00000968   Section        0  interrupts_hc32l19x.o(i.SPI0_IRQHandler)
    i.SPI1_IRQHandler                        0x00000970   Section        0  interrupts_hc32l19x.o(i.SPI1_IRQHandler)
    i.SVC_Handler                            0x00000978   Section        0  hc32l19x_it.o(i.SVC_Handler)
    i.SysTick_Handler                        0x00000980   Section        0  interrupts_hc32l19x.o(i.SysTick_Handler)
    i.SysTick_IRQHandler                     0x00000988   Section        0  hc32l19x_it.o(i.SysTick_IRQHandler)
    i.Sysctrl_ClkSourceEnable                0x00000990   Section        0  sysctrl.o(i.Sysctrl_ClkSourceEnable)
    i.Sysctrl_GetHClkFreq                    0x00000afc   Section        0  sysctrl.o(i.Sysctrl_GetHClkFreq)
    i.Sysctrl_SetHCLKDiv                     0x00000c70   Section        0  sysctrl.o(i.Sysctrl_SetHCLKDiv)
    i.Sysctrl_SetPCLKDiv                     0x00000c98   Section        0  sysctrl.o(i.Sysctrl_SetPCLKDiv)
    i.Sysctrl_SetPLLFreq                     0x00000cc0   Section        0  sysctrl.o(i.Sysctrl_SetPLLFreq)
    i.Sysctrl_SetRCHTrim                     0x00000dd4   Section        0  sysctrl.o(i.Sysctrl_SetRCHTrim)
    i.Sysctrl_SysClkSwitch                   0x00000dfc   Section        0  sysctrl.o(i.Sysctrl_SysClkSwitch)
    i.SystemCoreClockUpdate                  0x00000e28   Section        0  system_hc32l19x.o(i.SystemCoreClockUpdate)
    i.SystemInit                             0x00000e38   Section        0  system_hc32l19x.o(i.SystemInit)
    i.TIM0_IRQHandler                        0x00000e40   Section        0  interrupts_hc32l19x.o(i.TIM0_IRQHandler)
    i.TIM1_IRQHandler                        0x00000e48   Section        0  interrupts_hc32l19x.o(i.TIM1_IRQHandler)
    i.TIM2_IRQHandler                        0x00000e50   Section        0  interrupts_hc32l19x.o(i.TIM2_IRQHandler)
    i.TIM3_IRQHandler                        0x00000e58   Section        0  interrupts_hc32l19x.o(i.TIM3_IRQHandler)
    i.TIM4_IRQHandler                        0x00000e60   Section        0  interrupts_hc32l19x.o(i.TIM4_IRQHandler)
    i.TIM5_IRQHandler                        0x00000e68   Section        0  interrupts_hc32l19x.o(i.TIM5_IRQHandler)
    i.TIM6_IRQHandler                        0x00000e70   Section        0  interrupts_hc32l19x.o(i.TIM6_IRQHandler)
    i.UART0_2_IRQHandler                     0x00000e78   Section        0  interrupts_hc32l19x.o(i.UART0_2_IRQHandler)
    i.UART1_3_IRQHandler                     0x00000e84   Section        0  interrupts_hc32l19x.o(i.UART1_3_IRQHandler)
    i.VC0_IRQHandler                         0x00000e90   Section        0  interrupts_hc32l19x.o(i.VC0_IRQHandler)
    i.VC1_2_IRQHandler                       0x00000e98   Section        0  interrupts_hc32l19x.o(i.VC1_2_IRQHandler)
    i.WDT_IRQHandler                         0x00000ea4   Section        0  interrupts_hc32l19x.o(i.WDT_IRQHandler)
    i._DoInit                                0x00000eac   Section        0  segger_rtt.o(i._DoInit)
    _DoInit                                  0x00000ead   Thumb Code    74  segger_rtt.o(i._DoInit)
    i._GetAvailWriteSpace                    0x00000f1c   Section        0  segger_rtt.o(i._GetAvailWriteSpace)
    _GetAvailWriteSpace                      0x00000f1d   Thumb Code    28  segger_rtt.o(i._GetAvailWriteSpace)
    i._SysctrlUnlock                         0x00000f38   Section        0  sysctrl.o(i._SysctrlUnlock)
    _SysctrlUnlock                           0x00000f39   Thumb Code    12  sysctrl.o(i._SysctrlUnlock)
    i._WriteBlocking                         0x00000f50   Section        0  segger_rtt.o(i._WriteBlocking)
    _WriteBlocking                           0x00000f51   Thumb Code   126  segger_rtt.o(i._WriteBlocking)
    i._WriteNoCheck                          0x00000fce   Section        0  segger_rtt.o(i._WriteNoCheck)
    _WriteNoCheck                            0x00000fcf   Thumb Code    86  segger_rtt.o(i._WriteNoCheck)
    i.__0snprintf                            0x00001024   Section        0  printfa.o(i.__0snprintf)
    i.__0vsnprintf                           0x0000105c   Section        0  printfa.o(i.__0vsnprintf)
    i.__ARM_clz                              0x0000108c   Section        0  depilogue.o(i.__ARM_clz)
    i.__ARM_common_switch8                   0x000010ba   Section        0  tasks.o(i.__ARM_common_switch8)
    i.__scatterload_copy                     0x000010d6   Section       14  handlers.o(i.__scatterload_copy)
    i.__scatterload_null                     0x000010e4   Section        2  handlers.o(i.__scatterload_null)
    i.__scatterload_zeroinit                 0x000010e6   Section       14  handlers.o(i.__scatterload_zeroinit)
    i._fp_digits                             0x000010f4   Section        0  printfa.o(i._fp_digits)
    _fp_digits                               0x000010f5   Thumb Code   344  printfa.o(i._fp_digits)
    i._printf_core                           0x00001268   Section        0  printfa.o(i._printf_core)
    _printf_core                             0x00001269   Thumb Code  1760  printfa.o(i._printf_core)
    i._printf_post_padding                   0x00001958   Section        0  printfa.o(i._printf_post_padding)
    _printf_post_padding                     0x00001959   Thumb Code    32  printfa.o(i._printf_post_padding)
    i._printf_pre_padding                    0x00001978   Section        0  printfa.o(i._printf_pre_padding)
    _printf_pre_padding                      0x00001979   Thumb Code    44  printfa.o(i._printf_pre_padding)
    i._snputc                                0x000019a4   Section        0  printfa.o(i._snputc)
    _snputc                                  0x000019a5   Thumb Code    22  printfa.o(i._snputc)
    i.clock_init                             0x000019bc   Section        0  main.o(i.clock_init)
    clock_init                               0x000019bd   Thumb Code    88  main.o(i.clock_init)
    i.ddl_memclr                             0x00001a18   Section        0  ddl.o(i.ddl_memclr)
    i.delay10us                              0x00001a38   Section        0  ddl.o(i.delay10us)
    i.elog_get_filter_tag_lvl                0x00001a94   Section        0  elog.o(i.elog_get_filter_tag_lvl)
    i.elog_init                              0x00001bb0   Section        0  elog.o(i.elog_init)
    i.elog_output                            0x00001c34   Section        0  elog.o(i.elog_output)
    i.elog_output_lock                       0x00002074   Section        0  elog.o(i.elog_output_lock)
    i.elog_output_lock_enabled               0x00002098   Section        0  elog.o(i.elog_output_lock_enabled)
    i.elog_output_unlock                     0x000020d8   Section        0  elog.o(i.elog_output_unlock)
    i.elog_port_get_p_info                   0x000020fc   Section        0  elog_port.o(i.elog_port_get_p_info)
    i.elog_port_get_t_info                   0x00002104   Section        0  elog_port.o(i.elog_port_get_t_info)
    i.elog_port_get_time                     0x0000210c   Section        0  elog_port.o(i.elog_port_get_time)
    i.elog_port_init                         0x00002114   Section        0  elog_port.o(i.elog_port_init)
    i.elog_port_output                       0x00002120   Section        0  elog_port.o(i.elog_port_output)
    i.elog_port_output_lock                  0x00002132   Section        0  elog_port.o(i.elog_port_output_lock)
    i.elog_port_output_unlock                0x00002134   Section        0  elog_port.o(i.elog_port_output_unlock)
    i.elog_set_filter_lvl                    0x00002138   Section        0  elog.o(i.elog_set_filter_lvl)
    i.elog_set_filter_tag_lvl_default        0x00002200   Section        0  elog.o(i.elog_set_filter_tag_lvl_default)
    elog_set_filter_tag_lvl_default          0x00002201   Thumb Code    56  elog.o(i.elog_set_filter_tag_lvl_default)
    i.elog_set_fmt                           0x0000223c   Section        0  elog.o(i.elog_set_fmt)
    i.elog_set_output_enabled                0x00002308   Section        0  elog.o(i.elog_set_output_enabled)
    i.elog_set_text_color_enabled            0x000023e0   Section        0  elog.o(i.elog_set_text_color_enabled)
    i.elog_start                             0x000024b8   Section        0  elog.o(i.elog_start)
    i.elog_strcpy                            0x00002550   Section        0  elog_utils.o(i.elog_strcpy)
    i.get_fmt_enabled                        0x00002660   Section        0  elog.o(i.get_fmt_enabled)
    get_fmt_enabled                          0x00002661   Thumb Code    92  elog.o(i.get_fmt_enabled)
    i.get_fmt_used_and_enabled_ptr           0x00002738   Section        0  elog.o(i.get_fmt_used_and_enabled_ptr)
    get_fmt_used_and_enabled_ptr             0x00002739   Thumb Code    32  elog.o(i.get_fmt_used_and_enabled_ptr)
    i.get_fmt_used_and_enabled_u32           0x00002758   Section        0  elog.o(i.get_fmt_used_and_enabled_u32)
    get_fmt_used_and_enabled_u32             0x00002759   Thumb Code    32  elog.o(i.get_fmt_used_and_enabled_u32)
    i.main                                   0x00002778   Section        0  main.o(i.main)
    i.prvAddCurrentTaskToDelayedList         0x0000284c   Section        0  tasks.o(i.prvAddCurrentTaskToDelayedList)
    prvAddCurrentTaskToDelayedList           0x0000284d   Thumb Code   150  tasks.o(i.prvAddCurrentTaskToDelayedList)
    i.prvAddNewTaskToReadyList               0x000028fc   Section        0  tasks.o(i.prvAddNewTaskToReadyList)
    prvAddNewTaskToReadyList                 0x000028fd   Thumb Code   206  tasks.o(i.prvAddNewTaskToReadyList)
    i.prvCheckTasksWaitingTermination        0x000029e4   Section        0  tasks.o(i.prvCheckTasksWaitingTermination)
    prvCheckTasksWaitingTermination          0x000029e5   Thumb Code    60  tasks.o(i.prvCheckTasksWaitingTermination)
    i.prvCreateIdleTasks                     0x00002a2c   Section        0  tasks.o(i.prvCreateIdleTasks)
    prvCreateIdleTasks                       0x00002a2d   Thumb Code    90  tasks.o(i.prvCreateIdleTasks)
    i.prvCreateTask                          0x00002a98   Section        0  tasks.o(i.prvCreateTask)
    prvCreateTask                            0x00002a99   Thumb Code    88  tasks.o(i.prvCreateTask)
    i.prvDeleteTCB                           0x00002af0   Section        0  tasks.o(i.prvDeleteTCB)
    prvDeleteTCB                             0x00002af1   Thumb Code    18  tasks.o(i.prvDeleteTCB)
    i.prvHeapInit                            0x00002b04   Section        0  heap_4.o(i.prvHeapInit)
    prvHeapInit                              0x00002b05   Thumb Code    90  heap_4.o(i.prvHeapInit)
    i.prvIdleTask                            0x00002b74   Section        0  tasks.o(i.prvIdleTask)
    prvIdleTask                              0x00002b75   Thumb Code    20  tasks.o(i.prvIdleTask)
    i.prvInitialiseNewTask                   0x00002b8c   Section        0  tasks.o(i.prvInitialiseNewTask)
    prvInitialiseNewTask                     0x00002b8d   Thumb Code   194  tasks.o(i.prvInitialiseNewTask)
    i.prvInitialiseTaskLists                 0x00002c50   Section        0  tasks.o(i.prvInitialiseTaskLists)
    prvInitialiseTaskLists                   0x00002c51   Thumb Code    68  tasks.o(i.prvInitialiseTaskLists)
    i.prvInsertBlockIntoFreeList             0x00002cb4   Section        0  heap_4.o(i.prvInsertBlockIntoFreeList)
    prvInsertBlockIntoFreeList               0x00002cb5   Thumb Code   134  heap_4.o(i.prvInsertBlockIntoFreeList)
    i.prvResetNextTaskUnblockTime            0x00002d4c   Section        0  tasks.o(i.prvResetNextTaskUnblockTime)
    prvResetNextTaskUnblockTime              0x00002d4d   Thumb Code    44  tasks.o(i.prvResetNextTaskUnblockTime)
    i.prvTaskExitError                       0x00002d80   Section        0  port.o(i.prvTaskExitError)
    prvTaskExitError                         0x00002d81   Thumb Code    36  port.o(i.prvTaskExitError)
    i.pvPortMalloc                           0x00002da8   Section        0  heap_4.o(i.pvPortMalloc)
    i.pxPortInitialiseStack                  0x00002f80   Section        0  port.o(i.pxPortInitialiseStack)
    i.task_log_1s                            0x00002fa0   Section        0  main.o(i.task_log_1s)
    task_log_1s                              0x00002fa1   Thumb Code    34  main.o(i.task_log_1s)
    i.task_log_2s                            0x00002ffc   Section        0  main.o(i.task_log_2s)
    task_log_2s                              0x00002ffd   Thumb Code    34  main.o(i.task_log_2s)
    i.uxListRemove                           0x00003058   Section        0  list.o(i.uxListRemove)
    i.vListInitialise                        0x00003080   Section        0  list.o(i.vListInitialise)
    i.vListInitialiseItem                    0x0000309a   Section        0  list.o(i.vListInitialiseItem)
    i.vListInsert                            0x000030a0   Section        0  list.o(i.vListInsert)
    i.vPortEnterCritical                     0x000030d8   Section        0  port.o(i.vPortEnterCritical)
    i.vPortExitCritical                      0x000030f4   Section        0  port.o(i.vPortExitCritical)
    i.vPortFree                              0x00003120   Section        0  heap_4.o(i.vPortFree)
    i.vPortSVCHandler                        0x000031c8   Section        0  port.o(i.vPortSVCHandler)
    i.vPortSetupTimerInterrupt               0x000031cc   Section        0  port.o(i.vPortSetupTimerInterrupt)
    i.vPortYield                             0x000031e8   Section        0  port.o(i.vPortYield)
    i.vTaskDelay                             0x00003200   Section        0  tasks.o(i.vTaskDelay)
    i.vTaskStartScheduler                    0x00003244   Section        0  tasks.o(i.vTaskStartScheduler)
    i.vTaskSuspendAll                        0x0000329c   Section        0  tasks.o(i.vTaskSuspendAll)
    i.vTaskSwitchContext                     0x000032ac   Section        0  tasks.o(i.vTaskSwitchContext)
    i.xPortStartScheduler                    0x00003338   Section        0  port.o(i.xPortStartScheduler)
    i.xPortSysTickHandler                    0x00003370   Section        0  port.o(i.xPortSysTickHandler)
    i.xTaskCreate                            0x00003394   Section        0  tasks.o(i.xTaskCreate)
    i.xTaskIncrementTick                     0x000033c8   Section        0  tasks.o(i.xTaskIncrementTick)
    i.xTaskResumeAll                         0x00003588   Section        0  tasks.o(i.xTaskResumeAll)
    .constdata                               0x00003714   Section       29  main.o(.constdata)
    __FUNCTION__                             0x00003714   Data          12  main.o(.constdata)
    __FUNCTION__                             0x00003720   Data          12  main.o(.constdata)
    __FUNCTION__                             0x0000372c   Data           5  main.o(.constdata)
    .constdata                               0x00003734   Section       24  sysctrl.o(.constdata)
    .constdata                               0x0000374c   Section      226  elog.o(.constdata)
    __FUNCTION__                             0x0000374c   Data          11  elog.o(.constdata)
    __FUNCTION__                             0x00003757   Data          10  elog.o(.constdata)
    __FUNCTION__                             0x00003761   Data          24  elog.o(.constdata)
    __FUNCTION__                             0x00003779   Data          28  elog.o(.constdata)
    __FUNCTION__                             0x00003795   Data          13  elog.o(.constdata)
    __FUNCTION__                             0x000037a2   Data          16  elog.o(.constdata)
    __FUNCTION__                             0x000037b2   Data          20  elog.o(.constdata)
    __FUNCTION__                             0x000037c6   Data          24  elog.o(.constdata)
    __FUNCTION__                             0x000037de   Data          24  elog.o(.constdata)
    __FUNCTION__                             0x000037f6   Data          12  elog.o(.constdata)
    __FUNCTION__                             0x00003802   Data          16  elog.o(.constdata)
    __FUNCTION__                             0x00003812   Data          14  elog.o(.constdata)
    __FUNCTION__                             0x00003820   Data          14  elog.o(.constdata)
    .constdata                               0x0000382e   Section       35  elog_utils.o(.constdata)
    __FUNCTION__                             0x0000382e   Data          12  elog_utils.o(.constdata)
    __FUNCTION__                             0x0000383a   Data          11  elog_utils.o(.constdata)
    __FUNCTION__                             0x00003845   Data          12  elog_utils.o(.constdata)
    .conststring                             0x00003854   Section       70  elog.o(.conststring)
    .data                                    0x20000000   Section       64  tasks.o(.data)
    pxDelayedTaskList                        0x20000004   Data           4  tasks.o(.data)
    pxOverflowDelayedTaskList                0x20000008   Data           4  tasks.o(.data)
    uxDeletedTasksWaitingCleanUp             0x2000000c   Data           4  tasks.o(.data)
    uxCurrentNumberOfTasks                   0x20000010   Data           4  tasks.o(.data)
    xTickCount                               0x20000014   Data           4  tasks.o(.data)
    uxTopReadyPriority                       0x20000018   Data           4  tasks.o(.data)
    xSchedulerRunning                        0x2000001c   Data           4  tasks.o(.data)
    xPendedTicks                             0x20000020   Data           4  tasks.o(.data)
    xYieldPendings                           0x20000024   Data           4  tasks.o(.data)
    xNumOfOverflows                          0x20000028   Data           4  tasks.o(.data)
    uxTaskNumber                             0x2000002c   Data           4  tasks.o(.data)
    xNextTaskUnblockTime                     0x20000030   Data           4  tasks.o(.data)
    xIdleTaskHandles                         0x20000034   Data           4  tasks.o(.data)
    uxTopUsedPriority                        0x20000038   Data           4  tasks.o(.data)
    uxSchedulerSuspended                     0x2000003c   Data           4  tasks.o(.data)
    .data                                    0x20000040   Section        4  port.o(.data)
    uxCriticalNesting                        0x20000040   Data           4  port.o(.data)
    .data                                    0x20000044   Section       28  heap_4.o(.data)
    xStart                                   0x20000044   Data           8  heap_4.o(.data)
    pxEnd                                    0x2000004c   Data           4  heap_4.o(.data)
    xFreeBytesRemaining                      0x20000050   Data           4  heap_4.o(.data)
    xMinimumEverFreeBytesRemaining           0x20000054   Data           4  heap_4.o(.data)
    xNumberOfSuccessfulAllocations           0x20000058   Data           4  heap_4.o(.data)
    xNumberOfSuccessfulFrees                 0x2000005c   Data           4  heap_4.o(.data)
    .data                                    0x20000060   Section        4  system_hc32l19x.o(.data)
    .data                                    0x20000064   Section       52  elog.o(.data)
    level_output_info                        0x20000064   Data          24  elog.o(.data)
    color_output_info                        0x2000007c   Data          24  elog.o(.data)
    .bss                                     0x20000098   Section      740  tasks.o(.bss)
    pxReadyTasksLists                        0x20000098   Data         640  tasks.o(.bss)
    xDelayedTaskList1                        0x20000318   Data          20  tasks.o(.bss)
    xDelayedTaskList2                        0x2000032c   Data          20  tasks.o(.bss)
    xPendingReadyList                        0x20000340   Data          20  tasks.o(.bss)
    xTasksWaitingTermination                 0x20000354   Data          20  tasks.o(.bss)
    xSuspendedTaskList                       0x20000368   Data          20  tasks.o(.bss)
    .bss                                     0x2000037c   Section    20480  heap_4.o(.bss)
    ucHeap                                   0x2000037c   Data       20480  heap_4.o(.bss)
    .bss                                     0x2000537c   Section     1112  segger_rtt.o(.bss)
    _acUpBuffer                              0x200053c4   Data        1024  segger_rtt.o(.bss)
    _acDownBuffer                            0x200057c4   Data          16  segger_rtt.o(.bss)
    .bss                                     0x200057d4   Section     1272  elog.o(.bss)
    elog                                     0x200057d4   Data         248  elog.o(.bss)
    log_buf                                  0x200058cc   Data        1024  elog.o(.bss)
    STACK                                    0x20005cd0   Section      512  startup_hc32l19x.o(STACK)

    Global Symbols

    Symbol Name                              Value     Ov Type        Size  Object(Section)

    BuildAttributes$$THM_ISAv3M$S$PE$A:L22$X:L11$S22$IEEE1$IW$USESV6$~STKCKD$USESV7$~SHL$OTIME$ROPI$EBA8$MICROLIB$REQ8$PRES8$EABIv2 0x00000000   Number         0  anon$$obj.o ABSOLUTE
    __ARM_use_no_argv                        0x00000000   Number         0  main.o ABSOLUTE
    __Vectors                                0x00000000   Data           0  startup_hc32l19x.o(RESET)
    _printf_a                                0x00000000   Number         0  stubs.o ABSOLUTE
    _printf_c                                0x00000000   Number         0  stubs.o ABSOLUTE
    _printf_charcount                        0x00000000   Number         0  stubs.o ABSOLUTE
    _printf_d                                0x00000000   Number         0  stubs.o ABSOLUTE
    _printf_e                                0x00000000   Number         0  stubs.o ABSOLUTE
    _printf_f                                0x00000000   Number         0  stubs.o ABSOLUTE
    _printf_flags                            0x00000000   Number         0  stubs.o ABSOLUTE
    _printf_fp_dec                           0x00000000   Number         0  stubs.o ABSOLUTE
    _printf_fp_hex                           0x00000000   Number         0  stubs.o ABSOLUTE
    _printf_g                                0x00000000   Number         0  stubs.o ABSOLUTE
    _printf_i                                0x00000000   Number         0  stubs.o ABSOLUTE
    _printf_int_dec                          0x00000000   Number         0  stubs.o ABSOLUTE
    _printf_l                                0x00000000   Number         0  stubs.o ABSOLUTE
    _printf_lc                               0x00000000   Number         0  stubs.o ABSOLUTE
    _printf_ll                               0x00000000   Number         0  stubs.o ABSOLUTE
    _printf_lld                              0x00000000   Number         0  stubs.o ABSOLUTE
    _printf_lli                              0x00000000   Number         0  stubs.o ABSOLUTE
    _printf_llo                              0x00000000   Number         0  stubs.o ABSOLUTE
    _printf_llu                              0x00000000   Number         0  stubs.o ABSOLUTE
    _printf_llx                              0x00000000   Number         0  stubs.o ABSOLUTE
    _printf_longlong_dec                     0x00000000   Number         0  stubs.o ABSOLUTE
    _printf_longlong_hex                     0x00000000   Number         0  stubs.o ABSOLUTE
    _printf_longlong_oct                     0x00000000   Number         0  stubs.o ABSOLUTE
    _printf_ls                               0x00000000   Number         0  stubs.o ABSOLUTE
    _printf_mbtowc                           0x00000000   Number         0  stubs.o ABSOLUTE
    _printf_n                                0x00000000   Number         0  stubs.o ABSOLUTE
    _printf_o                                0x00000000   Number         0  stubs.o ABSOLUTE
    _printf_p                                0x00000000   Number         0  stubs.o ABSOLUTE
    _printf_percent                          0x00000000   Number         0  stubs.o ABSOLUTE
    _printf_pre_padding                      0x00000000   Number         0  stubs.o ABSOLUTE
    _printf_return_value                     0x00000000   Number         0  stubs.o ABSOLUTE
    _printf_s                                0x00000000   Number         0  stubs.o ABSOLUTE
    _printf_sizespec                         0x00000000   Number         0  stubs.o ABSOLUTE
    _printf_str                              0x00000000   Number         0  stubs.o ABSOLUTE
    _printf_truncate_signed                  0x00000000   Number         0  stubs.o ABSOLUTE
    _printf_truncate_unsigned                0x00000000   Number         0  stubs.o ABSOLUTE
    _printf_u                                0x00000000   Number         0  stubs.o ABSOLUTE
    _printf_wc                               0x00000000   Number         0  stubs.o ABSOLUTE
    _printf_wctomb                           0x00000000   Number         0  stubs.o ABSOLUTE
    _printf_widthprec                        0x00000000   Number         0  stubs.o ABSOLUTE
    _printf_x                                0x00000000   Number         0  stubs.o ABSOLUTE
    Adc_IRQHandler                            - Undefined Weak Reference
    ClkTrim_IRQHandler                        - Undefined Weak Reference
    Dac_IRQHandler                            - Undefined Weak Reference
    Dmac_IRQHandler                           - Undefined Weak Reference
    Flash_IRQHandler                          - Undefined Weak Reference
    I2c0_IRQHandler                           - Undefined Weak Reference
    I2c1_IRQHandler                           - Undefined Weak Reference
    Lcd_IRQHandler                            - Undefined Weak Reference
    LpTim0_IRQHandler                         - Undefined Weak Reference
    LpTim1_IRQHandler                         - Undefined Weak Reference
    LpUart0_IRQHandler                        - Undefined Weak Reference
    LpUart1_IRQHandler                        - Undefined Weak Reference
    Lvd_IRQHandler                            - Undefined Weak Reference
    Pca_IRQHandler                            - Undefined Weak Reference
    Pcnt_IRQHandler                           - Undefined Weak Reference
    PortA_IRQHandler                          - Undefined Weak Reference
    PortB_IRQHandler                          - Undefined Weak Reference
    PortC_IRQHandler                          - Undefined Weak Reference
    PortD_IRQHandler                          - Undefined Weak Reference
    PortE_IRQHandler                          - Undefined Weak Reference
    PortF_IRQHandler                          - Undefined Weak Reference
    Ram_IRQHandler                            - Undefined Weak Reference
    Rtc_IRQHandler                            - Undefined Weak Reference
    Spi0_IRQHandler                           - Undefined Weak Reference
    Spi1_IRQHandler                           - Undefined Weak Reference
    Tim0_IRQHandler                           - Undefined Weak Reference
    Tim1_IRQHandler                           - Undefined Weak Reference
    Tim2_IRQHandler                           - Undefined Weak Reference
    Tim3_IRQHandler                           - Undefined Weak Reference
    Tim4_IRQHandler                           - Undefined Weak Reference
    Tim5_IRQHandler                           - Undefined Weak Reference
    Tim6_IRQHandler                           - Undefined Weak Reference
    Uart0_IRQHandler                          - Undefined Weak Reference
    Uart1_IRQHandler                          - Undefined Weak Reference
    Uart2_IRQHandler                          - Undefined Weak Reference
    Uart3_IRQHandler                          - Undefined Weak Reference
    Vc0_IRQHandler                            - Undefined Weak Reference
    Vc1_IRQHandler                            - Undefined Weak Reference
    Vc2_IRQHandler                            - Undefined Weak Reference
    Wdt_IRQHandler                            - Undefined Weak Reference
    __arm_fini_                               - Undefined Weak Reference
    __cpp_initialize__aeabi_                  - Undefined Weak Reference
    __cxa_finalize                            - Undefined Weak Reference
    __decompress                              - Undefined Weak Reference
    _clock_init                               - Undefined Weak Reference
    _microlib_exit                            - Undefined Weak Reference
    __Vectors_End                            0x000000c0   Data           0  startup_hc32l19x.o(RESET)
    __Vectors_Size                           0x000000c0   Number         0  startup_hc32l19x.o ABSOLUTE
    __main                                   0x000000c1   Thumb Code     0  entry.o(.ARM.Collect$$$$00000000)
    _main_stk                                0x000000c1   Thumb Code     0  entry2.o(.ARM.Collect$$$$00000001)
    _main_scatterload                        0x000000c5   Thumb Code     0  entry5.o(.ARM.Collect$$$$00000004)
    __main_after_scatterload                 0x000000c9   Thumb Code     0  entry5.o(.ARM.Collect$$$$00000004)
    _main_clock                              0x000000c9   Thumb Code     0  entry7b.o(.ARM.Collect$$$$00000008)
    _main_cpp_init                           0x000000c9   Thumb Code     0  entry8b.o(.ARM.Collect$$$$0000000A)
    _main_init                               0x000000c9   Thumb Code     0  entry9a.o(.ARM.Collect$$$$0000000B)
    __rt_lib_shutdown_fini                   0x000000d1   Thumb Code     0  entry12b.o(.ARM.Collect$$$$0000000E)
    __rt_final_cpp                           0x000000d5   Thumb Code     0  entry10a.o(.ARM.Collect$$$$0000000F)
    __rt_final_exit                          0x000000d5   Thumb Code     0  entry11a.o(.ARM.Collect$$$$00000011)
    __asm___6_port_c_39a90d8d__prvPortStartFirstTask 0x000000d9   Thumb Code    36  port.o(.emb_text)
    ulSetInterruptMaskFromISR                0x00000101   Thumb Code     8  port.o(.emb_text)
    vClearInterruptMaskFromISR               0x00000109   Thumb Code     6  port.o(.emb_text)
    xPortPendSVHandler                       0x0000010f   Thumb Code    62  port.o(.emb_text)
    Reset_Handler                            0x00000151   Thumb Code    26  startup_hc32l19x.o(.text)
    NMI_Handler                              0x0000016b   Thumb Code     2  startup_hc32l19x.o(.text)
    __aeabi_uidiv                            0x0000018d   Thumb Code     0  uidiv.o(.text)
    __aeabi_uidivmod                         0x0000018d   Thumb Code    44  uidiv.o(.text)
    __aeabi_memcpy                           0x000001b9   Thumb Code    36  memcpya.o(.text)
    __aeabi_memcpy4                          0x000001b9   Thumb Code     0  memcpya.o(.text)
    __aeabi_memcpy8                          0x000001b9   Thumb Code     0  memcpya.o(.text)
    __aeabi_memset                           0x000001dd   Thumb Code    14  memseta.o(.text)
    __aeabi_memset4                          0x000001dd   Thumb Code     0  memseta.o(.text)
    __aeabi_memset8                          0x000001dd   Thumb Code     0  memseta.o(.text)
    __aeabi_memclr                           0x000001eb   Thumb Code     4  memseta.o(.text)
    __aeabi_memclr4                          0x000001eb   Thumb Code     0  memseta.o(.text)
    __aeabi_memclr8                          0x000001eb   Thumb Code     0  memseta.o(.text)
    memset                                   0x000001ef   Thumb Code    18  memseta.o(.text)
    strstr                                   0x00000201   Thumb Code    40  strstr.o(.text)
    strlen                                   0x00000229   Thumb Code    14  strlen.o(.text)
    strcpy                                   0x00000237   Thumb Code    18  strcpy.o(.text)
    strncmp                                  0x00000249   Thumb Code    30  strncmp.o(.text)
    __aeabi_uldivmod                         0x00000267   Thumb Code    96  uldiv.o(.text)
    __I$use$fp                               0x000002c7   Thumb Code     0  iusefp.o(.text)
    __aeabi_dadd                             0x000002c9   Thumb Code   330  dadd.o(.text)
    __aeabi_dsub                             0x00000413   Thumb Code    12  dadd.o(.text)
    __aeabi_drsub                            0x0000041f   Thumb Code    12  dadd.o(.text)
    __aeabi_dmul                             0x00000431   Thumb Code   202  dmul.o(.text)
    __aeabi_ddiv                             0x00000501   Thumb Code   234  ddiv.o(.text)
    __aeabi_d2ulz                            0x000005f1   Thumb Code    54  dfixul.o(.text)
    __aeabi_cdrcmple                         0x00000631   Thumb Code    38  cdrcmple.o(.text)
    __scatterload                            0x00000659   Thumb Code    28  init.o(.text)
    __scatterload_rt2                        0x00000659   Thumb Code     0  init.o(.text)
    __aeabi_llsl                             0x0000067d   Thumb Code    32  llshl.o(.text)
    _ll_shift_l                              0x0000067d   Thumb Code     0  llshl.o(.text)
    __aeabi_llsr                             0x0000069d   Thumb Code    34  llushr.o(.text)
    _ll_ushift_r                             0x0000069d   Thumb Code     0  llushr.o(.text)
    __aeabi_lasr                             0x000006bf   Thumb Code    38  llsshr.o(.text)
    _ll_sshift_r                             0x000006bf   Thumb Code     0  llsshr.o(.text)
    _double_round                            0x000006e5   Thumb Code    26  depilogue.o(.text)
    _double_epilogue                         0x000006ff   Thumb Code   164  depilogue.o(.text)
    ADC_DAC_IRQHandler                       0x000007a3   Thumb Code    12  interrupts_hc32l19x.o(i.ADC_DAC_IRQHandler)
    CLKTRIM_IRQHandler                       0x000007af   Thumb Code     8  interrupts_hc32l19x.o(i.CLKTRIM_IRQHandler)
    DMAC_IRQHandler                          0x000007b7   Thumb Code     8  interrupts_hc32l19x.o(i.DMAC_IRQHandler)
    FLASH_RAM_IRQHandler                     0x000007bf   Thumb Code    12  interrupts_hc32l19x.o(i.FLASH_RAM_IRQHandler)
    Flash_WaitCycle                          0x000007cd   Thumb Code    38  flash.o(i.Flash_WaitCycle)
    HardFault_Handler                        0x00000801   Thumb Code    16  interrupts_hc32l19x.o(i.HardFault_Handler)
    I2C0_IRQHandler                          0x00000811   Thumb Code     8  interrupts_hc32l19x.o(i.I2C0_IRQHandler)
    I2C1_IRQHandler                          0x00000819   Thumb Code     8  interrupts_hc32l19x.o(i.I2C1_IRQHandler)
    LCD_IRQHandler                           0x00000821   Thumb Code     8  interrupts_hc32l19x.o(i.LCD_IRQHandler)
    LPTIM0_1_IRQHandler                      0x00000829   Thumb Code    12  interrupts_hc32l19x.o(i.LPTIM0_1_IRQHandler)
    LPUART0_IRQHandler                       0x00000835   Thumb Code     8  interrupts_hc32l19x.o(i.LPUART0_IRQHandler)
    LPUART1_IRQHandler                       0x0000083d   Thumb Code     8  interrupts_hc32l19x.o(i.LPUART1_IRQHandler)
    LVD_IRQHandler                           0x00000845   Thumb Code     8  interrupts_hc32l19x.o(i.LVD_IRQHandler)
    PCA_IRQHandler                           0x0000084d   Thumb Code     8  interrupts_hc32l19x.o(i.PCA_IRQHandler)
    PCNT_IRQHandler                          0x00000855   Thumb Code     8  interrupts_hc32l19x.o(i.PCNT_IRQHandler)
    PORTA_IRQHandler                         0x0000085d   Thumb Code     8  interrupts_hc32l19x.o(i.PORTA_IRQHandler)
    PORTB_IRQHandler                         0x00000865   Thumb Code     8  interrupts_hc32l19x.o(i.PORTB_IRQHandler)
    PORTC_E_IRQHandler                       0x0000086d   Thumb Code    12  interrupts_hc32l19x.o(i.PORTC_E_IRQHandler)
    PORTD_F_IRQHandler                       0x00000879   Thumb Code    12  interrupts_hc32l19x.o(i.PORTD_F_IRQHandler)
    PendSV_Handler                           0x00000885   Thumb Code     8  hc32l19x_it.o(i.PendSV_Handler)
    RTC_IRQHandler                           0x0000088d   Thumb Code     8  interrupts_hc32l19x.o(i.RTC_IRQHandler)
    SEGGER_RTT_Init                          0x00000895   Thumb Code     8  segger_rtt.o(i.SEGGER_RTT_Init)
    SEGGER_RTT_Write                         0x0000089d   Thumb Code    66  segger_rtt.o(i.SEGGER_RTT_Write)
    SEGGER_RTT_WriteNoLock                   0x000008e5   Thumb Code   128  segger_rtt.o(i.SEGGER_RTT_WriteNoLock)
    SPI0_IRQHandler                          0x00000969   Thumb Code     8  interrupts_hc32l19x.o(i.SPI0_IRQHandler)
    SPI1_IRQHandler                          0x00000971   Thumb Code     8  interrupts_hc32l19x.o(i.SPI1_IRQHandler)
    SVC_Handler                              0x00000979   Thumb Code     8  hc32l19x_it.o(i.SVC_Handler)
    SysTick_Handler                          0x00000981   Thumb Code     8  interrupts_hc32l19x.o(i.SysTick_Handler)
    SysTick_IRQHandler                       0x00000989   Thumb Code     8  hc32l19x_it.o(i.SysTick_IRQHandler)
    Sysctrl_ClkSourceEnable                  0x00000991   Thumb Code   348  sysctrl.o(i.Sysctrl_ClkSourceEnable)
    Sysctrl_GetHClkFreq                      0x00000afd   Thumb Code   354  sysctrl.o(i.Sysctrl_GetHClkFreq)
    Sysctrl_SetHCLKDiv                       0x00000c71   Thumb Code    36  sysctrl.o(i.Sysctrl_SetHCLKDiv)
    Sysctrl_SetPCLKDiv                       0x00000c99   Thumb Code    36  sysctrl.o(i.Sysctrl_SetPCLKDiv)
    Sysctrl_SetPLLFreq                       0x00000cc1   Thumb Code   258  sysctrl.o(i.Sysctrl_SetPLLFreq)
    Sysctrl_SetRCHTrim                       0x00000dd5   Thumb Code    32  sysctrl.o(i.Sysctrl_SetRCHTrim)
    Sysctrl_SysClkSwitch                     0x00000dfd   Thumb Code    40  sysctrl.o(i.Sysctrl_SysClkSwitch)
    SystemCoreClockUpdate                    0x00000e29   Thumb Code     8  system_hc32l19x.o(i.SystemCoreClockUpdate)
    SystemInit                               0x00000e39   Thumb Code     8  system_hc32l19x.o(i.SystemInit)
    TIM0_IRQHandler                          0x00000e41   Thumb Code     8  interrupts_hc32l19x.o(i.TIM0_IRQHandler)
    TIM1_IRQHandler                          0x00000e49   Thumb Code     8  interrupts_hc32l19x.o(i.TIM1_IRQHandler)
    TIM2_IRQHandler                          0x00000e51   Thumb Code     8  interrupts_hc32l19x.o(i.TIM2_IRQHandler)
    TIM3_IRQHandler                          0x00000e59   Thumb Code     8  interrupts_hc32l19x.o(i.TIM3_IRQHandler)
    TIM4_IRQHandler                          0x00000e61   Thumb Code     8  interrupts_hc32l19x.o(i.TIM4_IRQHandler)
    TIM5_IRQHandler                          0x00000e69   Thumb Code     8  interrupts_hc32l19x.o(i.TIM5_IRQHandler)
    TIM6_IRQHandler                          0x00000e71   Thumb Code     8  interrupts_hc32l19x.o(i.TIM6_IRQHandler)
    UART0_2_IRQHandler                       0x00000e79   Thumb Code    12  interrupts_hc32l19x.o(i.UART0_2_IRQHandler)
    UART1_3_IRQHandler                       0x00000e85   Thumb Code    12  interrupts_hc32l19x.o(i.UART1_3_IRQHandler)
    VC0_IRQHandler                           0x00000e91   Thumb Code     8  interrupts_hc32l19x.o(i.VC0_IRQHandler)
    VC1_2_IRQHandler                         0x00000e99   Thumb Code    12  interrupts_hc32l19x.o(i.VC1_2_IRQHandler)
    WDT_IRQHandler                           0x00000ea5   Thumb Code     8  interrupts_hc32l19x.o(i.WDT_IRQHandler)
    __0snprintf                              0x00001025   Thumb Code    50  printfa.o(i.__0snprintf)
    __1snprintf                              0x00001025   Thumb Code     0  printfa.o(i.__0snprintf)
    __2snprintf                              0x00001025   Thumb Code     0  printfa.o(i.__0snprintf)
    __c89snprintf                            0x00001025   Thumb Code     0  printfa.o(i.__0snprintf)
    snprintf                                 0x00001025   Thumb Code     0  printfa.o(i.__0snprintf)
    __0vsnprintf                             0x0000105d   Thumb Code    44  printfa.o(i.__0vsnprintf)
    __1vsnprintf                             0x0000105d   Thumb Code     0  printfa.o(i.__0vsnprintf)
    __2vsnprintf                             0x0000105d   Thumb Code     0  printfa.o(i.__0vsnprintf)
    __c89vsnprintf                           0x0000105d   Thumb Code     0  printfa.o(i.__0vsnprintf)
    vsnprintf                                0x0000105d   Thumb Code     0  printfa.o(i.__0vsnprintf)
    __ARM_clz                                0x0000108d   Thumb Code    46  depilogue.o(i.__ARM_clz)
    __ARM_common_switch8                     0x000010bb   Thumb Code    28  tasks.o(i.__ARM_common_switch8)
    __scatterload_copy                       0x000010d7   Thumb Code    14  handlers.o(i.__scatterload_copy)
    __scatterload_null                       0x000010e5   Thumb Code     2  handlers.o(i.__scatterload_null)
    __scatterload_zeroinit                   0x000010e7   Thumb Code    14  handlers.o(i.__scatterload_zeroinit)
    ddl_memclr                               0x00001a19   Thumb Code    32  ddl.o(i.ddl_memclr)
    delay10us                                0x00001a39   Thumb Code    74  ddl.o(i.delay10us)
    elog_get_filter_tag_lvl                  0x00001a95   Thumb Code   166  elog.o(i.elog_get_filter_tag_lvl)
    elog_init                                0x00001bb1   Thumb Code   128  elog.o(i.elog_init)
    elog_output                              0x00001c35   Thumb Code   902  elog.o(i.elog_output)
    elog_output_lock                         0x00002075   Thumb Code    30  elog.o(i.elog_output_lock)
    elog_output_lock_enabled                 0x00002099   Thumb Code    58  elog.o(i.elog_output_lock_enabled)
    elog_output_unlock                       0x000020d9   Thumb Code    30  elog.o(i.elog_output_unlock)
    elog_port_get_p_info                     0x000020fd   Thumb Code     4  elog_port.o(i.elog_port_get_p_info)
    elog_port_get_t_info                     0x00002105   Thumb Code     4  elog_port.o(i.elog_port_get_t_info)
    elog_port_get_time                       0x0000210d   Thumb Code     4  elog_port.o(i.elog_port_get_time)
    elog_port_init                           0x00002115   Thumb Code    12  elog_port.o(i.elog_port_init)
    elog_port_output                         0x00002121   Thumb Code    18  elog_port.o(i.elog_port_output)
    elog_port_output_lock                    0x00002133   Thumb Code     2  elog_port.o(i.elog_port_output_lock)
    elog_port_output_unlock                  0x00002135   Thumb Code     2  elog_port.o(i.elog_port_output_unlock)
    elog_set_filter_lvl                      0x00002139   Thumb Code    76  elog.o(i.elog_set_filter_lvl)
    elog_set_fmt                             0x0000223d   Thumb Code    80  elog.o(i.elog_set_fmt)
    elog_set_output_enabled                  0x00002309   Thumb Code    80  elog.o(i.elog_set_output_enabled)
    elog_set_text_color_enabled              0x000023e1   Thumb Code    80  elog.o(i.elog_set_text_color_enabled)
    elog_start                               0x000024b9   Thumb Code    48  elog.o(i.elog_start)
    elog_strcpy                              0x00002551   Thumb Code   168  elog_utils.o(i.elog_strcpy)
    main                                     0x00002779   Thumb Code   104  main.o(i.main)
    pvPortMalloc                             0x00002da9   Thumb Code   442  heap_4.o(i.pvPortMalloc)
    pxPortInitialiseStack                    0x00002f81   Thumb Code    26  port.o(i.pxPortInitialiseStack)
    uxListRemove                             0x00003059   Thumb Code    40  list.o(i.uxListRemove)
    vListInitialise                          0x00003081   Thumb Code    26  list.o(i.vListInitialise)
    vListInitialiseItem                      0x0000309b   Thumb Code     6  list.o(i.vListInitialiseItem)
    vListInsert                              0x000030a1   Thumb Code    54  list.o(i.vListInsert)
    vPortEnterCritical                       0x000030d9   Thumb Code    22  port.o(i.vPortEnterCritical)
    vPortExitCritical                        0x000030f5   Thumb Code    40  port.o(i.vPortExitCritical)
    vPortFree                                0x00003121   Thumb Code   150  heap_4.o(i.vPortFree)
    vPortSVCHandler                          0x000031c9   Thumb Code     2  port.o(i.vPortSVCHandler)
    vPortSetupTimerInterrupt                 0x000031cd   Thumb Code    18  port.o(i.vPortSetupTimerInterrupt)
    vPortYield                               0x000031e9   Thumb Code    18  port.o(i.vPortYield)
    vTaskDelay                               0x00003201   Thumb Code    64  tasks.o(i.vTaskDelay)
    vTaskStartScheduler                      0x00003245   Thumb Code    72  tasks.o(i.vTaskStartScheduler)
    vTaskSuspendAll                          0x0000329d   Thumb Code    12  tasks.o(i.vTaskSuspendAll)
    vTaskSwitchContext                       0x000032ad   Thumb Code   120  tasks.o(i.vTaskSwitchContext)
    xPortStartScheduler                      0x00003339   Thumb Code    48  port.o(i.xPortStartScheduler)
    xPortSysTickHandler                      0x00003371   Thumb Code    32  port.o(i.xPortSysTickHandler)
    xTaskCreate                              0x00003395   Thumb Code    50  tasks.o(i.xTaskCreate)
    xTaskIncrementTick                       0x000033c9   Thumb Code   404  tasks.o(i.xTaskIncrementTick)
    xTaskResumeAll                           0x00003589   Thumb Code   364  tasks.o(i.xTaskResumeAll)
    Region$$Table$$Base                      0x0000389c   Number         0  anon$$obj.o(Region$$Table)
    Region$$Table$$Limit                     0x000038bc   Number         0  anon$$obj.o(Region$$Table)
    pxCurrentTCB                             0x20000000   Data           4  tasks.o(.data)
    SystemCoreClock                          0x20000060   Data           4  system_hc32l19x.o(.data)
    elog_assert_hook                         0x20000094   Data           4  elog.o(.data)
    _SEGGER_RTT                              0x2000537c   Data          72  segger_rtt.o(.bss)
    __initial_sp                             0x20005ed0   Data           0  startup_hc32l19x.o(STACK)



==============================================================================

Memory Map of the image

  Image Entry point : 0x000000c1

  Load Region LR_IROM1 (Base: 0x00000000, Size: 0x00003954, Max: 0x00040000, ABSOLUTE)

    Execution Region ER_IROM1 (Exec base: 0x00000000, Load base: 0x00000000, Size: 0x000038bc, Max: 0x00040000, ABSOLUTE)

    Exec Addr    Load Addr    Size         Type   Attr      Idx    E Section Name        Object

    0x00000000   0x00000000   0x000000c0   Data   RO            3    RESET               startup_hc32l19x.o
    0x000000c0   0x000000c0   0x00000000   Code   RO         5838  * .ARM.Collect$$$$00000000  mc_p.l(entry.o)
    0x000000c0   0x000000c0   0x00000004   Code   RO         6134    .ARM.Collect$$$$00000001  mc_p.l(entry2.o)
    0x000000c4   0x000000c4   0x00000004   Code   RO         6137    .ARM.Collect$$$$00000004  mc_p.l(entry5.o)
    0x000000c8   0x000000c8   0x00000000   Code   RO         6139    .ARM.Collect$$$$00000008  mc_p.l(entry7b.o)
    0x000000c8   0x000000c8   0x00000000   Code   RO         6141    .ARM.Collect$$$$0000000A  mc_p.l(entry8b.o)
    0x000000c8   0x000000c8   0x00000008   Code   RO         6142    .ARM.Collect$$$$0000000B  mc_p.l(entry9a.o)
    0x000000d0   0x000000d0   0x00000004   Code   RO         6149    .ARM.Collect$$$$0000000E  mc_p.l(entry12b.o)
    0x000000d4   0x000000d4   0x00000000   Code   RO         6144    .ARM.Collect$$$$0000000F  mc_p.l(entry10a.o)
    0x000000d4   0x000000d4   0x00000000   Code   RO         6146    .ARM.Collect$$$$00000011  mc_p.l(entry11a.o)
    0x000000d4   0x000000d4   0x00000004   Code   RO         6135    .ARM.Collect$$$$00002712  mc_p.l(entry2.o)
    0x000000d8   0x000000d8   0x00000078   Code   RO          930    .emb_text           port.o
    0x00000150   0x00000150   0x0000003c   Code   RO            4    .text               startup_hc32l19x.o
    0x0000018c   0x0000018c   0x0000002c   Code   RO         5841    .text               mc_p.l(uidiv.o)
    0x000001b8   0x000001b8   0x00000024   Code   RO         5845    .text               mc_p.l(memcpya.o)
    0x000001dc   0x000001dc   0x00000024   Code   RO         5849    .text               mc_p.l(memseta.o)
    0x00000200   0x00000200   0x00000028   Code   RO         5851    .text               mc_p.l(strstr.o)
    0x00000228   0x00000228   0x0000000e   Code   RO         5855    .text               mc_p.l(strlen.o)
    0x00000236   0x00000236   0x00000012   Code   RO         5859    .text               mc_p.l(strcpy.o)
    0x00000248   0x00000248   0x0000001e   Code   RO         5861    .text               mc_p.l(strncmp.o)
    0x00000266   0x00000266   0x00000060   Code   RO         6153    .text               mc_p.l(uldiv.o)
    0x000002c6   0x000002c6   0x00000000   Code   RO         6155    .text               mc_p.l(iusefp.o)
    0x000002c6   0x000002c6   0x00000002   PAD
    0x000002c8   0x000002c8   0x00000168   Code   RO         6158    .text               mf_p.l(dadd.o)
    0x00000430   0x00000430   0x000000d0   Code   RO         6160    .text               mf_p.l(dmul.o)
    0x00000500   0x00000500   0x000000f0   Code   RO         6162    .text               mf_p.l(ddiv.o)
    0x000005f0   0x000005f0   0x00000040   Code   RO         6164    .text               mf_p.l(dfixul.o)
    0x00000630   0x00000630   0x00000028   Code   RO         6166    .text               mf_p.l(cdrcmple.o)
    0x00000658   0x00000658   0x00000024   Code   RO         6168    .text               mc_p.l(init.o)
    0x0000067c   0x0000067c   0x00000020   Code   RO         6171    .text               mc_p.l(llshl.o)
    0x0000069c   0x0000069c   0x00000022   Code   RO         6173    .text               mc_p.l(llushr.o)
    0x000006be   0x000006be   0x00000026   Code   RO         6175    .text               mc_p.l(llsshr.o)
    0x000006e4   0x000006e4   0x000000be   Code   RO         6178    .text               mf_p.l(depilogue.o)
    0x000007a2   0x000007a2   0x0000000c   Code   RO         4939    i.ADC_DAC_IRQHandler  interrupts_hc32l19x.o
    0x000007ae   0x000007ae   0x00000008   Code   RO         4940    i.CLKTRIM_IRQHandler  interrupts_hc32l19x.o
    0x000007b6   0x000007b6   0x00000008   Code   RO         4941    i.DMAC_IRQHandler   interrupts_hc32l19x.o
    0x000007be   0x000007be   0x0000000c   Code   RO         4943    i.FLASH_RAM_IRQHandler  interrupts_hc32l19x.o
    0x000007ca   0x000007ca   0x00000002   PAD
    0x000007cc   0x000007cc   0x00000034   Code   RO         2804    i.Flash_WaitCycle   flash.o
    0x00000800   0x00000800   0x00000010   Code   RO         4944    i.HardFault_Handler  interrupts_hc32l19x.o
    0x00000810   0x00000810   0x00000008   Code   RO         4945    i.I2C0_IRQHandler   interrupts_hc32l19x.o
    0x00000818   0x00000818   0x00000008   Code   RO         4946    i.I2C1_IRQHandler   interrupts_hc32l19x.o
    0x00000820   0x00000820   0x00000008   Code   RO         4947    i.LCD_IRQHandler    interrupts_hc32l19x.o
    0x00000828   0x00000828   0x0000000c   Code   RO         4948    i.LPTIM0_1_IRQHandler  interrupts_hc32l19x.o
    0x00000834   0x00000834   0x00000008   Code   RO         4949    i.LPUART0_IRQHandler  interrupts_hc32l19x.o
    0x0000083c   0x0000083c   0x00000008   Code   RO         4950    i.LPUART1_IRQHandler  interrupts_hc32l19x.o
    0x00000844   0x00000844   0x00000008   Code   RO         4951    i.LVD_IRQHandler    interrupts_hc32l19x.o
    0x0000084c   0x0000084c   0x00000008   Code   RO         4952    i.PCA_IRQHandler    interrupts_hc32l19x.o
    0x00000854   0x00000854   0x00000008   Code   RO         4953    i.PCNT_IRQHandler   interrupts_hc32l19x.o
    0x0000085c   0x0000085c   0x00000008   Code   RO         4954    i.PORTA_IRQHandler  interrupts_hc32l19x.o
    0x00000864   0x00000864   0x00000008   Code   RO         4955    i.PORTB_IRQHandler  interrupts_hc32l19x.o
    0x0000086c   0x0000086c   0x0000000c   Code   RO         4956    i.PORTC_E_IRQHandler  interrupts_hc32l19x.o
    0x00000878   0x00000878   0x0000000c   Code   RO         4957    i.PORTD_F_IRQHandler  interrupts_hc32l19x.o
    0x00000884   0x00000884   0x00000008   Code   RO          145    i.PendSV_Handler    hc32l19x_it.o
    0x0000088c   0x0000088c   0x00000008   Code   RO         4958    i.RTC_IRQHandler    interrupts_hc32l19x.o
    0x00000894   0x00000894   0x00000008   Code   RO         5211    i.SEGGER_RTT_Init   segger_rtt.o
    0x0000089c   0x0000089c   0x00000048   Code   RO         5227    i.SEGGER_RTT_Write  segger_rtt.o
    0x000008e4   0x000008e4   0x00000084   Code   RO         5230    i.SEGGER_RTT_WriteNoLock  segger_rtt.o
    0x00000968   0x00000968   0x00000008   Code   RO         4959    i.SPI0_IRQHandler   interrupts_hc32l19x.o
    0x00000970   0x00000970   0x00000008   Code   RO         4960    i.SPI1_IRQHandler   interrupts_hc32l19x.o
    0x00000978   0x00000978   0x00000008   Code   RO          146    i.SVC_Handler       hc32l19x_it.o
    0x00000980   0x00000980   0x00000008   Code   RO         4961    i.SysTick_Handler   interrupts_hc32l19x.o
    0x00000988   0x00000988   0x00000008   Code   RO          147    i.SysTick_IRQHandler  hc32l19x_it.o
    0x00000990   0x00000990   0x0000016c   Code   RO         4096    i.Sysctrl_ClkSourceEnable  sysctrl.o
    0x00000afc   0x00000afc   0x00000174   Code   RO         4097    i.Sysctrl_GetHClkFreq  sysctrl.o
    0x00000c70   0x00000c70   0x00000028   Code   RO         4101    i.Sysctrl_SetHCLKDiv  sysctrl.o
    0x00000c98   0x00000c98   0x00000028   Code   RO         4102    i.Sysctrl_SetPCLKDiv  sysctrl.o
    0x00000cc0   0x00000cc0   0x00000114   Code   RO         4103    i.Sysctrl_SetPLLFreq  sysctrl.o
    0x00000dd4   0x00000dd4   0x00000028   Code   RO         4106    i.Sysctrl_SetRCHTrim  sysctrl.o
    0x00000dfc   0x00000dfc   0x0000002c   Code   RO         4113    i.Sysctrl_SysClkSwitch  sysctrl.o
    0x00000e28   0x00000e28   0x00000010   Code   RO         5171    i.SystemCoreClockUpdate  system_hc32l19x.o
    0x00000e38   0x00000e38   0x00000008   Code   RO         5172    i.SystemInit        system_hc32l19x.o
    0x00000e40   0x00000e40   0x00000008   Code   RO         4962    i.TIM0_IRQHandler   interrupts_hc32l19x.o
    0x00000e48   0x00000e48   0x00000008   Code   RO         4963    i.TIM1_IRQHandler   interrupts_hc32l19x.o
    0x00000e50   0x00000e50   0x00000008   Code   RO         4964    i.TIM2_IRQHandler   interrupts_hc32l19x.o
    0x00000e58   0x00000e58   0x00000008   Code   RO         4965    i.TIM3_IRQHandler   interrupts_hc32l19x.o
    0x00000e60   0x00000e60   0x00000008   Code   RO         4966    i.TIM4_IRQHandler   interrupts_hc32l19x.o
    0x00000e68   0x00000e68   0x00000008   Code   RO         4967    i.TIM5_IRQHandler   interrupts_hc32l19x.o
    0x00000e70   0x00000e70   0x00000008   Code   RO         4968    i.TIM6_IRQHandler   interrupts_hc32l19x.o
    0x00000e78   0x00000e78   0x0000000c   Code   RO         4969    i.UART0_2_IRQHandler  interrupts_hc32l19x.o
    0x00000e84   0x00000e84   0x0000000c   Code   RO         4970    i.UART1_3_IRQHandler  interrupts_hc32l19x.o
    0x00000e90   0x00000e90   0x00000008   Code   RO         4971    i.VC0_IRQHandler    interrupts_hc32l19x.o
    0x00000e98   0x00000e98   0x0000000c   Code   RO         4972    i.VC1_2_IRQHandler  interrupts_hc32l19x.o
    0x00000ea4   0x00000ea4   0x00000008   Code   RO         4973    i.WDT_IRQHandler    interrupts_hc32l19x.o
    0x00000eac   0x00000eac   0x00000070   Code   RO         5234    i._DoInit           segger_rtt.o
    0x00000f1c   0x00000f1c   0x0000001c   Code   RO         5235    i._GetAvailWriteSpace  segger_rtt.o
    0x00000f38   0x00000f38   0x00000018   Code   RO         4116    i._SysctrlUnlock    sysctrl.o
    0x00000f50   0x00000f50   0x0000007e   Code   RO         5237    i._WriteBlocking    segger_rtt.o
    0x00000fce   0x00000fce   0x00000056   Code   RO         5238    i._WriteNoCheck     segger_rtt.o
    0x00001024   0x00001024   0x00000038   Code   RO         6099    i.__0snprintf       mc_p.l(printfa.o)
    0x0000105c   0x0000105c   0x00000030   Code   RO         6103    i.__0vsnprintf      mc_p.l(printfa.o)
    0x0000108c   0x0000108c   0x0000002e   Code   RO         6180    i.__ARM_clz         mf_p.l(depilogue.o)
    0x000010ba   0x000010ba   0x0000001c   Code   RO          609    i.__ARM_common_switch8  tasks.o
    0x000010d6   0x000010d6   0x0000000e   Code   RO         6184    i.__scatterload_copy  mc_p.l(handlers.o)
    0x000010e4   0x000010e4   0x00000002   Code   RO         6185    i.__scatterload_null  mc_p.l(handlers.o)
    0x000010e6   0x000010e6   0x0000000e   Code   RO         6186    i.__scatterload_zeroinit  mc_p.l(handlers.o)
    0x000010f4   0x000010f4   0x00000174   Code   RO         6105    i._fp_digits        mc_p.l(printfa.o)
    0x00001268   0x00001268   0x000006f0   Code   RO         6106    i._printf_core      mc_p.l(printfa.o)
    0x00001958   0x00001958   0x00000020   Code   RO         6107    i._printf_post_padding  mc_p.l(printfa.o)
    0x00001978   0x00001978   0x0000002c   Code   RO         6108    i._printf_pre_padding  mc_p.l(printfa.o)
    0x000019a4   0x000019a4   0x00000016   Code   RO         6109    i._snputc           mc_p.l(printfa.o)
    0x000019ba   0x000019ba   0x00000002   PAD
    0x000019bc   0x000019bc   0x0000005c   Code   RO           12    i.clock_init        main.o
    0x00001a18   0x00001a18   0x00000020   Code   RO         2545    i.ddl_memclr        ddl.o
    0x00001a38   0x00001a38   0x0000005c   Code   RO         2547    i.delay10us         ddl.o
    0x00001a94   0x00001a94   0x0000011c   Code   RO         5550    i.elog_get_filter_tag_lvl  elog.o
    0x00001bb0   0x00001bb0   0x00000084   Code   RO         5554    i.elog_init         elog.o
    0x00001c34   0x00001c34   0x00000440   Code   RO         5555    i.elog_output       elog.o
    0x00002074   0x00002074   0x00000024   Code   RO         5556    i.elog_output_lock  elog.o
    0x00002098   0x00002098   0x00000040   Code   RO         5557    i.elog_output_lock_enabled  elog.o
    0x000020d8   0x000020d8   0x00000024   Code   RO         5558    i.elog_output_unlock  elog.o
    0x000020fc   0x000020fc   0x00000008   Code   RO         5482    i.elog_port_get_p_info  elog_port.o
    0x00002104   0x00002104   0x00000008   Code   RO         5483    i.elog_port_get_t_info  elog_port.o
    0x0000210c   0x0000210c   0x00000008   Code   RO         5484    i.elog_port_get_time  elog_port.o
    0x00002114   0x00002114   0x0000000c   Code   RO         5485    i.elog_port_init    elog_port.o
    0x00002120   0x00002120   0x00000012   Code   RO         5486    i.elog_port_output  elog_port.o
    0x00002132   0x00002132   0x00000002   Code   RO         5487    i.elog_port_output_lock  elog_port.o
    0x00002134   0x00002134   0x00000002   Code   RO         5488    i.elog_port_output_unlock  elog_port.o
    0x00002136   0x00002136   0x00000002   PAD
    0x00002138   0x00002138   0x000000c8   Code   RO         5562    i.elog_set_filter_lvl  elog.o
    0x00002200   0x00002200   0x0000003c   Code   RO         5565    i.elog_set_filter_tag_lvl_default  elog.o
    0x0000223c   0x0000223c   0x000000cc   Code   RO         5566    i.elog_set_fmt      elog.o
    0x00002308   0x00002308   0x000000d8   Code   RO         5567    i.elog_set_output_enabled  elog.o
    0x000023e0   0x000023e0   0x000000d8   Code   RO         5568    i.elog_set_text_color_enabled  elog.o
    0x000024b8   0x000024b8   0x00000098   Code   RO         5569    i.elog_start        elog.o
    0x00002550   0x00002550   0x00000110   Code   RO         5742    i.elog_strcpy       elog_utils.o
    0x00002660   0x00002660   0x000000d8   Code   RO         5571    i.get_fmt_enabled   elog.o
    0x00002738   0x00002738   0x00000020   Code   RO         5572    i.get_fmt_used_and_enabled_ptr  elog.o
    0x00002758   0x00002758   0x00000020   Code   RO         5573    i.get_fmt_used_and_enabled_u32  elog.o
    0x00002778   0x00002778   0x000000d4   Code   RO           13    i.main              main.o
    0x0000284c   0x0000284c   0x000000b0   Code   RO          188    i.prvAddCurrentTaskToDelayedList  tasks.o
    0x000028fc   0x000028fc   0x000000e8   Code   RO          189    i.prvAddNewTaskToReadyList  tasks.o
    0x000029e4   0x000029e4   0x00000048   Code   RO          190    i.prvCheckTasksWaitingTermination  tasks.o
    0x00002a2c   0x00002a2c   0x0000006c   Code   RO          191    i.prvCreateIdleTasks  tasks.o
    0x00002a98   0x00002a98   0x00000058   Code   RO          192    i.prvCreateTask     tasks.o
    0x00002af0   0x00002af0   0x00000012   Code   RO          193    i.prvDeleteTCB      tasks.o
    0x00002b02   0x00002b02   0x00000002   PAD
    0x00002b04   0x00002b04   0x00000070   Code   RO         1009    i.prvHeapInit       heap_4.o
    0x00002b74   0x00002b74   0x00000018   Code   RO          194    i.prvIdleTask       tasks.o
    0x00002b8c   0x00002b8c   0x000000c2   Code   RO          195    i.prvInitialiseNewTask  tasks.o
    0x00002c4e   0x00002c4e   0x00000002   PAD
    0x00002c50   0x00002c50   0x00000064   Code   RO          196    i.prvInitialiseTaskLists  tasks.o
    0x00002cb4   0x00002cb4   0x00000098   Code   RO         1010    i.prvInsertBlockIntoFreeList  heap_4.o
    0x00002d4c   0x00002d4c   0x00000034   Code   RO          198    i.prvResetNextTaskUnblockTime  tasks.o
    0x00002d80   0x00002d80   0x00000028   Code   RO          931    i.prvTaskExitError  port.o
    0x00002da8   0x00002da8   0x000001d8   Code   RO         1012    i.pvPortMalloc      heap_4.o
    0x00002f80   0x00002f80   0x00000020   Code   RO          932    i.pxPortInitialiseStack  port.o
    0x00002fa0   0x00002fa0   0x0000005c   Code   RO           14    i.task_log_1s       main.o
    0x00002ffc   0x00002ffc   0x0000005c   Code   RO           15    i.task_log_2s       main.o
    0x00003058   0x00003058   0x00000028   Code   RO          886    i.uxListRemove      list.o
    0x00003080   0x00003080   0x0000001a   Code   RO          887    i.vListInitialise   list.o
    0x0000309a   0x0000309a   0x00000006   Code   RO          888    i.vListInitialiseItem  list.o
    0x000030a0   0x000030a0   0x00000036   Code   RO          889    i.vListInsert       list.o
    0x000030d6   0x000030d6   0x00000002   PAD
    0x000030d8   0x000030d8   0x0000001c   Code   RO          934    i.vPortEnterCritical  port.o
    0x000030f4   0x000030f4   0x0000002c   Code   RO          935    i.vPortExitCritical  port.o
    0x00003120   0x00003120   0x000000a8   Code   RO         1013    i.vPortFree         heap_4.o
    0x000031c8   0x000031c8   0x00000002   Code   RO          936    i.vPortSVCHandler   port.o
    0x000031ca   0x000031ca   0x00000002   PAD
    0x000031cc   0x000031cc   0x0000001c   Code   RO          937    i.vPortSetupTimerInterrupt  port.o
    0x000031e8   0x000031e8   0x00000018   Code   RO          938    i.vPortYield        port.o
    0x00003200   0x00003200   0x00000044   Code   RO          216    i.vTaskDelay        tasks.o
    0x00003244   0x00003244   0x00000058   Code   RO          233    i.vTaskStartScheduler  tasks.o
    0x0000329c   0x0000329c   0x00000010   Code   RO          235    i.vTaskSuspendAll   tasks.o
    0x000032ac   0x000032ac   0x0000008c   Code   RO          236    i.vTaskSwitchContext  tasks.o
    0x00003338   0x00003338   0x00000038   Code   RO          939    i.xPortStartScheduler  port.o
    0x00003370   0x00003370   0x00000024   Code   RO          940    i.xPortSysTickHandler  port.o
    0x00003394   0x00003394   0x00000032   Code   RO          239    i.xTaskCreate       tasks.o
    0x000033c6   0x000033c6   0x00000002   PAD
    0x000033c8   0x000033c8   0x000001c0   Code   RO          251    i.xTaskIncrementTick  tasks.o
    0x00003588   0x00003588   0x0000018c   Code   RO          255    i.xTaskResumeAll    tasks.o
    0x00003714   0x00003714   0x0000001d   Data   RO           16    .constdata          main.o
    0x00003731   0x00003731   0x00000003   PAD
    0x00003734   0x00003734   0x00000018   Data   RO         4117    .constdata          sysctrl.o
    0x0000374c   0x0000374c   0x000000e2   Data   RO         5575    .constdata          elog.o
    0x0000382e   0x0000382e   0x00000023   Data   RO         5743    .constdata          elog_utils.o
    0x00003851   0x00003851   0x00000003   PAD
    0x00003854   0x00003854   0x00000046   Data   RO         5576    .conststring        elog.o
    0x0000389a   0x0000389a   0x00000002   PAD
    0x0000389c   0x0000389c   0x00000020   Data   RO         6182    Region$$Table       anon$$obj.o


    Execution Region RW_IRAM1 (Exec base: 0x20000000, Load base: 0x000038bc, Size: 0x00005ed0, Max: 0x00008000, ABSOLUTE)

    Exec Addr    Load Addr    Size         Type   Attr      Idx    E Section Name        Object

    0x20000000   0x000038bc   0x00000040   Data   RW          258    .data               tasks.o
    0x20000040   0x000038fc   0x00000004   Data   RW          941    .data               port.o
    0x20000044   0x00003900   0x0000001c   Data   RW         1020    .data               heap_4.o
    0x20000060   0x0000391c   0x00000004   Data   RW         5173    .data               system_hc32l19x.o
    0x20000064   0x00003920   0x00000034   Data   RW         5577    .data               elog.o
    0x20000098        -       0x000002e4   Zero   RW          257    .bss                tasks.o
    0x2000037c        -       0x00005000   Zero   RW         1019    .bss                heap_4.o
    0x2000537c        -       0x00000458   Zero   RW         5239    .bss                segger_rtt.o
    0x200057d4        -       0x000004f8   Zero   RW         5574    .bss                elog.o
    0x20005ccc   0x00003954   0x00000004   PAD
    0x20005cd0        -       0x00000200   Zero   RW            1    STACK               startup_hc32l19x.o


==============================================================================

Image component sizes


      Code (inc. data)   RO Data    RW Data    ZI Data      Debug   Object Name

       124         18          0          0          0       1545   ddl.o
      2968       1078        296         52       1272      18716   elog.o
        58         12          0          0          0       7024   elog_port.o
       272        104         35          0          0       2661   elog_utils.o
        52         14          0          0          0        586   flash.o
        24          0          0          0          0       1864   hc32l19x_it.o
       904         88          0         28      20480       5587   heap_4.o
       312          0          0          0          0      17280   interrupts_hc32l19x.o
       126          0          0          0          0       2661   list.o
       488        228         29          0          0      20539   main.o
       410         58          0          4          0       6567   port.o
       564         48          0          0       1112      10316   segger_rtt.o
        60         22        192          0        512        624   startup_hc32l19x.o
      1200        100         24          0          0       6379   sysctrl.o
        24          8          0          4          0       1111   system_hc32l19x.o
      2298        246          0         64        740      26341   tasks.o

    ----------------------------------------------------------------------
      9898       2024        616        152      24120     129801   Object Totals
         0          0         32          0          0          0   (incl. Generated)
        14          0          8          0          4          0   (incl. Padding)

    ----------------------------------------------------------------------

      Code (inc. data)   RO Data    RW Data    ZI Data      Debug   Library Member Name

         0          0          0          0          0          0   entry.o
         0          0          0          0          0          0   entry10a.o
         0          0          0          0          0          0   entry11a.o
         4          0          0          0          0          0   entry12b.o
         8          4          0          0          0          0   entry2.o
         4          0          0          0          0          0   entry5.o
         0          0          0          0          0          0   entry7b.o
         0          0          0          0          0          0   entry8b.o
         8          4          0          0          0          0   entry9a.o
        30          0          0          0          0          0   handlers.o
        36          8          0          0          0         68   init.o
         0          0          0          0          0          0   iusefp.o
        32          0          0          0          0         68   llshl.o
        38          0          0          0          0         68   llsshr.o
        34          0          0          0          0         68   llushr.o
        36          0          0          0          0         60   memcpya.o
        36          0          0          0          0        100   memseta.o
      2350        100          0          0          0        552   printfa.o
        18          0          0          0          0         60   strcpy.o
        14          0          0          0          0         60   strlen.o
        30          0          0          0          0         72   strncmp.o
        40          0          0          0          0         72   strstr.o
        44          0          0          0          0         72   uidiv.o
        96          0          0          0          0         84   uldiv.o
        40          2          0          0          0         68   cdrcmple.o
       360          6          0          0          0        140   dadd.o
       240          6          0          0          0         84   ddiv.o
       236          0          0          0          0        216   depilogue.o
        64         10          0          0          0         68   dfixul.o
       208          6          0          0          0         88   dmul.o

    ----------------------------------------------------------------------
      4010        146          0          0          0       2068   Library Totals
         4          0          0          0          0          0   (incl. Padding)

    ----------------------------------------------------------------------

      Code (inc. data)   RO Data    RW Data    ZI Data      Debug   Library Name

      2858        116          0          0          0       1404   mc_p.l
      1148         30          0          0          0        664   mf_p.l

    ----------------------------------------------------------------------
      4010        146          0          0          0       2068   Library Totals

    ----------------------------------------------------------------------

==============================================================================


      Code (inc. data)   RO Data    RW Data    ZI Data      Debug   

     13908       2170        616        152      24120     125933   Grand Totals
     13908       2170        616        152      24120     125933   ELF Image Totals
     13908       2170        616        152          0          0   ROM Totals

==============================================================================

    Total RO  Size (Code + RO Data)                14524 (  14.18kB)
    Total RW  Size (RW Data + ZI Data)             24272 (  23.70kB)
    Total ROM Size (Code + RO Data + RW Data)      14676 (  14.33kB)

==============================================================================

